ARM Linker, 5.03 [Build 24] [MDK-ARM Standard]

==============================================================================

Section Cross References

    startup_stm32f10x_md.o(RESET) refers to startup_stm32f10x_md.o(STACK) for __initial_sp
    startup_stm32f10x_md.o(RESET) refers to startup_stm32f10x_md.o(.text) for Reset_Handler
    startup_stm32f10x_md.o(RESET) refers to stm32f10x_it.o(i.NMI_Handler) for NMI_Handler
    startup_stm32f10x_md.o(RESET) refers to stm32f10x_it.o(i.HardFault_Handler) for HardFault_Handler
    startup_stm32f10x_md.o(RESET) refers to stm32f10x_it.o(i.MemManage_Handler) for MemManage_Handler
    startup_stm32f10x_md.o(RESET) refers to stm32f10x_it.o(i.BusFault_Handler) for BusFault_Handler
    startup_stm32f10x_md.o(RESET) refers to stm32f10x_it.o(i.UsageFault_Handler) for UsageFault_Handler
    startup_stm32f10x_md.o(RESET) refers to port.o(.emb_text) for vPortSVCHandler
    startup_stm32f10x_md.o(RESET) refers to stm32f10x_it.o(i.DebugMon_Handler) for DebugMon_Handler
    startup_stm32f10x_md.o(RESET) refers to port.o(i.xPortSysTickHandler) for xPortSysTickHandler
    startup_stm32f10x_md.o(RESET) refers to charger.o(i.USB_LP_CAN1_RX0_IRQHandler) for USB_LP_CAN1_RX0_IRQHandler
    startup_stm32f10x_md.o(RESET) refers to tim.o(i.TIM2_IRQHandler) for TIM2_IRQHandler
    startup_stm32f10x_md.o(RESET) refers to tim.o(i.TIM3_IRQHandler) for TIM3_IRQHandler
    startup_stm32f10x_md.o(RESET) refers to usart.o(i.USART2_IRQHandler) for USART2_IRQHandler
    startup_stm32f10x_md.o(RESET) refers to irda.o(i.USART3_IRQHandler) for USART3_IRQHandler
    startup_stm32f10x_md.o(.text) refers to entry.o(.ARM.Collect$$$$00000000) for __main
    main.o(i.canChargeTask) refers to stm32f10x_gpio.o(i.GPIO_SetBits) for GPIO_SetBits
    main.o(i.canChargeTask) refers to stm32f10x_gpio.o(i.GPIO_ResetBits) for GPIO_ResetBits
    main.o(i.canChargeTask) refers to charger.o(i.chargerCTRLLoop) for chargerCTRLLoop
    main.o(i.canChargeTask) refers to tasks.o(i.vTaskDelay) for vTaskDelay
    main.o(i.canChargeTask) refers to main.o(.data) for .data
    main.o(i.initShowStrings) refers to lcd.o(i.lcdShowString) for lcdShowString
    main.o(i.lcdShowElectricity) refers to charger.o(i.getCurr) for getCurr
    main.o(i.lcdShowElectricity) refers to lcd.o(i.lcdShowHex) for lcdShowHex
    main.o(i.main) refers to system_stm32f10x.o(i.SystemInit) for SystemInit
    main.o(i.main) refers to key.o(i.keyInit) for keyInit
    main.o(i.main) refers to led.o(i.ledGpioConfig) for ledGpioConfig
    main.o(i.main) refers to can.o(i.canGpioConfig) for canGpioConfig
    main.o(i.main) refers to spi.o(i.spiInit) for spiInit
    main.o(i.main) refers to can.o(i.canInit) for canInit
    main.o(i.main) refers to usart.o(i.usartConfig) for usartConfig
    main.o(i.main) refers to nvicconfig.o(i.nvicConfig) for nvicConfig
    main.o(i.main) refers to tim.o(i.TIM2_Configuration) for TIM2_Configuration
    main.o(i.main) refers to tim.o(i.TIM3_Configuration) for TIM3_Configuration
    main.o(i.main) refers to queue.o(i.xQueueGenericCreate) for xQueueGenericCreate
    main.o(i.main) refers to tasks.o(i.xTaskCreate) for xTaskCreate
    main.o(i.main) refers to tasks.o(i.vTaskStartScheduler) for vTaskStartScheduler
    main.o(i.main) refers to main.o(.data) for .data
    main.o(i.main) refers to main.o(i.spiLcdTask) for spiLcdTask
    main.o(i.main) refers to main.o(i.usartIrdaTask) for usartIrdaTask
    main.o(i.main) refers to main.o(i.canChargeTask) for canChargeTask
    main.o(i.spiLcdTask) refers to tasks.o(i.vTaskDelay) for vTaskDelay
    main.o(i.spiLcdTask) refers to lcd.o(i.lcdInit) for lcdInit
    main.o(i.spiLcdTask) refers to main.o(i.initShowStrings) for initShowStrings
    main.o(i.spiLcdTask) refers to printfa.o(i.__0sprintf) for __2sprintf
    main.o(i.spiLcdTask) refers to lcd.o(i.lcdShowString) for lcdShowString
    main.o(i.spiLcdTask) refers to ffltui.o(.text) for __aeabi_ui2f
    main.o(i.spiLcdTask) refers to fdiv.o(.text) for __aeabi_fdiv
    main.o(i.spiLcdTask) refers to lcd.o(i.lcdShowNumber) for lcdShowNumber
    main.o(i.spiLcdTask) refers to main.o(i.lcdShowElectricity) for lcdShowElectricity
    main.o(i.spiLcdTask) refers to main.o(.data) for .data
    main.o(i.spiLcdTask) refers to tim.o(.data) for ChargerTimeCount
    main.o(i.ttlLcdTask) refers to tasks.o(i.vTaskDelay) for vTaskDelay
    main.o(i.ttlLcdTask) refers to usart.o(i.USART_OUT) for USART_OUT
    main.o(i.ttlLcdTask) refers to ttllcd.o(i.ttlLcdMsgSed) for ttlLcdMsgSed
    main.o(i.usartIrdaTask) refers to irda.o(i.rcvMsgFromIrda) for rcvMsgFromIrda
    main.o(i.usartIrdaTask) refers to irda.o(i.msgFeedBackToIrda) for msgFeedBackToIrda
    main.o(i.usartIrdaTask) refers to charger.o(i.agvConnectSetCmd) for agvConnectSetCmd
    main.o(i.usartIrdaTask) refers to charger.o(i.agvOpenSetCmd) for agvOpenSetCmd
    main.o(i.usartIrdaTask) refers to charger.o(i.agvConnectResetCmd) for agvConnectResetCmd
[...]
    Removing stm32f10x_tim.o(i.TIM_CtrlPWMOutputs), (22 bytes).
    Removing stm32f10x_tim.o(i.TIM_DMACmd), (16 bytes).
    Removing stm32f10x_tim.o(i.TIM_DMAConfig), (8 bytes).
    Removing stm32f10x_tim.o(i.TIM_ETRClockMode1Config), (18 bytes).
    Removing stm32f10x_tim.o(i.TIM_ETRClockMode2Config), (18 bytes).
    Removing stm32f10x_tim.o(i.TIM_ETRConfig), (24 bytes).
    Removing stm32f10x_tim.o(i.TIM_EncoderInterfaceConfig), (50 bytes).
    Removing stm32f10x_tim.o(i.TIM_ForcedOC1Config), (12 bytes).
    Removing stm32f10x_tim.o(i.TIM_ForcedOC2Config), (20 bytes).
    Removing stm32f10x_tim.o(i.TIM_ForcedOC3Config), (12 bytes).
    Removing stm32f10x_tim.o(i.TIM_ForcedOC4Config), (20 bytes).
    Removing stm32f10x_tim.o(i.TIM_GenerateEvent), (4 bytes).
    Removing stm32f10x_tim.o(i.TIM_GetCapture1), (4 bytes).
    Removing stm32f10x_tim.o(i.TIM_GetCapture2), (4 bytes).
    Removing stm32f10x_tim.o(i.TIM_GetCapture3), (4 bytes).
    Removing stm32f10x_tim.o(i.TIM_GetCapture4), (6 bytes).
    Removing stm32f10x_tim.o(i.TIM_GetCounter), (4 bytes).
    Removing stm32f10x_tim.o(i.TIM_GetFlagStatus), (14 bytes).
    Removing stm32f10x_tim.o(i.TIM_GetPrescaler), (4 bytes).
    Removing stm32f10x_tim.o(i.TIM_ICInit), (168 bytes).
    Removing stm32f10x_tim.o(i.TIM_ICStructInit), (16 bytes).
    Removing stm32f10x_tim.o(i.TIM_ITRxExternalClockConfig), (18 bytes).
    Removing stm32f10x_tim.o(i.TIM_InternalClockConfig), (10 bytes).
    Removing stm32f10x_tim.o(i.TIM_OC1FastConfig), (12 bytes).
    Removing stm32f10x_tim.o(i.TIM_OC1Init), (96 bytes).
    Removing stm32f10x_tim.o(i.TIM_OC1NPolarityConfig), (12 bytes).
    Removing stm32f10x_tim.o(i.TIM_OC1PolarityConfig), (12 bytes).
    Removing stm32f10x_tim.o(i.TIM_OC1PreloadConfig), (12 bytes).
    Removing stm32f10x_tim.o(i.TIM_OC2FastConfig), (20 bytes).
    Removing stm32f10x_tim.o(i.TIM_OC2Init), (128 bytes).
    Removing stm32f10x_tim.o(i.TIM_OC2NPolarityConfig), (20 bytes).
    Removing stm32f10x_tim.o(i.TIM_OC2PolarityConfig), (20 bytes).
    Removing stm32f10x_tim.o(i.TIM_OC2PreloadConfig), (20 bytes).
    Removing stm32f10x_tim.o(i.TIM_OC3FastConfig), (12 bytes).
    Removing stm32f10x_tim.o(i.TIM_OC3Init), (124 bytes).
    Removing stm32f10x_tim.o(i.TIM_OC3NPolarityConfig), (20 bytes).
    Removing stm32f10x_tim.o(i.TIM_OC3PolarityConfig), (20 bytes).
    Removing stm32f10x_tim.o(i.TIM_OC3PreloadConfig), (12 bytes).
    Removing stm32f10x_tim.o(i.TIM_OC4FastConfig), (20 bytes).
    Removing stm32f10x_tim.o(i.TIM_OC4Init), (100 bytes).
    Removing stm32f10x_tim.o(i.TIM_OC4PolarityConfig), (20 bytes).
    Removing stm32f10x_tim.o(i.TIM_OC4PreloadConfig), (20 bytes).
    Removing stm32f10x_tim.o(i.TIM_OCStructInit), (20 bytes).
    Removing stm32f10x_tim.o(i.TIM_PWMIConfig), (108 bytes).
    Removing stm32f10x_tim.o(i.TIM_PrescalerConfig), (6 bytes).
    Removing stm32f10x_tim.o(i.TIM_SelectCCDMA), (20 bytes).
    Removing stm32f10x_tim.o(i.TIM_SelectCOM), (20 bytes).
    Removing stm32f10x_tim.o(i.TIM_SelectHallSensor), (20 bytes).
    Removing stm32f10x_tim.o(i.TIM_SelectInputTrigger), (12 bytes).
    Removing stm32f10x_tim.o(i.TIM_SelectMasterSlaveMode), (16 bytes).
    Removing stm32f10x_tim.o(i.TIM_SelectOCxM), (70 bytes).
    Removing stm32f10x_tim.o(i.TIM_SelectOnePulseMode), (18 bytes).
    Removing stm32f10x_tim.o(i.TIM_SelectOutputTrigger), (16 bytes).
    Removing stm32f10x_tim.o(i.TIM_SelectSlaveMode), (16 bytes).
    Removing stm32f10x_tim.o(i.TIM_SetAutoreload), (4 bytes).
    Removing stm32f10x_tim.o(i.TIM_SetClockDivision), (14 bytes).
    Removing stm32f10x_tim.o(i.TIM_SetCompare1), (4 bytes).
    Removing stm32f10x_tim.o(i.TIM_SetCompare2), (4 bytes).
    Removing stm32f10x_tim.o(i.TIM_SetCompare3), (4 bytes).
    Removing stm32f10x_tim.o(i.TIM_SetCompare4), (6 bytes).
    Removing stm32f10x_tim.o(i.TIM_SetCounter), (4 bytes).
    Removing stm32f10x_tim.o(i.TIM_SetIC1Prescaler), (16 bytes).
    Removing stm32f10x_tim.o(i.TIM_SetIC2Prescaler), (24 bytes).
    Removing stm32f10x_tim.o(i.TIM_SetIC3Prescaler), (16 bytes).
    Removing stm32f10x_tim.o(i.TIM_SetIC4Prescaler), (24 bytes).
    Removing stm32f10x_tim.o(i.TIM_TIxExternalClockConfig), (46 bytes).
    Removing stm32f10x_tim.o(i.TIM_TimeBaseStructInit), (18 bytes).
    Removing stm32f10x_tim.o(i.TIM_UpdateDisableConfig), (22 bytes).
    Removing stm32f10x_tim.o(i.TIM_UpdateRequestConfig), (22 bytes).
    Removing core_cm3.o(.emb_text), (32 bytes).
    Removing system_stm32f10x.o(.constdata), (4 bytes).
    Removing system_stm32f10x.o(.constdata), (4 bytes).
    Removing system_stm32f10x.o(.constdata), (4 bytes).
    Removing system_stm32f10x.o(.constdata), (4 bytes).
    Removing system_stm32f10x.o(.constdata), (4 bytes).
    Removing port.o(i.vPortEndScheduler), (2 bytes).
    Removing queue.o(i.uxQueueMessagesWaiting), (18 bytes).
    Removing queue.o(i.uxQueueMessagesWaitingFromISR), (4 bytes).
    Removing queue.o(i.uxQueueSpacesAvailable), (22 bytes).
    Removing queue.o(i.vQueueDelete), (4 bytes).
    Removing queue.o(i.xQueueGenericSend), (248 bytes).
    Removing queue.o(i.xQueueGiveFromISR), (86 bytes).
    Removing queue.o(i.xQueueIsQueueEmptyFromISR), (12 bytes).
    Removing queue.o(i.xQueueIsQueueFullFromISR), (16 bytes).
    Removing queue.o(i.xQueuePeekFromISR), (44 bytes).
    Removing queue.o(i.xQueueReceiveFromISR), (100 bytes).
    Removing tasks.o(i.pcTaskGetName), (16 bytes).
    Removing tasks.o(i.prvTaskIsTaskSuspended), (32 bytes).
    Removing tasks.o(i.ulTaskNotifyTake), (104 bytes).
    Removing tasks.o(i.uxTaskGetNumberOfTasks), (12 bytes).
    Removing tasks.o(i.uxTaskPriorityGet), (28 bytes).
    Removing tasks.o(i.uxTaskPriorityGetFromISR), (36 bytes).
    Removing tasks.o(i.uxTaskResetEventItemValue), (24 bytes).
    Removing tasks.o(i.vTaskDelayUntil), (84 bytes).
    Removing tasks.o(i.vTaskDelete), (152 bytes).
    Removing tasks.o(i.vTaskEndScheduler), (28 bytes).
    Removing tasks.o(i.vTaskNotifyGiveFromISR), (140 bytes).
    Removing tasks.o(i.vTaskPlaceOnUnorderedEventList), (44 bytes).
    Removing tasks.o(i.vTaskPrioritySet), (172 bytes).
    Removing tasks.o(i.vTaskResume), (108 bytes).
    Removing tasks.o(i.vTaskSuspend), (156 bytes).
    Removing tasks.o(i.xTaskGenericNotify), (164 bytes).
    Removing tasks.o(i.xTaskGenericNotifyFromISR), (192 bytes).
    Removing tasks.o(i.xTaskGetTickCount), (12 bytes).
    Removing tasks.o(i.xTaskGetTickCountFromISR), (12 bytes).
    Removing tasks.o(i.xTaskNotifyStateClear), (52 bytes).
    Removing tasks.o(i.xTaskNotifyWait), (140 bytes).
    Removing tasks.o(i.xTaskRemoveFromUnorderedEventList), (80 bytes).
    Removing tasks.o(i.xTaskResumeFromISR), (116 bytes).
    Removing heap_4.o(i.vPortInitialiseBlocks), (2 bytes).
    Removing heap_4.o(i.xPortGetFreeHeapSize), (12 bytes).
    Removing heap_4.o(i.xPortGetMinimumEverFreeHeapSize), (12 bytes).

244 unused section(s) (total 8996 bytes) removed from the image.

==============================================================================

Image Symbol Table

    Local Symbols

    Symbol Name                              Value     Ov Type        Size  Object(Section)

    ../clib/microlib/division.c              0x00000000   Number         0  uidiv.o ABSOLUTE
    ../clib/microlib/division.c              0x00000000   Number         0  uldiv.o ABSOLUTE
    ../clib/microlib/init/entry.s            0x00000000   Number         0  entry.o ABSOLUTE
    ../clib/microlib/init/entry.s            0x00000000   Number         0  entry9b.o ABSOLUTE
    ../clib/microlib/init/entry.s            0x00000000   Number         0  entry10a.o ABSOLUTE
    ../clib/microlib/init/entry.s            0x00000000   Number         0  entry11a.o ABSOLUTE
    ../clib/microlib/init/entry.s            0x00000000   Number         0  entry11b.o ABSOLUTE
    ../clib/microlib/init/entry.s            0x00000000   Number         0  entry2.o ABSOLUTE
    ../clib/microlib/init/entry.s            0x00000000   Number         0  entry5.o ABSOLUTE
    ../clib/microlib/init/entry.s            0x00000000   Number         0  entry7a.o ABSOLUTE
    ../clib/microlib/init/entry.s            0x00000000   Number         0  entry7b.o ABSOLUTE
    ../clib/microlib/init/entry.s            0x00000000   Number         0  entry8a.o ABSOLUTE
    ../clib/microlib/init/entry.s            0x00000000   Number         0  entry8b.o ABSOLUTE
    ../clib/microlib/init/entry.s            0x00000000   Number         0  entry10b.o ABSOLUTE
    ../clib/microlib/init/entry.s            0x00000000   Number         0  entry9a.o ABSOLUTE
    ../clib/microlib/longlong.c              0x00000000   Number         0  llshl.o ABSOLUTE
    ../clib/microlib/longlong.c              0x00000000   Number         0  llsshr.o ABSOLUTE
    ../clib/microlib/longlong.c              0x00000000   Number         0  llushr.o ABSOLUTE
    ../clib/microlib/printf/printf.c         0x00000000   Number         0  printf7.o ABSOLUTE
    ../clib/microlib/printf/printf.c         0x00000000   Number         0  printf2.o ABSOLUTE
    ../clib/microlib/printf/printf.c         0x00000000   Number         0  printf1.o ABSOLUTE
    ../clib/microlib/printf/printf.c         0x00000000   Number         0  printf6.o ABSOLUTE
    ../clib/microlib/printf/printf.c         0x00000000   Number         0  printf5.o ABSOLUTE
    ../clib/microlib/printf/printf.c         0x00000000   Number         0  printf4.o ABSOLUTE
    ../clib/microlib/printf/printf.c         0x00000000   Number         0  printf0.o ABSOLUTE
    ../clib/microlib/printf/printf.c         0x00000000   Number         0  printf3.o ABSOLUTE
    ../clib/microlib/printf/printf.c         0x00000000   Number         0  printfb.o ABSOLUTE
    ../clib/microlib/printf/printf.c         0x00000000   Number         0  printfa.o ABSOLUTE
    ../clib/microlib/printf/printf.c         0x00000000   Number         0  printf8.o ABSOLUTE
    ../clib/microlib/printf/stubs.s          0x00000000   Number         0  stubs.o ABSOLUTE
    ../clib/microlib/stdio/streams.c         0x00000000   Number         0  stdout.o ABSOLUTE
    ../clib/microlib/string/memcpy.c         0x00000000   Number         0  memcpyb.o ABSOLUTE
    ../clib/microlib/string/memcpy.c         0x00000000   Number         0  memcpya.o ABSOLUTE
    ../clib/microlib/string/memset.c         0x00000000   Number         0  memseta.o ABSOLUTE
    ../clib/microlib/string/strcat.c         0x00000000   Number         0  strcat.o ABSOLUTE
    ../clib/microlib/string/strcpy.c         0x00000000   Number         0  strcpy.o ABSOLUTE
    ../clib/microlib/stubs.s                 0x00000000   Number         0  iusefp.o ABSOLUTE
    ../fplib/microlib/f2d.c                  0x00000000   Number         0  f2d.o ABSOLUTE
    ../fplib/microlib/fpadd.c                0x00000000   Number         0  dadd.o ABSOLUTE
    ../fplib/microlib/fpdiv.c                0x00000000   Number         0  ddiv.o ABSOLUTE
    ../fplib/microlib/fpdiv.c                0x00000000   Number         0  fdiv.o ABSOLUTE
    ../fplib/microlib/fpepilogue.c           0x00000000   Number         0  depilogue.o ABSOLUTE
    ../fplib/microlib/fpepilogue.c           0x00000000   Number         0  fepilogue.o ABSOLUTE
    ../fplib/microlib/fpfix.c                0x00000000   Number         0  dfixul.o ABSOLUTE
    ../fplib/microlib/fpflt.c                0x00000000   Number         0  ffltui.o ABSOLUTE
    ../fplib/microlib/fpmul.c                0x00000000   Number         0  dmul.o ABSOLUTE
    ..\CMSIS\core_cm3.c                      0x00000000   Number         0  core_cm3.o ABSOLUTE
    ..\CMSIS\startup\startup_stm32f10x_md.s  0x00000000   Number         0  startup_stm32f10x_md.o ABSOLUTE
    ..\CMSIS\system_stm32f10x.c              0x00000000   Number         0  system_stm32f10x.o ABSOLUTE
    ..\FWlib\src\misc.c                      0x00000000   Number         0  misc.o ABSOLUTE
    ..\FWlib\src\stm32f10x_can.c             0x00000000   Number         0  stm32f10x_can.o ABSOLUTE
    ..\FWlib\src\stm32f10x_dma.c             0x00000000   Number         0  stm32f10x_dma.o ABSOLUTE
    ..\FWlib\src\stm32f10x_exti.c            0x00000000   Number         0  stm32f10x_exti.o ABSOLUTE
    ..\FWlib\src\stm32f10x_gpio.c            0x00000000   Number         0  stm32f10x_gpio.o ABSOLUTE
    ..\FWlib\src\stm32f10x_rcc.c             0x00000000   Number         0  stm32f10x_rcc.o ABSOLUTE
    ..\FWlib\src\stm32f10x_spi.c             0x00000000   Number         0  stm32f10x_spi.o ABSOLUTE
    ..\FWlib\src\stm32f10x_tim.c             0x00000000   Number         0  stm32f10x_tim.o ABSOLUTE
    ..\FWlib\src\stm32f10x_usart.c           0x00000000   Number         0  stm32f10x_usart.o ABSOLUTE
    ..\FreeRTOS\src\croutine.c               0x00000000   Number         0  croutine.o ABSOLUTE
    ..\FreeRTOS\src\heap_4.c                 0x00000000   Number         0  heap_4.o ABSOLUTE
    ..\FreeRTOS\src\list.c                   0x00000000   Number         0  list.o ABSOLUTE
    ..\FreeRTOS\src\port.c                   0x00000000   Number         0  port.o ABSOLUTE
    ..\FreeRTOS\src\queue.c                  0x00000000   Number         0  queue.o ABSOLUTE
    ..\FreeRTOS\src\tasks.c                  0x00000000   Number         0  tasks.o ABSOLUTE
    ..\FreeRTOS\src\timers.c                 0x00000000   Number         0  timers.o ABSOLUTE
    ..\\CMSIS\\core_cm3.c                    0x00000000   Number         0  core_cm3.o ABSOLUTE
    ..\\FreeRTOS\\src\\port.c                0x00000000   Number         0  port.o ABSOLUTE
    LCD.c                                    0x00000000   Number         0  lcd.o ABSOLUTE
    NVICconfig.c                             0x00000000   Number         0  nvicconfig.o ABSOLUTE
    SPI.c                                    0x00000000   Number         0  spi.o ABSOLUTE
    TIM.c                                    0x00000000   Number         0  tim.o ABSOLUTE
    can.c                                    0x00000000   Number         0  can.o ABSOLUTE
    cdrcmple.s                               0x00000000   Number         0  cdrcmple.o ABSOLUTE
    charger.c                                0x00000000   Number         0  charger.o ABSOLUTE
    dc.s                                     0x00000000   Number         0  dc.o ABSOLUTE
    handlers.s                               0x00000000   Number         0  handlers.o ABSOLUTE
    init.s                                   0x00000000   Number         0  init.o ABSOLUTE
    irda.c                                   0x00000000   Number         0  irda.o ABSOLUTE
    key.c                                    0x00000000   Number         0  key.o ABSOLUTE
    led.c                                    0x00000000   Number         0  led.o ABSOLUTE
    main.c                                   0x00000000   Number         0  main.o ABSOLUTE
    stm32f10x_it.c                           0x00000000   Number         0  stm32f10x_it.o ABSOLUTE
    ttllcd.c                                 0x00000000   Number         0  ttllcd.o ABSOLUTE
    usart.c                                  0x00000000   Number         0  usart.o ABSOLUTE
    usart1.c                                 0x00000000   Number         0  usart1.o ABSOLUTE
    RESET                                    0x08000000   Section      236  startup_stm32f10x_md.o(RESET)
    .ARM.Collect$$$$00000000                 0x080000ec   Section        0  entry.o(.ARM.Collect$$$$00000000)
    .ARM.Collect$$$$00000001                 0x080000ec   Section        4  entry2.o(.ARM.Collect$$$$00000001)
    .ARM.Collect$$$$00000004                 0x080000f0   Section        4  entry5.o(.ARM.Collect$$$$00000004)
    .ARM.Collect$$$$00000008                 0x080000f4   Section        0  entry7b.o(.ARM.Collect$$$$00000008)
    .ARM.Collect$$$$0000000A                 0x080000f4   Section        0  entry8b.o(.ARM.Collect$$$$0000000A)
    .ARM.Collect$$$$0000000B                 0x080000f4   Section        8  entry9a.o(.ARM.Collect$$$$0000000B)
    .ARM.Collect$$$$0000000D                 0x080000fc   Section        0  entry10a.o(.ARM.Collect$$$$0000000D)
    .ARM.Collect$$$$0000000F                 0x080000fc   Section        0  entry11a.o(.ARM.Collect$$$$0000000F)
    .ARM.Collect$$$$00002712                 0x080000fc   Section        4  entry2.o(.ARM.Collect$$$$00002712)
    __lit__00000000                          0x080000fc   Data           4  entry2.o(.ARM.Collect$$$$00002712)
    .emb_text                                0x08000100   Section      150  port.o(.emb_text)
    .text                                    0x08000198   Section       28  startup_stm32f10x_md.o(.text)
    .text                                    0x080001b4   Section        0  memcpya.o(.text)
    .text                                    0x080001d8   Section        0  fdiv.o(.text)
    .text                                    0x08000258   Section        0  ffltui.o(.text)
    .text                                    0x08000262   Section        0  f2d.o(.text)
    .text                                    0x08000288   Section        0  uidiv.o(.text)
    .text                                    0x080002b4   Section        0  uldiv.o(.text)
    .text                                    0x08000316   Section        0  iusefp.o(.text)
    .text                                    0x08000316   Section        0  fepilogue.o(.text)
    .text                                    0x08000382   Section        0  dadd.o(.text)
    .text                                    0x080004d0   Section        0  dmul.o(.text)
    .text                                    0x080005b4   Section        0  ddiv.o(.text)
    .text                                    0x08000692   Section        0  dfixul.o(.text)
    .text                                    0x080006c4   Section       40  cdrcmple.o(.text)
    .text                                    0x080006ec   Section       36  init.o(.text)
    .text                                    0x08000710   Section        0  llshl.o(.text)
    .text                                    0x0800072e   Section        0  llushr.o(.text)
    .text                                    0x0800074e   Section        0  llsshr.o(.text)
    .text                                    0x08000772   Section        0  depilogue.o(.text)
    i.BusFault_Handler                       0x08000830   Section        0  stm32f10x_it.o(i.BusFault_Handler)
    i.CAN_DeInit                             0x08000834   Section        0  stm32f10x_can.o(i.CAN_DeInit)
    i.CAN_FIFORelease                        0x08000858   Section        0  stm32f10x_can.o(i.CAN_FIFORelease)
    i.CAN_FilterInit                         0x08000864   Section        0  stm32f10x_can.o(i.CAN_FilterInit)
    i.CAN_ITConfig                           0x08000928   Section        0  stm32f10x_can.o(i.CAN_ITConfig)
    i.CAN_Init                               0x08000938   Section        0  stm32f10x_can.o(i.CAN_Init)
    i.CAN_Receive                            0x08000a20   Section        0  stm32f10x_can.o(i.CAN_Receive)
    i.CAN_StructInit                         0x08000a8e   Section        0  stm32f10x_can.o(i.CAN_StructInit)
    i.CAN_Transmit                           0x08000aae   Section        0  stm32f10x_can.o(i.CAN_Transmit)
    i.CRC16                                  0x08000b48   Section        0  usart.o(i.CRC16)
    i.DebugMon_Handler                       0x08000b78   Section        0  stm32f10x_it.o(i.DebugMon_Handler)
    i.GPIO_Init                              0x08000b7c   Section        0  stm32f10x_gpio.o(i.GPIO_Init)
    i.GPIO_PinRemapConfig                    0x08000c1c   Section        0  stm32f10x_gpio.o(i.GPIO_PinRemapConfig)
    i.GPIO_ReadInputDataBit                  0x08000c64   Section        0  stm32f10x_gpio.o(i.GPIO_ReadInputDataBit)
    i.GPIO_ResetBits                         0x08000c72   Section        0  stm32f10x_gpio.o(i.GPIO_ResetBits)
    i.GPIO_SetBits                           0x08000c76   Section        0  stm32f10x_gpio.o(i.GPIO_SetBits)
    i.HardFault_Handler                      0x08000c7a   Section        0  stm32f10x_it.o(i.HardFault_Handler)
    i.MemManage_Handler                      0x08000c7c   Section        0  stm32f10x_it.o(i.MemManage_Handler)
    i.NMI_Handler                            0x08000c7e   Section        0  stm32f10x_it.o(i.NMI_Handler)
    i.NVIC_Init                              0x08000c80   Section        0  misc.o(i.NVIC_Init)
    i.NVIC_PriorityGroupConfig               0x08000ce4   Section        0  misc.o(i.NVIC_PriorityGroupConfig)
    i.RCC_APB1PeriphClockCmd                 0x08000cf8   Section        0  stm32f10x_rcc.o(i.RCC_APB1PeriphClockCmd)
    i.RCC_APB1PeriphResetCmd                 0x08000d10   Section        0  stm32f10x_rcc.o(i.RCC_APB1PeriphResetCmd)
    i.RCC_APB2PeriphClockCmd                 0x08000d28   Section        0  stm32f10x_rcc.o(i.RCC_APB2PeriphClockCmd)
    i.RCC_APB2PeriphResetCmd                 0x08000d40   Section        0  stm32f10x_rcc.o(i.RCC_APB2PeriphResetCmd)
    i.RCC_GetClocksFreq                      0x08000d58   Section        0  stm32f10x_rcc.o(i.RCC_GetClocksFreq)
    i.SPI_Cmd                                0x08000de8   Section        0  stm32f10x_spi.o(i.SPI_Cmd)
    i.SPI_I2S_GetFlagStatus                  0x08000dfc   Section        0  stm32f10x_spi.o(i.SPI_I2S_GetFlagStatus)
    i.SPI_I2S_SendData                       0x08000e0a   Section        0  stm32f10x_spi.o(i.SPI_I2S_SendData)
    i.SPI_Init                               0x08000e0e   Section        0  stm32f10x_spi.o(i.SPI_Init)
    i.SetSysClockTo72                        0x08000e48   Section        0  system_stm32f10x.o(i.SetSysClockTo72)
    SetSysClockTo72                          0x08000e49   Thumb Code   160  system_stm32f10x.o(i.SetSysClockTo72)
    i.SystemInit                             0x08000ef0   Section        0  system_stm32f10x.o(i.SystemInit)
    i.TIM2_Configuration                     0x08000f30   Section        0  tim.o(i.TIM2_Configuration)
    i.TIM2_IRQHandler                        0x08000f78   Section        0  tim.o(i.TIM2_IRQHandler)
    i.TIM3_Configuration                     0x08000fa0   Section        0  tim.o(i.TIM3_Configuration)
    i.TIM3_IRQHandler                        0x08000fe8   Section        0  tim.o(i.TIM3_IRQHandler)
    i.TIM_ClearFlag                          0x08001018   Section        0  stm32f10x_tim.o(i.TIM_ClearFlag)
    i.TIM_ClearITPendingBit                  0x0800101e   Section        0  stm32f10x_tim.o(i.TIM_ClearITPendingBit)
    i.TIM_Cmd                                0x08001024   Section        0  stm32f10x_tim.o(i.TIM_Cmd)
    i.TIM_DeInit                             0x0800103c   Section        0  stm32f10x_tim.o(i.TIM_DeInit)
    i.TIM_GetITStatus                        0x080010f0   Section        0  stm32f10x_tim.o(i.TIM_GetITStatus)
    i.TIM_ITConfig                           0x08001108   Section        0  stm32f10x_tim.o(i.TIM_ITConfig)
    i.TIM_TimeBaseInit                       0x08001118   Section        0  stm32f10x_tim.o(i.TIM_TimeBaseInit)
    i.USART2_IRQHandler                      0x08001154   Section        0  usart.o(i.USART2_IRQHandler)
    i.USART3_IRQHandler                      0x08001180   Section        0  irda.o(i.USART3_IRQHandler)
    i.USART_ClearITPendingBit                0x080011c8   Section        0  stm32f10x_usart.o(i.USART_ClearITPendingBit)
    i.USART_Cmd                              0x080011d4   Section        0  stm32f10x_usart.o(i.USART_Cmd)
    i.USART_Config                           0x080011e8   Section        0  usart.o(i.USART_Config)
    USART_Config                             0x080011e9   Thumb Code    60  usart.o(i.USART_Config)
    i.USART_GetFlagStatus                    0x08001224   Section        0  stm32f10x_usart.o(i.USART_GetFlagStatus)
    i.USART_GetITStatus                      0x08001232   Section        0  stm32f10x_usart.o(i.USART_GetITStatus)
    i.USART_ITConfig                         0x08001270   Section        0  stm32f10x_usart.o(i.USART_ITConfig)
    i.USART_Init                             0x080012a0   Section        0  stm32f10x_usart.o(i.USART_Init)
    i.USART_OUT                              0x0800132c   Section        0  usart.o(i.USART_OUT)
    i.USART_ReceiveData                      0x0800135a   Section        0  stm32f10x_usart.o(i.USART_ReceiveData)
    i.USART_SendData                         0x08001362   Section        0  stm32f10x_usart.o(i.USART_SendData)
    i.USB_LP_CAN1_RX0_IRQHandler             0x0800136c   Section        0  charger.o(i.USB_LP_CAN1_RX0_IRQHandler)
    i.UsageFault_Handler                     0x080013e8   Section        0  stm32f10x_it.o(i.UsageFault_Handler)
    i.__0sprintf                             0x080013ec   Section        0  printfa.o(i.__0sprintf)
    i.__scatterload_copy                     0x08001414   Section       14  handlers.o(i.__scatterload_copy)
    i.__scatterload_null                     0x08001422   Section        2  handlers.o(i.__scatterload_null)
    i.__scatterload_zeroinit                 0x08001424   Section       14  handlers.o(i.__scatterload_zeroinit)
    i._fp_digits                             0x08001434   Section        0  printfa.o(i._fp_digits)
    _fp_digits                               0x08001435   Thumb Code   326  printfa.o(i._fp_digits)
    i._printf_core                           0x08001590   Section        0  printfa.o(i._printf_core)
    _printf_core                             0x08001591   Thumb Code  1762  printfa.o(i._printf_core)
    i._printf_post_padding                   0x08001c80   Section        0  printfa.o(i._printf_post_padding)
    _printf_post_padding                     0x08001c81   Thumb Code    38  printfa.o(i._printf_post_padding)
    i._printf_pre_padding                    0x08001ca6   Section        0  printfa.o(i._printf_pre_padding)
    _printf_pre_padding                      0x08001ca7   Thumb Code    48  printfa.o(i._printf_pre_padding)
    i._sputc                                 0x08001cd6   Section        0  printfa.o(i._sputc)
    _sputc                                   0x08001cd7   Thumb Code    10  printfa.o(i._sputc)
    i.agvConnectResetCmd                     0x08001ce0   Section        0  charger.o(i.agvConnectResetCmd)
    i.agvConnectSetCmd                       0x08001cec   Section        0  charger.o(i.agvConnectSetCmd)
    i.agvOpenResetCmd                        0x08001cf8   Section        0  charger.o(i.agvOpenResetCmd)
    i.agvOpenSetCmd                          0x08001d04   Section        0  charger.o(i.agvOpenSetCmd)
    i.byteSend                               0x08001d10   Section        0  lcd.o(i.byteSend)
    byteSend                                 0x08001d11   Thumb Code    30  lcd.o(i.byteSend)
    i.canChargeTask                          0x08001d34   Section        0  main.o(i.canChargeTask)
    i.canGpioConfig                          0x08001d70   Section        0  can.o(i.canGpioConfig)
    i.canInit                                0x08001dc0   Section        0  can.o(i.canInit)
    i.canMsgTx                               0x08001e30   Section        0  can.o(i.canMsgTx)
    i.chargerCTRLLoop                        0x08001e80   Section        0  charger.o(i.chargerCTRLLoop)
    i.chargerStatusBack                      0x08001f6c   Section        0  irda.o(i.chargerStatusBack)
    chargerStatusBack                        0x08001f6d   Thumb Code    94  irda.o(i.chargerStatusBack)
    i.closeCharger                           0x08001fd4   Section        0  charger.o(i.closeCharger)
    closeCharger                             0x08001fd5   Thumb Code   146  charger.o(i.closeCharger)
    i.cmdSend                                0x08002080   Section        0  lcd.o(i.cmdSend)
    cmdSend                                  0x08002081   Thumb Code    54  lcd.o(i.cmdSend)
    i.dataSend                               0x080020bc   Section        0  lcd.o(i.dataSend)
    dataSend                                 0x080020bd   Thumb Code    54  lcd.o(i.dataSend)
    i.getCurr                                0x080020f8   Section        0  charger.o(i.getCurr)
    i.initShowStrings                        0x08002104   Section        0  main.o(i.initShowStrings)
    i.isBattryVolGood                        0x08002158   Section        0  charger.o(i.isBattryVolGood)
    isBattryVolGood                          0x08002159   Thumb Code    86  charger.o(i.isBattryVolGood)
    i.isChargerNotGood                       0x080021b8   Section        0  charger.o(i.isChargerNotGood)
    i.isCheckEOF                             0x08002210   Section        0  irda.o(i.isCheckEOF)
    i.isCheckHead                            0x08002238   Section        0  irda.o(i.isCheckHead)
    i.isCurGood                              0x0800224c   Section        0  charger.o(i.isCurGood)
    isCurGood                                0x0800224d   Thumb Code   110  charger.o(i.isCurGood)
    i.keyInit                                0x080022d0   Section        0  key.o(i.keyInit)
    i.lcdInit                                0x08002320   Section        0  lcd.o(i.lcdInit)
    i.lcdShowElectricity                     0x08002350   Section        0  main.o(i.lcdShowElectricity)
    i.lcdShowHex                             0x08002364   Section        0  lcd.o(i.lcdShowHex)
    i.lcdShowNumber                          0x080023a4   Section        0  lcd.o(i.lcdShowNumber)
    i.lcdShowString                          0x08002420   Section        0  lcd.o(i.lcdShowString)
    i.ledGpioConfig                          0x0800243c   Section        0  led.o(i.ledGpioConfig)
    i.main                                   0x08002474   Section        0  main.o(i.main)
    i.msgFeedBackToIrda                      0x08002534   Section        0  irda.o(i.msgFeedBackToIrda)
    i.nvicConfig                             0x080025a8   Section        0  nvicconfig.o(i.nvicConfig)
    i.openCharger                            0x0800261c   Section        0  charger.o(i.openCharger)
    openCharger                              0x0800261d   Thumb Code   122  charger.o(i.openCharger)
    i.prvAddCurrentTaskToDelayedList         0x080026ac   Section        0  tasks.o(i.prvAddCurrentTaskToDelayedList)
    prvAddCurrentTaskToDelayedList           0x080026ad   Thumb Code   102  tasks.o(i.prvAddCurrentTaskToDelayedList)
    i.prvAddNewTaskToReadyList               0x0800271c   Section        0  tasks.o(i.prvAddNewTaskToReadyList)
    prvAddNewTaskToReadyList                 0x0800271d   Thumb Code   190  tasks.o(i.prvAddNewTaskToReadyList)
    i.prvCheckTasksWaitingTermination        0x080027ec   Section        0  tasks.o(i.prvCheckTasksWaitingTermination)
    prvCheckTasksWaitingTermination          0x080027ed   Thumb Code    70  tasks.o(i.prvCheckTasksWaitingTermination)
    i.prvCopyDataFromQueue                   0x0800283c   Section        0  queue.o(i.prvCopyDataFromQueue)
    prvCopyDataFromQueue                     0x0800283d   Thumb Code    38  queue.o(i.prvCopyDataFromQueue)
    i.prvCopyDataToQueue                     0x08002862   Section        0  queue.o(i.prvCopyDataToQueue)
    prvCopyDataToQueue                       0x08002863   Thumb Code    90  queue.o(i.prvCopyDataToQueue)
    i.prvDeleteTCB                           0x080028bc   Section        0  tasks.o(i.prvDeleteTCB)
    prvDeleteTCB                             0x080028bd   Thumb Code    20  tasks.o(i.prvDeleteTCB)
    i.prvHeapInit                            0x080028d0   Section        0  heap_4.o(i.prvHeapInit)
    prvHeapInit                              0x080028d1   Thumb Code    66  heap_4.o(i.prvHeapInit)
    i.prvIdleTask                            0x0800291c   Section        0  tasks.o(i.prvIdleTask)
    prvIdleTask                              0x0800291d   Thumb Code    30  tasks.o(i.prvIdleTask)
    i.prvInitialiseNewTask                   0x08002944   Section        0  tasks.o(i.prvInitialiseNewTask)
    prvInitialiseNewTask                     0x08002945   Thumb Code   120  tasks.o(i.prvInitialiseNewTask)
    i.prvInsertBlockIntoFreeList             0x080029bc   Section        0  heap_4.o(i.prvInsertBlockIntoFreeList)
    prvInsertBlockIntoFreeList               0x080029bd   Thumb Code    72  heap_4.o(i.prvInsertBlockIntoFreeList)
    i.prvIsQueueEmpty                        0x08002a08   Section        0  queue.o(i.prvIsQueueEmpty)
    prvIsQueueEmpty                          0x08002a09   Thumb Code    28  queue.o(i.prvIsQueueEmpty)
    i.prvResetNextTaskUnblockTime            0x08002a24   Section        0  tasks.o(i.prvResetNextTaskUnblockTime)
    prvResetNextTaskUnblockTime              0x08002a25   Thumb Code    26  tasks.o(i.prvResetNextTaskUnblockTime)
    i.prvTaskExitError                       0x08002a44   Section        0  port.o(i.prvTaskExitError)
    prvTaskExitError                         0x08002a45   Thumb Code    16  port.o(i.prvTaskExitError)
    i.prvUnlockQueue                         0x08002a54   Section        0  queue.o(i.prvUnlockQueue)
    prvUnlockQueue                           0x08002a55   Thumb Code   106  queue.o(i.prvUnlockQueue)
    i.pvPortMalloc                           0x08002ac0   Section        0  heap_4.o(i.pvPortMalloc)
    i.pxPortInitialiseStack                  0x08002b58   Section        0  port.o(i.pxPortInitialiseStack)
    i.rcvMsgFromIrda                         0x08002b7c   Section        0  irda.o(i.rcvMsgFromIrda)
    i.setCharger                             0x08002bc4   Section        0  charger.o(i.setCharger)
    setCharger                               0x08002bc5   Thumb Code   192  charger.o(i.setCharger)
    i.spiConfig                              0x08002c94   Section        0  spi.o(i.spiConfig)
    i.spiGpioConfig                          0x08002cec   Section        0  spi.o(i.spiGpioConfig)
    i.spiInit                                0x08002d30   Section        0  spi.o(i.spiInit)
    i.spiLcdTask                             0x08002d40   Section        0  main.o(i.spiLcdTask)
    i.usart485Send                           0x08002da0   Section        0  usart.o(i.usart485Send)
    i.usartConfig                            0x08002de0   Section        0  usart.o(i.usartConfig)
    i.usartIrdaTask                          0x08002e90   Section        0  main.o(i.usartIrdaTask)
    i.uxListRemove                           0x08002ee0   Section        0  list.o(i.uxListRemove)
    i.vListInitialise                        0x08002f04   Section        0  list.o(i.vListInitialise)
    i.vListInitialiseItem                    0x08002f1a   Section        0  list.o(i.vListInitialiseItem)
    i.vListInsert                            0x08002f20   Section        0  list.o(i.vListInsert)
    i.vListInsertEnd                         0x08002f50   Section        0  list.o(i.vListInsertEnd)
    i.vPortEnterCritical                     0x08002f68   Section        0  port.o(i.vPortEnterCritical)
    i.vPortExitCritical                      0x08002f84   Section        0  port.o(i.vPortExitCritical)
    i.vPortFree                              0x08002f98   Section        0  heap_4.o(i.vPortFree)
    i.vPortSetupTimerInterrupt               0x08002fd8   Section        0  port.o(i.vPortSetupTimerInterrupt)
    i.vTaskDelay                             0x08002fec   Section        0  tasks.o(i.vTaskDelay)
    i.vTaskMissedYield                       0x0800301c   Section        0  tasks.o(i.vTaskMissedYield)
    i.vTaskPlaceOnEventList                  0x08003028   Section        0  tasks.o(i.vTaskPlaceOnEventList)
    i.vTaskSetTimeOutState                   0x08003048   Section        0  tasks.o(i.vTaskSetTimeOutState)
    i.vTaskStartScheduler                    0x08003058   Section        0  tasks.o(i.vTaskStartScheduler)
    i.vTaskSuspendAll                        0x080030ac   Section        0  tasks.o(i.vTaskSuspendAll)
    i.vTaskSwitchContext                     0x080030bc   Section        0  tasks.o(i.vTaskSwitchContext)
    i.xPortStartScheduler                    0x08003100   Section        0  port.o(i.xPortStartScheduler)
    i.xPortSysTickHandler                    0x08003130   Section        0  port.o(i.xPortSysTickHandler)
    i.xQueueGenericCreate                    0x0800315c   Section        0  queue.o(i.xQueueGenericCreate)
    i.xQueueGenericReceive                   0x08003194   Section        0  queue.o(i.xQueueGenericReceive)
    i.xQueueGenericReset                     0x0800329c   Section        0  queue.o(i.xQueueGenericReset)
    i.xQueueGenericSendFromISR               0x08003310   Section        0  queue.o(i.xQueueGenericSendFromISR)
    i.xTaskCheckForTimeOut                   0x08003378   Section        0  tasks.o(i.xTaskCheckForTimeOut)
    i.xTaskCreate                            0x080033c0   Section        0  tasks.o(i.xTaskCreate)
    i.xTaskIncrementTick                     0x08003418   Section        0  tasks.o(i.xTaskIncrementTick)
    i.xTaskRemoveFromEventList               0x080034cc   Section        0  tasks.o(i.xTaskRemoveFromEventList)
    i.xTaskResumeAll                         0x08003534   Section        0  tasks.o(i.xTaskResumeAll)
    .constdata                               0x080035e8   Section      512  usart.o(.constdata)
    .constdata                               0x080037e8   Section       30  irda.o(.constdata)
    .data                                    0x20000000   Section       20  main.o(.data)
    .data                                    0x20000014   Section       10  charger.o(.data)
    ChargerStatus                            0x20000014   Data           1  charger.o(.data)
    ChargerOverFlag                          0x20000015   Data           1  charger.o(.data)
    ChargerGoodStatus                        0x20000016   Data           1  charger.o(.data)
    AgvSetChargerOpen                        0x20000017   Data           1  charger.o(.data)
    AgvConnectFlag                           0x20000018   Data           1  charger.o(.data)
    rcvCanCount                              0x2000001a   Data           2  charger.o(.data)
    RcvCurr                                  0x2000001c   Data           2  charger.o(.data)
    .data                                    0x20000020   Section        8  tim.o(.data)
    .data                                    0x20000028   Section        7  irda.o(.data)
    .data                                    0x2000002f   Section       20  stm32f10x_rcc.o(.data)
    ADCPrescTable                            0x2000002f   Data           4  stm32f10x_rcc.o(.data)
    APBAHBPrescTable                         0x20000033   Data          16  stm32f10x_rcc.o(.data)
    .data                                    0x20000044   Section        4  port.o(.data)
    uxCriticalNesting                        0x20000044   Data           4  port.o(.data)
    .data                                    0x20000048   Section       60  tasks.o(.data)
    uxDeletedTasksWaitingCleanUp             0x2000004c   Data           4  tasks.o(.data)
    uxCurrentNumberOfTasks                   0x20000050   Data           4  tasks.o(.data)
    xTickCount                               0x20000054   Data           4  tasks.o(.data)
    uxTopReadyPriority                       0x20000058   Data           4  tasks.o(.data)
    xSchedulerRunning                        0x2000005c   Data           4  tasks.o(.data)
    uxPendedTicks                            0x20000060   Data           4  tasks.o(.data)
    xYieldPending                            0x20000064   Data           4  tasks.o(.data)
    xNumOfOverflows                          0x20000068   Data           4  tasks.o(.data)
    uxTaskNumber                             0x2000006c   Data           4  tasks.o(.data)
    xNextTaskUnblockTime                     0x20000070   Data           4  tasks.o(.data)
    xIdleTaskHandle                          0x20000074   Data           4  tasks.o(.data)
    uxSchedulerSuspended                     0x20000078   Data           4  tasks.o(.data)
    pxDelayedTaskList                        0x2000007c   Data           4  tasks.o(.data)
    pxOverflowDelayedTaskList                0x20000080   Data           4  tasks.o(.data)
    .data                                    0x20000084   Section       24  heap_4.o(.data)
    pxEnd                                    0x20000084   Data           4  heap_4.o(.data)
    xFreeBytesRemaining                      0x20000088   Data           4  heap_4.o(.data)
    xMinimumEverFreeBytesRemaining           0x2000008c   Data           4  heap_4.o(.data)
    xBlockAllocatedBit                       0x20000090   Data           4  heap_4.o(.data)
    xStart                                   0x20000094   Data           8  heap_4.o(.data)
    .bss                                     0x2000009c   Section      740  tasks.o(.bss)
    pxReadyTasksLists                        0x2000009c   Data         640  tasks.o(.bss)
    xDelayedTaskList1                        0x2000031c   Data          20  tasks.o(.bss)
    xDelayedTaskList2                        0x20000330   Data          20  tasks.o(.bss)
    xPendingReadyList                        0x20000344   Data          20  tasks.o(.bss)
    xTasksWaitingTermination                 0x20000358   Data          20  tasks.o(.bss)
    xSuspendedTaskList                       0x2000036c   Data          20  tasks.o(.bss)
    .bss                                     0x20000380   Section    17408  heap_4.o(.bss)
    ucHeap                                   0x20000380   Data       17408  heap_4.o(.bss)
    STACK                                    0x20004780   Section     1024  startup_stm32f10x_md.o(STACK)

    Global Symbols

    Symbol Name                              Value     Ov Type        Size  Object(Section)

    BuildAttributes$$THM_ISAv4$P$D$K$B$S$PE$A:L22UL41UL21$X:L11$S22US41US21$IEEE1$IW$USESV6$~STKCKD$USESV7$~SHL$OTIME$ROPI$EBA8$MICROLIB$REQ8$PRES8$EABIv2 0x00000000   Number         0  anon$$obj.o ABSOLUTE
    __ARM_use_no_argv                        0x00000000   Number         0  main.o ABSOLUTE
    _printf_a                                0x00000000   Number         0  stubs.o ABSOLUTE
    _printf_c                                0x00000000   Number         0  stubs.o ABSOLUTE
    _printf_charcount                        0x00000000   Number         0  stubs.o ABSOLUTE
    _printf_d                                0x00000000   Number         0  stubs.o ABSOLUTE
    _printf_e                                0x00000000   Number         0  stubs.o ABSOLUTE
    _printf_f                                0x00000000   Number         0  stubs.o ABSOLUTE
    _printf_flags                            0x00000000   Number         0  stubs.o ABSOLUTE
    _printf_fp_dec                           0x00000000   Number         0  stubs.o ABSOLUTE
    _printf_fp_hex                           0x00000000   Number         0  stubs.o ABSOLUTE
    _printf_g                                0x00000000   Number         0  stubs.o ABSOLUTE
    _printf_i                                0x00000000   Number         0  stubs.o ABSOLUTE
    _printf_int_dec                          0x00000000   Number         0  stubs.o ABSOLUTE
    _printf_l                                0x00000000   Number         0  stubs.o ABSOLUTE
    _printf_lc                               0x00000000   Number         0  stubs.o ABSOLUTE
    _printf_ll                               0x00000000   Number         0  stubs.o ABSOLUTE
    _printf_lld                              0x00000000   Number         0  stubs.o ABSOLUTE
    _printf_lli                              0x00000000   Number         0  stubs.o ABSOLUTE
    _printf_llo                              0x00000000   Number         0  stubs.o ABSOLUTE
    _printf_llu                              0x00000000   Number         0  stubs.o ABSOLUTE
    _printf_llx                              0x00000000   Number         0  stubs.o ABSOLUTE
    _printf_longlong_dec                     0x00000000   Number         0  stubs.o ABSOLUTE
    _printf_longlong_hex                     0x00000000   Number         0  stubs.o ABSOLUTE
    _printf_longlong_oct                     0x00000000   Number         0  stubs.o ABSOLUTE
    _printf_ls                               0x00000000   Number         0  stubs.o ABSOLUTE
    _printf_mbtowc                           0x00000000   Number         0  stubs.o ABSOLUTE
    _printf_n                                0x00000000   Number         0  stubs.o ABSOLUTE
    _printf_o                                0x00000000   Number         0  stubs.o ABSOLUTE
    _printf_p                                0x00000000   Number         0  stubs.o ABSOLUTE
    _printf_percent                          0x00000000   Number         0  stubs.o ABSOLUTE
    _printf_pre_padding                      0x00000000   Number         0  stubs.o ABSOLUTE
    _printf_return_value                     0x00000000   Number         0  stubs.o ABSOLUTE
    _printf_s                                0x00000000   Number         0  stubs.o ABSOLUTE
    _printf_sizespec                         0x00000000   Number         0  stubs.o ABSOLUTE
    _printf_str                              0x00000000   Number         0  stubs.o ABSOLUTE
    _printf_truncate_signed                  0x00000000   Number         0  stubs.o ABSOLUTE
    _printf_truncate_unsigned                0x00000000   Number         0  stubs.o ABSOLUTE
    _printf_u                                0x00000000   Number         0  stubs.o ABSOLUTE
    _printf_wc                               0x00000000   Number         0  stubs.o ABSOLUTE
    _printf_wctomb                           0x00000000   Number         0  stubs.o ABSOLUTE
    _printf_widthprec                        0x00000000   Number         0  stubs.o ABSOLUTE
    _printf_x                                0x00000000   Number         0  stubs.o ABSOLUTE
    __cpp_initialize__aeabi_                  - Undefined Weak Reference
    __cxa_finalize                            - Undefined Weak Reference
    __decompress                              - Undefined Weak Reference
    _clock_init                               - Undefined Weak Reference
    _microlib_exit                            - Undefined Weak Reference
    __Vectors_Size                           0x000000ec   Number         0  startup_stm32f10x_md.o ABSOLUTE
    __Vectors                                0x08000000   Data           4  startup_stm32f10x_md.o(RESET)
    __Vectors_End                            0x080000ec   Data           0  startup_stm32f10x_md.o(RESET)
    __main                                   0x080000ed   Thumb Code     0  entry.o(.ARM.Collect$$$$00000000)
    _main_stk                                0x080000ed   Thumb Code     0  entry2.o(.ARM.Collect$$$$00000001)
    _main_scatterload                        0x080000f1   Thumb Code     0  entry5.o(.ARM.Collect$$$$00000004)
    __main_after_scatterload                 0x080000f5   Thumb Code     0  entry5.o(.ARM.Collect$$$$00000004)
    _main_clock                              0x080000f5   Thumb Code     0  entry7b.o(.ARM.Collect$$$$00000008)
    _main_cpp_init                           0x080000f5   Thumb Code     0  entry8b.o(.ARM.Collect$$$$0000000A)
    _main_init                               0x080000f5   Thumb Code     0  entry9a.o(.ARM.Collect$$$$0000000B)
    __rt_final_cpp                           0x080000fd   Thumb Code     0  entry10a.o(.ARM.Collect$$$$0000000D)
    __rt_final_exit                          0x080000fd   Thumb Code     0  entry11a.o(.ARM.Collect$$$$0000000F)
    vPortSVCHandler                          0x08000101   Thumb Code    32  port.o(.emb_text)
    __asm___6_port_c_39a90d8d__prvStartFirstTask 0x08000125   Thumb Code    28  port.o(.emb_text)
    xPortPendSVHandler                       0x08000145   Thumb Code    72  port.o(.emb_text)
    vPortGetIPSR                             0x08000191   Thumb Code     6  port.o(.emb_text)
    Reset_Handler                            0x08000199   Thumb Code     4  startup_stm32f10x_md.o(.text)
    SVC_Handler                              0x080001a7   Thumb Code     2  startup_stm32f10x_md.o(.text)
    PendSV_Handler                           0x080001ab   Thumb Code     2  startup_stm32f10x_md.o(.text)
    SysTick_Handler                          0x080001ad   Thumb Code     2  startup_stm32f10x_md.o(.text)
    ADC1_2_IRQHandler                        0x080001af   Thumb Code     0  startup_stm32f10x_md.o(.text)
    CAN1_RX1_IRQHandler                      0x080001af   Thumb Code     0  startup_stm32f10x_md.o(.text)
    CAN1_SCE_IRQHandler                      0x080001af   Thumb Code     0  startup_stm32f10x_md.o(.text)
    DMA1_Channel1_IRQHandler                 0x080001af   Thumb Code     0  startup_stm32f10x_md.o(.text)
    DMA1_Channel2_IRQHandler                 0x080001af   Thumb Code     0  startup_stm32f10x_md.o(.text)
    DMA1_Channel3_IRQHandler                 0x080001af   Thumb Code     0  startup_stm32f10x_md.o(.text)
    DMA1_Channel4_IRQHandler                 0x080001af   Thumb Code     0  startup_stm32f10x_md.o(.text)
    DMA1_Channel5_IRQHandler                 0x080001af   Thumb Code     0  startup_stm32f10x_md.o(.text)
    DMA1_Channel6_IRQHandler                 0x080001af   Thumb Code     0  startup_stm32f10x_md.o(.text)
    DMA1_Channel7_IRQHandler                 0x080001af   Thumb Code     0  startup_stm32f10x_md.o(.text)
    EXTI0_IRQHandler                         0x080001af   Thumb Code     0  startup_stm32f10x_md.o(.text)
    EXTI15_10_IRQHandler                     0x080001af   Thumb Code     0  startup_stm32f10x_md.o(.text)
    EXTI1_IRQHandler                         0x080001af   Thumb Code     0  startup_stm32f10x_md.o(.text)
    EXTI2_IRQHandler                         0x080001af   Thumb Code     0  startup_stm32f10x_md.o(.text)
    EXTI3_IRQHandler                         0x080001af   Thumb Code     0  startup_stm32f10x_md.o(.text)
    EXTI4_IRQHandler                         0x080001af   Thumb Code     0  startup_stm32f10x_md.o(.text)
    EXTI9_5_IRQHandler                       0x080001af   Thumb Code     0  startup_stm32f10x_md.o(.text)
    FLASH_IRQHandler                         0x080001af   Thumb Code     0  startup_stm32f10x_md.o(.text)
    I2C1_ER_IRQHandler                       0x080001af   Thumb Code     0  startup_stm32f10x_md.o(.text)
    I2C1_EV_IRQHandler                       0x080001af   Thumb Code     0  startup_stm32f10x_md.o(.text)
    I2C2_ER_IRQHandler                       0x080001af   Thumb Code     0  startup_stm32f10x_md.o(.text)
    I2C2_EV_IRQHandler                       0x080001af   Thumb Code     0  startup_stm32f10x_md.o(.text)
    PVD_IRQHandler                           0x080001af   Thumb Code     0  startup_stm32f10x_md.o(.text)
    RCC_IRQHandler                           0x080001af   Thumb Code     0  startup_stm32f10x_md.o(.text)
    RTCAlarm_IRQHandler                      0x080001af   Thumb Code     0  startup_stm32f10x_md.o(.text)
    RTC_IRQHandler                           0x080001af   Thumb Code     0  startup_stm32f10x_md.o(.text)
    SPI1_IRQHandler                          0x080001af   Thumb Code     0  startup_stm32f10x_md.o(.text)
    SPI2_IRQHandler                          0x080001af   Thumb Code     0  startup_stm32f10x_md.o(.text)
    TAMPER_IRQHandler                        0x080001af   Thumb Code     0  startup_stm32f10x_md.o(.text)
    TIM1_BRK_IRQHandler                      0x080001af   Thumb Code     0  startup_stm32f10x_md.o(.text)
    TIM1_CC_IRQHandler                       0x080001af   Thumb Code     0  startup_stm32f10x_md.o(.text)
    TIM1_TRG_COM_IRQHandler                  0x080001af   Thumb Code     0  startup_stm32f10x_md.o(.text)
    TIM1_UP_IRQHandler                       0x080001af   Thumb Code     0  startup_stm32f10x_md.o(.text)
    TIM4_IRQHandler                          0x080001af   Thumb Code     0  startup_stm32f10x_md.o(.text)
    USART1_IRQHandler                        0x080001af   Thumb Code     0  startup_stm32f10x_md.o(.text)
    USBWakeUp_IRQHandler                     0x080001af   Thumb Code     0  startup_stm32f10x_md.o(.text)
    USB_HP_CAN1_TX_IRQHandler                0x080001af   Thumb Code     0  startup_stm32f10x_md.o(.text)
    WWDG_IRQHandler                          0x080001af   Thumb Code     0  startup_stm32f10x_md.o(.text)
    __aeabi_memcpy                           0x080001b5   Thumb Code    36  memcpya.o(.text)
    __aeabi_memcpy4                          0x080001b5   Thumb Code     0  memcpya.o(.text)
    __aeabi_memcpy8                          0x080001b5   Thumb Code     0  memcpya.o(.text)
    __aeabi_fdiv                             0x080001d9   Thumb Code   128  fdiv.o(.text)
    __aeabi_ui2f                             0x08000259   Thumb Code    10  ffltui.o(.text)
    __aeabi_f2d                              0x08000263   Thumb Code    38  f2d.o(.text)
    __aeabi_uidiv                            0x08000289   Thumb Code     0  uidiv.o(.text)
    __aeabi_uidivmod                         0x08000289   Thumb Code    44  uidiv.o(.text)
    __aeabi_uldivmod                         0x080002b5   Thumb Code    98  uldiv.o(.text)
    __I$use$fp                               0x08000317   Thumb Code     0  iusefp.o(.text)
    _float_round                             0x08000317   Thumb Code    18  fepilogue.o(.text)
    _float_epilogue                          0x08000329   Thumb Code    90  fepilogue.o(.text)
    __aeabi_dadd                             0x08000383   Thumb Code   322  dadd.o(.text)
    __aeabi_dsub                             0x080004c5   Thumb Code     6  dadd.o(.text)
    __aeabi_drsub                            0x080004cb   Thumb Code     6  dadd.o(.text)
    __aeabi_dmul                             0x080004d1   Thumb Code   228  dmul.o(.text)
    __aeabi_ddiv                             0x080005b5   Thumb Code   222  ddiv.o(.text)
    __aeabi_d2ulz                            0x08000693   Thumb Code    48  dfixul.o(.text)
    __aeabi_cdrcmple                         0x080006c5   Thumb Code    38  cdrcmple.o(.text)
    __scatterload                            0x080006ed   Thumb Code    28  init.o(.text)
    __scatterload_rt2                        0x080006ed   Thumb Code     0  init.o(.text)
    __aeabi_llsl                             0x08000711   Thumb Code    30  llshl.o(.text)
    _ll_shift_l                              0x08000711   Thumb Code     0  llshl.o(.text)
    __aeabi_llsr                             0x0800072f   Thumb Code    32  llushr.o(.text)
    _ll_ushift_r                             0x0800072f   Thumb Code     0  llushr.o(.text)
    __aeabi_lasr                             0x0800074f   Thumb Code    36  llsshr.o(.text)
    _ll_sshift_r                             0x0800074f   Thumb Code     0  llsshr.o(.text)
    _double_round                            0x08000773   Thumb Code    26  depilogue.o(.text)
    _double_epilogue                         0x0800078d   Thumb Code   164  depilogue.o(.text)
    BusFault_Handler                         0x08000831   Thumb Code     2  stm32f10x_it.o(i.BusFault_Handler)
    CAN_DeInit                               0x08000835   Thumb Code    32  stm32f10x_can.o(i.CAN_DeInit)
    CAN_FIFORelease                          0x08000859   Thumb Code    12  stm32f10x_can.o(i.CAN_FIFORelease)
    CAN_FilterInit                           0x08000865   Thumb Code   190  stm32f10x_can.o(i.CAN_FilterInit)
    CAN_ITConfig                             0x08000929   Thumb Code    16  stm32f10x_can.o(i.CAN_ITConfig)
    CAN_Init                                 0x08000939   Thumb Code   232  stm32f10x_can.o(i.CAN_Init)
    CAN_Receive                              0x08000a21   Thumb Code   110  stm32f10x_can.o(i.CAN_Receive)
    CAN_StructInit                           0x08000a8f   Thumb Code    32  stm32f10x_can.o(i.CAN_StructInit)
    CAN_Transmit                             0x08000aaf   Thumb Code   152  stm32f10x_can.o(i.CAN_Transmit)
    CRC16                                    0x08000b49   Thumb Code    44  usart.o(i.CRC16)
    DebugMon_Handler                         0x08000b79   Thumb Code     2  stm32f10x_it.o(i.DebugMon_Handler)
    GPIO_Init                                0x08000b7d   Thumb Code   158  stm32f10x_gpio.o(i.GPIO_Init)
    GPIO_PinRemapConfig                      0x08000c1d   Thumb Code    66  stm32f10x_gpio.o(i.GPIO_PinRemapConfig)
    GPIO_ReadInputDataBit                    0x08000c65   Thumb Code    14  stm32f10x_gpio.o(i.GPIO_ReadInputDataBit)
    GPIO_ResetBits                           0x08000c73   Thumb Code     4  stm32f10x_gpio.o(i.GPIO_ResetBits)
    GPIO_SetBits                             0x08000c77   Thumb Code     4  stm32f10x_gpio.o(i.GPIO_SetBits)
    HardFault_Handler                        0x08000c7b   Thumb Code     2  stm32f10x_it.o(i.HardFault_Handler)
    MemManage_Handler                        0x08000c7d   Thumb Code     2  stm32f10x_it.o(i.MemManage_Handler)
    NMI_Handler                              0x08000c7f   Thumb Code     2  stm32f10x_it.o(i.NMI_Handler)
    NVIC_Init                                0x08000c81   Thumb Code    90  misc.o(i.NVIC_Init)
    NVIC_PriorityGroupConfig                 0x08000ce5   Thumb Code    10  misc.o(i.NVIC_PriorityGroupConfig)
    RCC_APB1PeriphClockCmd                   0x08000cf9   Thumb Code    18  stm32f10x_rcc.o(i.RCC_APB1PeriphClockCmd)
    RCC_APB1PeriphResetCmd                   0x08000d11   Thumb Code    18  stm32f10x_rcc.o(i.RCC_APB1PeriphResetCmd)
    RCC_APB2PeriphClockCmd                   0x08000d29   Thumb Code    18  stm32f10x_rcc.o(i.RCC_APB2PeriphClockCmd)
    RCC_APB2PeriphResetCmd                   0x08000d41   Thumb Code    18  stm32f10x_rcc.o(i.RCC_APB2PeriphResetCmd)
    RCC_GetClocksFreq                        0x08000d59   Thumb Code   128  stm32f10x_rcc.o(i.RCC_GetClocksFreq)
    SPI_Cmd                                  0x08000de9   Thumb Code    20  stm32f10x_spi.o(i.SPI_Cmd)
    SPI_I2S_GetFlagStatus                    0x08000dfd   Thumb Code    14  stm32f10x_spi.o(i.SPI_I2S_GetFlagStatus)
    SPI_I2S_SendData                         0x08000e0b   Thumb Code     4  stm32f10x_spi.o(i.SPI_I2S_SendData)
    SPI_Init                                 0x08000e0f   Thumb Code    56  stm32f10x_spi.o(i.SPI_Init)
    SystemInit                               0x08000ef1   Thumb Code    50  system_stm32f10x.o(i.SystemInit)
    TIM2_Configuration                       0x08000f31   Thumb Code    70  tim.o(i.TIM2_Configuration)
    TIM2_IRQHandler                          0x08000f79   Thumb Code    34  tim.o(i.TIM2_IRQHandler)
    TIM3_Configuration                       0x08000fa1   Thumb Code    68  tim.o(i.TIM3_Configuration)
    TIM3_IRQHandler                          0x08000fe9   Thumb Code    40  tim.o(i.TIM3_IRQHandler)
    TIM_ClearFlag                            0x08001019   Thumb Code     6  stm32f10x_tim.o(i.TIM_ClearFlag)
    TIM_ClearITPendingBit                    0x0800101f   Thumb Code     6  stm32f10x_tim.o(i.TIM_ClearITPendingBit)
    TIM_Cmd                                  0x08001025   Thumb Code    22  stm32f10x_tim.o(i.TIM_Cmd)
    TIM_DeInit                               0x0800103d   Thumb Code   170  stm32f10x_tim.o(i.TIM_DeInit)
    TIM_GetITStatus                          0x080010f1   Thumb Code    24  stm32f10x_tim.o(i.TIM_GetITStatus)
    TIM_ITConfig                             0x08001109   Thumb Code    16  stm32f10x_tim.o(i.TIM_ITConfig)
    TIM_TimeBaseInit                         0x08001119   Thumb Code    50  stm32f10x_tim.o(i.TIM_TimeBaseInit)
    USART2_IRQHandler                        0x08001155   Thumb Code    40  usart.o(i.USART2_IRQHandler)
    USART3_IRQHandler                        0x08001181   Thumb Code    64  irda.o(i.USART3_IRQHandler)
    USART_ClearITPendingBit                  0x080011c9   Thumb Code    12  stm32f10x_usart.o(i.USART_ClearITPendingBit)
    USART_Cmd                                0x080011d5   Thumb Code    20  stm32f10x_usart.o(i.USART_Cmd)
    USART_GetFlagStatus                      0x08001225   Thumb Code    14  stm32f10x_usart.o(i.USART_GetFlagStatus)
    USART_GetITStatus                        0x08001233   Thumb Code    62  stm32f10x_usart.o(i.USART_GetITStatus)
    USART_ITConfig                           0x08001271   Thumb Code    48  stm32f10x_usart.o(i.USART_ITConfig)
    USART_Init                               0x080012a1   Thumb Code   134  stm32f10x_usart.o(i.USART_Init)
    USART_OUT                                0x0800132d   Thumb Code    46  usart.o(i.USART_OUT)
    USART_ReceiveData                        0x0800135b   Thumb Code     8  stm32f10x_usart.o(i.USART_ReceiveData)
    USART_SendData                           0x08001363   Thumb Code     8  stm32f10x_usart.o(i.USART_SendData)
    USB_LP_CAN1_RX0_IRQHandler               0x0800136d   Thumb Code   112  charger.o(i.USB_LP_CAN1_RX0_IRQHandler)
    UsageFault_Handler                       0x080013e9   Thumb Code     2  stm32f10x_it.o(i.UsageFault_Handler)
    __0sprintf                               0x080013ed   Thumb Code    34  printfa.o(i.__0sprintf)
    __1sprintf                               0x080013ed   Thumb Code     0  printfa.o(i.__0sprintf)
    __2sprintf                               0x080013ed   Thumb Code     0  printfa.o(i.__0sprintf)
    __c89sprintf                             0x080013ed   Thumb Code     0  printfa.o(i.__0sprintf)
    sprintf                                  0x080013ed   Thumb Code     0  printfa.o(i.__0sprintf)
    __scatterload_copy                       0x08001415   Thumb Code    14  handlers.o(i.__scatterload_copy)
    __scatterload_null                       0x08001423   Thumb Code     2  handlers.o(i.__scatterload_null)
    __scatterload_zeroinit                   0x08001425   Thumb Code    14  handlers.o(i.__scatterload_zeroinit)
    agvConnectResetCmd                       0x08001ce1   Thumb Code     8  charger.o(i.agvConnectResetCmd)
    agvConnectSetCmd                         0x08001ced   Thumb Code     8  charger.o(i.agvConnectSetCmd)
    agvOpenResetCmd                          0x08001cf9   Thumb Code     8  charger.o(i.agvOpenResetCmd)
    agvOpenSetCmd                            0x08001d05   Thumb Code     8  charger.o(i.agvOpenSetCmd)
    canChargeTask                            0x08001d35   Thumb Code    50  main.o(i.canChargeTask)
    canGpioConfig                            0x08001d71   Thumb Code    74  can.o(i.canGpioConfig)
    canInit                                  0x08001dc1   Thumb Code   106  can.o(i.canInit)
    canMsgTx                                 0x08001e31   Thumb Code    66  can.o(i.canMsgTx)
    chargerCTRLLoop                          0x08001e81   Thumb Code   220  charger.o(i.chargerCTRLLoop)
    getCurr                                  0x080020f9   Thumb Code     6  charger.o(i.getCurr)
    initShowStrings                          0x08002105   Thumb Code    38  main.o(i.initShowStrings)
    isChargerNotGood                         0x080021b9   Thumb Code    80  charger.o(i.isChargerNotGood)
    isCheckEOF                               0x08002211   Thumb Code    36  irda.o(i.isCheckEOF)
    isCheckHead                              0x08002239   Thumb Code    16  irda.o(i.isCheckHead)
    keyInit                                  0x080022d1   Thumb Code    70  key.o(i.keyInit)
    lcdInit                                  0x08002321   Thumb Code    44  lcd.o(i.lcdInit)
    lcdShowElectricity                       0x08002351   Thumb Code    18  main.o(i.lcdShowElectricity)
    lcdShowHex                               0x08002365   Thumb Code    58  lcd.o(i.lcdShowHex)
    lcdShowNumber                            0x080023a5   Thumb Code   108  lcd.o(i.lcdShowNumber)
    lcdShowString                            0x08002421   Thumb Code    26  lcd.o(i.lcdShowString)
    ledGpioConfig                            0x0800243d   Thumb Code    50  led.o(i.ledGpioConfig)
    main                                     0x08002475   Thumb Code   128  main.o(i.main)
    msgFeedBackToIrda                        0x08002535   Thumb Code   112  irda.o(i.msgFeedBackToIrda)
    nvicConfig                               0x080025a9   Thumb Code   116  nvicconfig.o(i.nvicConfig)
    pvPortMalloc                             0x08002ac1   Thumb Code   148  heap_4.o(i.pvPortMalloc)
    pxPortInitialiseStack                    0x08002b59   Thumb Code    32  port.o(i.pxPortInitialiseStack)
    rcvMsgFromIrda                           0x08002b7d   Thumb Code    68  irda.o(i.rcvMsgFromIrda)
    spiConfig                                0x08002c95   Thumb Code    84  spi.o(i.spiConfig)
    spiGpioConfig                            0x08002ced   Thumb Code    64  spi.o(i.spiGpioConfig)
    spiInit                                  0x08002d31   Thumb Code    14  spi.o(i.spiInit)
    spiLcdTask                               0x08002d41   Thumb Code    76  main.o(i.spiLcdTask)
    usart485Send                             0x08002da1   Thumb Code    54  usart.o(i.usart485Send)
    usartConfig                              0x08002de1   Thumb Code   160  usart.o(i.usartConfig)
    usartIrdaTask                            0x08002e91   Thumb Code    74  main.o(i.usartIrdaTask)
    uxListRemove                             0x08002ee1   Thumb Code    36  list.o(i.uxListRemove)
    vListInitialise                          0x08002f05   Thumb Code    22  list.o(i.vListInitialise)
    vListInitialiseItem                      0x08002f1b   Thumb Code     6  list.o(i.vListInitialiseItem)
    vListInsert                              0x08002f21   Thumb Code    48  list.o(i.vListInsert)
    vListInsertEnd                           0x08002f51   Thumb Code    24  list.o(i.vListInsertEnd)
    vPortEnterCritical                       0x08002f69   Thumb Code    24  port.o(i.vPortEnterCritical)
    vPortExitCritical                        0x08002f85   Thumb Code    16  port.o(i.vPortExitCritical)
    vPortFree                                0x08002f99   Thumb Code    58  heap_4.o(i.vPortFree)
    vPortSetupTimerInterrupt                 0x08002fd9   Thumb Code    14  port.o(i.vPortSetupTimerInterrupt)
    vTaskDelay                               0x08002fed   Thumb Code    44  tasks.o(i.vTaskDelay)
    vTaskMissedYield                         0x0800301d   Thumb Code     8  tasks.o(i.vTaskMissedYield)
    vTaskPlaceOnEventList                    0x08003029   Thumb Code    26  tasks.o(i.vTaskPlaceOnEventList)
    vTaskSetTimeOutState                     0x08003049   Thumb Code    12  tasks.o(i.vTaskSetTimeOutState)
    vTaskStartScheduler                      0x08003059   Thumb Code    66  tasks.o(i.vTaskStartScheduler)
    vTaskSuspendAll                          0x080030ad   Thumb Code    10  tasks.o(i.vTaskSuspendAll)
    vTaskSwitchContext                       0x080030bd   Thumb Code    60  tasks.o(i.vTaskSwitchContext)
    xPortStartScheduler                      0x08003101   Thumb Code    38  port.o(i.xPortStartScheduler)
    xPortSysTickHandler                      0x08003131   Thumb Code    38  port.o(i.xPortSysTickHandler)
    xQueueGenericCreate                      0x0800315d   Thumb Code    54  queue.o(i.xQueueGenericCreate)
    xQueueGenericReceive                     0x08003195   Thumb Code   260  queue.o(i.xQueueGenericReceive)
    xQueueGenericReset                       0x0800329d   Thumb Code   112  queue.o(i.xQueueGenericReset)
    xQueueGenericSendFromISR                 0x08003311   Thumb Code   102  queue.o(i.xQueueGenericSendFromISR)
    xTaskCheckForTimeOut                     0x08003379   Thumb Code    66  tasks.o(i.xTaskCheckForTimeOut)
    xTaskCreate                              0x080033c1   Thumb Code    86  tasks.o(i.xTaskCreate)
    xTaskIncrementTick                       0x08003419   Thumb Code   170  tasks.o(i.xTaskIncrementTick)
    xTaskRemoveFromEventList                 0x080034cd   Thumb Code    90  tasks.o(i.xTaskRemoveFromEventList)
    xTaskResumeAll                           0x08003535   Thumb Code   166  tasks.o(i.xTaskResumeAll)
    auchCRCHi                                0x080035e8   Data         256  usart.o(.constdata)
    auchCRCLo                                0x080036e8   Data         256  usart.o(.constdata)
    Region$$Table$$Base                      0x08003808   Number         0  anon$$obj.o(Region$$Table)
    Region$$Table$$Limit                     0x08003828   Number         0  anon$$obj.o(Region$$Table)
    ChargerStatusBack                        0x20000000   Data           1  main.o(.data)
    SPILcdTaskHandle                         0x20000004   Data           4  main.o(.data)
    UsartIrdaTaskHandle                      0x20000008   Data           4  main.o(.data)
    CanChargeTaskHandle                      0x2000000c   Data           4  main.o(.data)
    CanMsgQueue                              0x20000010   Data           4  main.o(.data)
    ChargerTimeCount                         0x20000020   Data           4  tim.o(.data)
    ChargerCloseCount                        0x20000024   Data           4  tim.o(.data)
    IrdaRxBufferCount                        0x20000028   Data           1  irda.o(.data)
    IrdaRxBuffer                             0x20000029   Data           6  irda.o(.data)
    pxCurrentTCB                             0x20000048   Data           4  tasks.o(.data)
    __initial_sp                             0x20004b80   Data           0  startup_stm32f10x_md.o(STACK)



==============================================================================

Memory Map of the image

  Image Entry point : 0x08000199

  Load Region LR_1 (Base: 0x08000000, Size: 0x000038c4, Max: 0xffffffff, ABSOLUTE)

    Execution Region ER_RO (Base: 0x08000000, Size: 0x00003828, Max: 0xffffffff, ABSOLUTE)

    Base Addr    Size         Type   Attr      Idx    E Section Name        Object

    0x08000000   0x000000ec   Data   RO            3    RESET               startup_stm32f10x_md.o
    0x080000ec   0x00000000   Code   RO         2671  * .ARM.Collect$$$$00000000  mc_w.l(entry.o)
    0x080000ec   0x00000004   Code   RO         2951    .ARM.Collect$$$$00000001  mc_w.l(entry2.o)
    0x080000f0   0x00000004   Code   RO         2954    .ARM.Collect$$$$00000004  mc_w.l(entry5.o)
    0x080000f4   0x00000000   Code   RO         2956    .ARM.Collect$$$$00000008  mc_w.l(entry7b.o)
    0x080000f4   0x00000000   Code   RO         2958    .ARM.Collect$$$$0000000A  mc_w.l(entry8b.o)
    0x080000f4   0x00000008   Code   RO         2959    .ARM.Collect$$$$0000000B  mc_w.l(entry9a.o)
    0x080000fc   0x00000000   Code   RO         2961    .ARM.Collect$$$$0000000D  mc_w.l(entry10a.o)
    0x080000fc   0x00000000   Code   RO         2963    .ARM.Collect$$$$0000000F  mc_w.l(entry11a.o)
    0x080000fc   0x00000004   Code   RO         2952    .ARM.Collect$$$$00002712  mc_w.l(entry2.o)
    0x08000100   0x00000096   Code   RO         2152    .emb_text           port.o
    0x08000196   0x00000002   PAD
    0x08000198   0x0000001c   Code   RO            4  * .text               startup_stm32f10x_md.o
    0x080001b4   0x00000024   Code   RO         2674    .text               mc_w.l(memcpya.o)
    0x080001d8   0x00000080   Code   RO         2945    .text               mf_w.l(fdiv.o)
    0x08000258   0x0000000a   Code   RO         2947    .text               mf_w.l(ffltui.o)
    0x08000262   0x00000026   Code   RO         2949    .text               mf_w.l(f2d.o)
    0x08000288   0x0000002c   Code   RO         2966    .text               mc_w.l(uidiv.o)
    0x080002b4   0x00000062   Code   RO         2968    .text               mc_w.l(uldiv.o)
    0x08000316   0x00000000   Code   RO         2970    .text               mc_w.l(iusefp.o)
    0x08000316   0x0000006c   Code   RO         2971    .text               mf_w.l(fepilogue.o)
    0x08000382   0x0000014e   Code   RO         2973    .text               mf_w.l(dadd.o)
    0x080004d0   0x000000e4   Code   RO         2975    .text               mf_w.l(dmul.o)
    0x080005b4   0x000000de   Code   RO         2977    .text               mf_w.l(ddiv.o)
    0x08000692   0x00000030   Code   RO         2979    .text               mf_w.l(dfixul.o)
    0x080006c2   0x00000002   PAD
    0x080006c4   0x00000028   Code   RO         2981    .text               mf_w.l(cdrcmple.o)
    0x080006ec   0x00000024   Code   RO         2983    .text               mc_w.l(init.o)
    0x08000710   0x0000001e   Code   RO         2985    .text               mc_w.l(llshl.o)
    0x0800072e   0x00000020   Code   RO         2987    .text               mc_w.l(llushr.o)
    0x0800074e   0x00000024   Code   RO         2989    .text               mc_w.l(llsshr.o)
    0x08000772   0x000000be   Code   RO         2991    .text               mf_w.l(depilogue.o)
    0x08000830   0x00000002   Code   RO          177    i.BusFault_Handler  stm32f10x_it.o
    0x08000832   0x00000002   PAD
    0x08000834   0x00000024   Code   RO         1107    i.CAN_DeInit        stm32f10x_can.o
    0x08000858   0x0000000c   Code   RO         1108    i.CAN_FIFORelease   stm32f10x_can.o
    0x08000864   0x000000c4   Code   RO         1109    i.CAN_FilterInit    stm32f10x_can.o
    0x08000928   0x00000010   Code   RO         1112    i.CAN_ITConfig      stm32f10x_can.o
    0x08000938   0x000000e8   Code   RO         1113    i.CAN_Init          stm32f10x_can.o
    0x08000a20   0x0000006e   Code   RO         1115    i.CAN_Receive       stm32f10x_can.o
    0x08000a8e   0x00000020   Code   RO         1117    i.CAN_StructInit    stm32f10x_can.o
    0x08000aae   0x00000098   Code   RO         1118    i.CAN_Transmit      stm32f10x_can.o
    0x08000b46   0x00000002   PAD
    0x08000b48   0x00000030   Code   RO          392    i.CRC16             usart.o
    0x08000b78   0x00000002   Code   RO          178    i.DebugMon_Handler  stm32f10x_it.o
    0x08000b7a   0x00000002   PAD
    0x08000b7c   0x0000009e   Code   RO          632    i.GPIO_Init         stm32f10x_gpio.o
    0x08000c1a   0x00000002   PAD
    0x08000c1c   0x00000048   Code   RO          634    i.GPIO_PinRemapConfig  stm32f10x_gpio.o
    0x08000c64   0x0000000e   Code   RO          636    i.GPIO_ReadInputDataBit  stm32f10x_gpio.o
    0x08000c72   0x00000004   Code   RO          639    i.GPIO_ResetBits    stm32f10x_gpio.o
    0x08000c76   0x00000004   Code   RO          640    i.GPIO_SetBits      stm32f10x_gpio.o
    0x08000c7a   0x00000002   Code   RO          179    i.HardFault_Handler  stm32f10x_it.o
    0x08000c7c   0x00000002   Code   RO          180    i.MemManage_Handler  stm32f10x_it.o
    0x08000c7e   0x00000002   Code   RO          181    i.NMI_Handler       stm32f10x_it.o
    0x08000c80   0x00000064   Code   RO         1222    i.NVIC_Init         misc.o
    0x08000ce4   0x00000014   Code   RO         1223    i.NVIC_PriorityGroupConfig  misc.o
    0x08000cf8   0x00000018   Code   RO          737    i.RCC_APB1PeriphClockCmd  stm32f10x_rcc.o
    0x08000d10   0x00000018   Code   RO          738    i.RCC_APB1PeriphResetCmd  stm32f10x_rcc.o
    0x08000d28   0x00000018   Code   RO          739    i.RCC_APB2PeriphClockCmd  stm32f10x_rcc.o
    0x08000d40   0x00000018   Code   RO          740    i.RCC_APB2PeriphResetCmd  stm32f10x_rcc.o
    0x08000d58   0x00000090   Code   RO          747    i.RCC_GetClocksFreq  stm32f10x_rcc.o
    0x08000de8   0x00000014   Code   RO         1389    i.SPI_Cmd           stm32f10x_spi.o
    0x08000dfc   0x0000000e   Code   RO         1397    i.SPI_I2S_GetFlagStatus  stm32f10x_spi.o
    0x08000e0a   0x00000004   Code   RO         1401    i.SPI_I2S_SendData  stm32f10x_spi.o
    0x08000e0e   0x00000038   Code   RO         1402    i.SPI_Init          stm32f10x_spi.o
    0x08000e46   0x00000002   PAD
    0x08000e48   0x000000a8   Code   RO         2071    i.SetSysClockTo72   system_stm32f10x.o
    0x08000ef0   0x00000040   Code   RO         2072    i.SystemInit        system_stm32f10x.o
    0x08000f30   0x00000046   Code   RO          547    i.TIM2_Configuration  tim.o
    0x08000f76   0x00000002   PAD
    0x08000f78   0x00000028   Code   RO          548    i.TIM2_IRQHandler   tim.o
    0x08000fa0   0x00000048   Code   RO          549    i.TIM3_Configuration  tim.o
    0x08000fe8   0x00000030   Code   RO          550    i.TIM3_IRQHandler   tim.o
    0x08001018   0x00000006   Code   RO         1536    i.TIM_ClearFlag     stm32f10x_tim.o
    0x0800101e   0x00000006   Code   RO         1537    i.TIM_ClearITPendingBit  stm32f10x_tim.o
    0x08001024   0x00000016   Code   RO         1542    i.TIM_Cmd           stm32f10x_tim.o
    0x0800103a   0x00000002   PAD
    0x0800103c   0x000000b4   Code   RO         1547    i.TIM_DeInit        stm32f10x_tim.o
    0x080010f0   0x00000018   Code   RO         1563    i.TIM_GetITStatus   stm32f10x_tim.o
    0x08001108   0x00000010   Code   RO         1567    i.TIM_ITConfig      stm32f10x_tim.o
    0x08001118   0x0000003c   Code   RO         1613    i.TIM_TimeBaseInit  stm32f10x_tim.o
    0x08001154   0x0000002c   Code   RO          393    i.USART2_IRQHandler  usart.o
    0x08001180   0x00000048   Code   RO          583    i.USART3_IRQHandler  irda.o
    0x080011c8   0x0000000c   Code   RO          936    i.USART_ClearITPendingBit  stm32f10x_usart.o
    0x080011d4   0x00000014   Code   RO          939    i.USART_Cmd         stm32f10x_usart.o
    0x080011e8   0x0000003c   Code   RO          394    i.USART_Config      usart.o
    0x08001224   0x0000000e   Code   RO          942    i.USART_GetFlagStatus  stm32f10x_usart.o
    0x08001232   0x0000003e   Code   RO          943    i.USART_GetITStatus  stm32f10x_usart.o
    0x08001270   0x00000030   Code   RO          945    i.USART_ITConfig    stm32f10x_usart.o
    0x080012a0   0x0000008c   Code   RO          946    i.USART_Init        stm32f10x_usart.o
    0x0800132c   0x0000002e   Code   RO          395    i.USART_OUT         usart.o
    0x0800135a   0x00000008   Code   RO          951    i.USART_ReceiveData  stm32f10x_usart.o
    0x08001362   0x00000008   Code   RO          954    i.USART_SendData    stm32f10x_usart.o
    0x0800136a   0x00000002   PAD
    0x0800136c   0x0000007c   Code   RO          466    i.USB_LP_CAN1_RX0_IRQHandler  charger.o
    0x080013e8   0x00000002   Code   RO          182    i.UsageFault_Handler  stm32f10x_it.o
    0x080013ea   0x00000002   PAD
    0x080013ec   0x00000028   Code   RO         2919    i.__0sprintf        mc_w.l(printfa.o)
    0x08001414   0x0000000e   Code   RO         2995    i.__scatterload_copy  mc_w.l(handlers.o)
    0x08001422   0x00000002   Code   RO         2996    i.__scatterload_null  mc_w.l(handlers.o)
    0x08001424   0x0000000e   Code   RO         2997    i.__scatterload_zeroinit  mc_w.l(handlers.o)
    0x08001432   0x00000002   PAD
    0x08001434   0x0000015c   Code   RO         2924    i._fp_digits        mc_w.l(printfa.o)
    0x08001590   0x000006f0   Code   RO         2925    i._printf_core      mc_w.l(printfa.o)
    0x08001c80   0x00000026   Code   RO         2926    i._printf_post_padding  mc_w.l(printfa.o)
    0x08001ca6   0x00000030   Code   RO         2927    i._printf_pre_padding  mc_w.l(printfa.o)
    0x08001cd6   0x0000000a   Code   RO         2929    i._sputc            mc_w.l(printfa.o)
    0x08001ce0   0x0000000c   Code   RO          467    i.agvConnectResetCmd  charger.o
    0x08001cec   0x0000000c   Code   RO          468    i.agvConnectSetCmd  charger.o
    0x08001cf8   0x0000000c   Code   RO          469    i.agvOpenResetCmd   charger.o
    0x08001d04   0x0000000c   Code   RO          470    i.agvOpenSetCmd     charger.o
    0x08001d10   0x00000024   Code   RO          347    i.byteSend          lcd.o
    0x08001d34   0x0000003c   Code   RO           10    i.canChargeTask     main.o
    0x08001d70   0x00000050   Code   RO          256    i.canGpioConfig     can.o
    0x08001dc0   0x00000070   Code   RO          257    i.canInit           can.o
    0x08001e30   0x00000050   Code   RO          258    i.canMsgTx          can.o
    0x08001e80   0x000000ec   Code   RO          471    i.chargerCTRLLoop   charger.o
    0x08001f6c   0x00000068   Code   RO          584    i.chargerStatusBack  irda.o
    0x08001fd4   0x000000ac   Code   RO          472    i.closeCharger      charger.o
    0x08002080   0x0000003c   Code   RO          348    i.cmdSend           lcd.o
    0x080020bc   0x0000003c   Code   RO          349    i.dataSend          lcd.o
    0x080020f8   0x0000000c   Code   RO          473    i.getCurr           charger.o
    0x08002104   0x00000054   Code   RO           11    i.initShowStrings   main.o
    0x08002158   0x00000060   Code   RO          474    i.isBattryVolGood   charger.o
    0x080021b8   0x00000058   Code   RO          475    i.isChargerNotGood  charger.o
    0x08002210   0x00000028   Code   RO          585    i.isCheckEOF        irda.o
    0x08002238   0x00000014   Code   RO          586    i.isCheckHead       irda.o
    0x0800224c   0x00000084   Code   RO          476    i.isCurGood         charger.o
    0x080022d0   0x00000050   Code   RO          301    i.keyInit           key.o
    0x08002320   0x00000030   Code   RO          350    i.lcdInit           lcd.o
    0x08002350   0x00000012   Code   RO           12    i.lcdShowElectricity  main.o
    0x08002362   0x00000002   PAD
    0x08002364   0x00000040   Code   RO          351    i.lcdShowHex        lcd.o
    0x080023a4   0x0000007c   Code   RO          352    i.lcdShowNumber     lcd.o
    0x08002420   0x0000001a   Code   RO          353    i.lcdShowString     lcd.o
    0x0800243a   0x00000002   PAD
    0x0800243c   0x00000038   Code   RO          287    i.ledGpioConfig     led.o
    0x08002474   0x000000c0   Code   RO           13    i.main              main.o
    0x08002534   0x00000074   Code   RO          587    i.msgFeedBackToIrda  irda.o
    0x080025a8   0x00000074   Code   RO          436    i.nvicConfig        nvicconfig.o
    0x0800261c   0x00000090   Code   RO          477    i.openCharger       charger.o
    0x080026ac   0x00000070   Code   RO         2349    i.prvAddCurrentTaskToDelayedList  tasks.o
    0x0800271c   0x000000d0   Code   RO         2350    i.prvAddNewTaskToReadyList  tasks.o
    0x080027ec   0x00000050   Code   RO         2351    i.prvCheckTasksWaitingTermination  tasks.o
    0x0800283c   0x00000026   Code   RO         2223    i.prvCopyDataFromQueue  queue.o
    0x08002862   0x0000005a   Code   RO         2224    i.prvCopyDataToQueue  queue.o
    0x080028bc   0x00000014   Code   RO         2352    i.prvDeleteTCB      tasks.o
    0x080028d0   0x0000004c   Code   RO         2622    i.prvHeapInit       heap_4.o
    0x0800291c   0x00000028   Code   RO         2353    i.prvIdleTask       tasks.o
    0x08002944   0x00000078   Code   RO         2354    i.prvInitialiseNewTask  tasks.o
    0x080029bc   0x0000004c   Code   RO         2623    i.prvInsertBlockIntoFreeList  heap_4.o
    0x08002a08   0x0000001c   Code   RO         2225    i.prvIsQueueEmpty   queue.o
    0x08002a24   0x00000020   Code   RO         2355    i.prvResetNextTaskUnblockTime  tasks.o
    0x08002a44   0x00000010   Code   RO         2153    i.prvTaskExitError  port.o
    0x08002a54   0x0000006a   Code   RO         2226    i.prvUnlockQueue    queue.o
    0x08002abe   0x00000002   PAD
    0x08002ac0   0x00000098   Code   RO         2624    i.pvPortMalloc      heap_4.o
    0x08002b58   0x00000024   Code   RO         2154    i.pxPortInitialiseStack  port.o
    0x08002b7c   0x00000048   Code   RO          588    i.rcvMsgFromIrda    irda.o
    0x08002bc4   0x000000d0   Code   RO          478    i.setCharger        charger.o
    0x08002c94   0x00000058   Code   RO          323    i.spiConfig         spi.o
    0x08002cec   0x00000044   Code   RO          324    i.spiGpioConfig     spi.o
    0x08002d30   0x0000000e   Code   RO          325    i.spiInit           spi.o
    0x08002d3e   0x00000002   PAD
    0x08002d40   0x00000060   Code   RO           14    i.spiLcdTask        main.o
    0x08002da0   0x00000040   Code   RO          396    i.usart485Send      usart.o
    0x08002de0   0x000000b0   Code   RO          397    i.usartConfig       usart.o
    0x08002e90   0x00000050   Code   RO           16    i.usartIrdaTask     main.o
    0x08002ee0   0x00000024   Code   RO         2107    i.uxListRemove      list.o
    0x08002f04   0x00000016   Code   RO         2108    i.vListInitialise   list.o
    0x08002f1a   0x00000006   Code   RO         2109    i.vListInitialiseItem  list.o
    0x08002f20   0x00000030   Code   RO         2110    i.vListInsert       list.o
    0x08002f50   0x00000018   Code   RO         2111    i.vListInsertEnd    list.o
    0x08002f68   0x0000001c   Code   RO         2156    i.vPortEnterCritical  port.o
    0x08002f84   0x00000014   Code   RO         2157    i.vPortExitCritical  port.o
    0x08002f98   0x00000040   Code   RO         2625    i.vPortFree         heap_4.o
    0x08002fd8   0x00000014   Code   RO         2158    i.vPortSetupTimerInterrupt  port.o
    0x08002fec   0x00000030   Code   RO         2362    i.vTaskDelay        tasks.o
    0x0800301c   0x0000000c   Code   RO         2366    i.vTaskMissedYield  tasks.o
    0x08003028   0x00000020   Code   RO         2368    i.vTaskPlaceOnEventList  tasks.o
    0x08003048   0x00000010   Code   RO         2372    i.vTaskSetTimeOutState  tasks.o
    0x08003058   0x00000054   Code   RO         2373    i.vTaskStartScheduler  tasks.o
    0x080030ac   0x00000010   Code   RO         2375    i.vTaskSuspendAll   tasks.o
    0x080030bc   0x00000044   Code   RO         2376    i.vTaskSwitchContext  tasks.o
    0x08003100   0x00000030   Code   RO         2159    i.xPortStartScheduler  port.o
    0x08003130   0x0000002c   Code   RO         2160    i.xPortSysTickHandler  port.o
    0x0800315c   0x00000036   Code   RO         2231    i.xQueueGenericCreate  queue.o
    0x08003192   0x00000002   PAD
    0x08003194   0x00000108   Code   RO         2232    i.xQueueGenericReceive  queue.o
    0x0800329c   0x00000074   Code   RO         2233    i.xQueueGenericReset  queue.o
    0x08003310   0x00000066   Code   RO         2235    i.xQueueGenericSendFromISR  queue.o
    0x08003376   0x00000002   PAD
    0x08003378   0x00000048   Code   RO         2377    i.xTaskCheckForTimeOut  tasks.o
    0x080033c0   0x00000056   Code   RO         2378    i.xTaskCreate       tasks.o
    0x08003416   0x00000002   PAD
    0x08003418   0x000000b4   Code   RO         2383    i.xTaskIncrementTick  tasks.o
    0x080034cc   0x00000068   Code   RO         2386    i.xTaskRemoveFromEventList  tasks.o
    0x08003534   0x000000b4   Code   RO         2388    i.xTaskResumeAll    tasks.o
    0x080035e8   0x00000200   Data   RO          398    .constdata          usart.o
    0x080037e8   0x0000001e   Data   RO          589    .constdata          irda.o
    0x08003806   0x00000002   PAD
    0x08003808   0x00000020   Data   RO         2993    Region$$Table       anon$$obj.o


    Execution Region ER_RW (Base: 0x20000000, Size: 0x0000009c, Max: 0xffffffff, ABSOLUTE)

    Base Addr    Size         Type   Attr      Idx    E Section Name        Object

    0x20000000   0x00000014   Data   RW           17    .data               main.o
    0x20000014   0x0000000a   Data   RW          479    .data               charger.o
    0x2000001e   0x00000002   PAD
    0x20000020   0x00000008   Data   RW          551    .data               tim.o
    0x20000028   0x00000007   Data   RW          590    .data               irda.o
    0x2000002f   0x00000014   Data   RW          767    .data               stm32f10x_rcc.o
    0x20000043   0x00000001   PAD
    0x20000044   0x00000004   Data   RW         2161    .data               port.o
    0x20000048   0x0000003c   Data   RW         2391    .data               tasks.o
    0x20000084   0x00000018   Data   RW         2630    .data               heap_4.o


    Execution Region ER_ZI (Base: 0x2000009c, Size: 0x00004ae4, Max: 0xffffffff, ABSOLUTE)

    Base Addr    Size         Type   Attr      Idx    E Section Name        Object

    0x2000009c   0x000002e4   Zero   RW         2390    .bss                tasks.o
    0x20000380   0x00004400   Zero   RW         2629    .bss                heap_4.o
    0x20004780   0x00000400   Zero   RW            1    STACK               startup_stm32f10x_md.o


==============================================================================

Image component sizes


      Code (inc. data)   RO Data    RW Data    ZI Data      Debug   Object Name

       272         26          0          0          0       1513   can.o
      1260        154          0         10          0       7445   charger.o
       368         24          0         24      17408       3187   heap_4.o
       424         46         30          7          0       3653   irda.o
        80         10          0          0          0        426   key.o
       418         44          0          0          0       3355   lcd.o
        56          6          0          0          0        428   led.o
       136          0          0          0          0       3914   list.o
       530        146          0         20          0     278853   main.o
       120         20          0          0          0       1223   misc.o
       116          0          0          0          0        493   nvicconfig.o
       362         46          0          4          0       8052   port.o
       798          8          0          0          0      14701   queue.o
       170          8          0          0          0       1282   spi.o
        28          4        236          0       1024        772   startup_stm32f10x_md.o
       786         10          0          0          0       6172   stm32f10x_can.o
       252          6          0          0          0       3402   stm32f10x_gpio.o
        12          0          0          0          0       2193   stm32f10x_it.o
       240         40          0         20          0       4976   stm32f10x_rcc.o
        94          0          0          0          0       2600   stm32f10x_spi.o
       314         20          0          0          0       7190   stm32f10x_tim.o
       312          6          0          0          0       5455   stm32f10x_usart.o
       232         22          0          0          0       1313   system_stm32f10x.o
      1510        148          0         60        740      21967   tasks.o
       230         18          0          8          0       2095   tim.o
       438         34        512          0          0       3319   usart.o

    ----------------------------------------------------------------------
      9592        846        812        156      19172     389979   Object Totals
         0          0         32          0          0          0   (incl. Generated)
        34          0          2          3          0          0   (incl. Padding)

    ----------------------------------------------------------------------

      Code (inc. data)   RO Data    RW Data    ZI Data      Debug   Library Member Name

         0          0          0          0          0          0   entry.o
         0          0          0          0          0          0   entry10a.o
         0          0          0          0          0          0   entry11a.o
         8          4          0          0          0          0   entry2.o
         4          0          0          0          0          0   entry5.o
         0          0          0          0          0          0   entry7b.o
         0          0          0          0          0          0   entry8b.o
         8          4          0          0          0          0   entry9a.o
        30          0          0          0          0          0   handlers.o
        36          8          0          0          0         68   init.o
         0          0          0          0          0          0   iusefp.o
        30          0          0          0          0         68   llshl.o
        36          0          0          0          0         68   llsshr.o
        32          0          0          0          0         68   llushr.o
        36          0          0          0          0         68   memcpya.o
      2260         86          0          0          0        512   printfa.o
        44          0          0          0          0         80   uidiv.o
        98          0          0          0          0         92   uldiv.o
        40          2          0          0          0         68   cdrcmple.o
       334          0          0          0          0        144   dadd.o
       222          0          0          0          0        100   ddiv.o
       190          0          0          0          0        176   depilogue.o
        48          0          0          0          0         68   dfixul.o
       228          0          0          0          0         92   dmul.o
        38          0          0          0          0         68   f2d.o
       128          0          0          0          0         88   fdiv.o
       108          0          0          0          0        168   fepilogue.o
        10          0          0          0          0         68   ffltui.o

    ----------------------------------------------------------------------
      3972        104          0          0          0       2064   Library Totals
         4          0          0          0          0          0   (incl. Padding)

    ----------------------------------------------------------------------

      Code (inc. data)   RO Data    RW Data    ZI Data      Debug   Library Name

      2622        102          0          0          0       1024   mc_w.l
      1346          2          0          0          0       1040   mf_w.l

    ----------------------------------------------------------------------
      3972        104          0          0          0       2064   Library Totals

    ----------------------------------------------------------------------

==============================================================================


      Code (inc. data)   RO Data    RW Data    ZI Data      Debug   

     13564        950        812        156      19172     383671   Grand Totals
     13564        950        812        156      19172     383671   ELF Image Totals
     13564        950        812        156          0          0   ROM Totals

==============================================================================

    Total RO  Size (Code + RO Data)                14376 (  14.04kB)
    Total RW  Size (RW Data + ZI Data)             19328 (  18.88kB)
    Total ROM Size (Code + RO Data + RW Data)      14532 (  14.19kB)

==============================================================================

