ARM Linker, 5.03 [Build 24] [MDK-ARM Standard]

==============================================================================

Section Cross References

    startup_stm32f10x_md.o(RESET) refers to startup_stm32f10x_md.o(STACK) for __initial_sp
    startup_stm32f10x_md.o(RESET) refers to startup_stm32f10x_md.o(.text) for Reset_Handler
    startup_stm32f10x_md.o(RESET) refers to stm32f10x_it.o(.text) for NMI_Handler
    startup_stm32f10x_md.o(RESET) refers to port.o(.emb_text) for vPortSVCHandler
    startup_stm32f10x_md.o(RESET) refers to port.o(.text) for xPortSysTickHandler
    startup_stm32f10x_md.o(RESET) refers to can.o(.text) for USB_LP_CAN1_RX0_IRQHandler
    startup_stm32f10x_md.o(RESET) refers to usart.o(.text) for USART2_IRQHandler
    startup_stm32f10x_md.o(.text) refers to entry.o(.ARM.Collect$$$$00000000) for __main
    main.o(.text) refers to can.o(.text) for canMsgTx
    main.o(.text) refers to tasks.o(.text) for vTaskDelay
    main.o(.text) refers to usart.o(.text) for usart485Send
    main.o(.text) refers to lcd.o(.text) for lcdShowNumber
    main.o(.text) refers to cfrcmple.o(.text) for __aeabi_cfrcmple
    main.o(.text) refers to ttllcd.o(.text) for ttlLcdMsgSed
    main.o(.text) refers to system_stm32f10x.o(.text) for SystemInit
    main.o(.text) refers to key.o(.text) for keyInit
    main.o(.text) refers to led.o(.text) for ledGpioConfig
    main.o(.text) refers to spi.o(.text) for spiInit
    main.o(.text) refers to nvicconfig.o(.text) for nvicConfig
    main.o(.text) refers to main.o(.data) for UsartLcdTaskHandle
    usart1.o(.text) refers to stm32f10x_rcc.o(.text) for RCC_APB2PeriphClockCmd
    usart1.o(.text) refers to stm32f10x_gpio.o(.text) for GPIO_Init
    usart1.o(.text) refers to stm32f10x_usart.o(.text) for USART_Init
    can.o(.text) refers to stm32f10x_rcc.o(.text) for RCC_APB2PeriphClockCmd
    can.o(.text) refers to stm32f10x_gpio.o(.text) for GPIO_Init
    can.o(.text) refers to stm32f10x_can.o(.text) for CAN_DeInit
    led.o(.text) refers to stm32f10x_rcc.o(.text) for RCC_APB2PeriphClockCmd
    led.o(.text) refers to stm32f10x_gpio.o(.text) for GPIO_Init
    key.o(.text) refers to stm32f10x_rcc.o(.text) for RCC_APB2PeriphClockCmd
    key.o(.text) refers to stm32f10x_gpio.o(.text) for GPIO_Init
    key.o(.text) refers to can.o(.text) for canMsgTx
    spi.o(.text) refers to stm32f10x_rcc.o(.text) for RCC_APB2PeriphClockCmd
    spi.o(.text) refers to stm32f10x_spi.o(.text) for SPI_Init
    spi.o(.text) refers to stm32f10x_gpio.o(.text) for GPIO_Init
    lcd.o(.text) refers to stm32f10x_spi.o(.text) for SPI_I2S_GetFlagStatus
    lcd.o(.text) refers to stm32f10x_gpio.o(.text) for GPIO_SetBits
    lcd.o(.text) refers to tasks.o(.text) for vTaskDelay
    lcd.o(.text) refers to cfcmple.o(.text) for __aeabi_cfcmple
    lcd.o(.text) refers to fadd.o(.text) for __aeabi_fsub
    lcd.o(.text) refers to cfrcmple.o(.text) for __aeabi_cfrcmple
    lcd.o(.text) refers to f2d.o(.text) for __aeabi_f2d
    lcd.o(.text) refers to printfa.o(i.__0sprintf) for __2sprintf
    usart.o(.text) refers to stm32f10x_usart.o(.text) for USART_Init
    usart.o(.text) refers to stm32f10x_rcc.o(.text) for RCC_APB2PeriphClockCmd
    usart.o(.text) refers to stm32f10x_gpio.o(.text) for GPIO_Init
    nvicconfig.o(.text) refers to misc.o(.text) for NVIC_PriorityGroupConfig
    ttllcd.o(.text) refers to memseta.o(.text) for __aeabi_memclr4
    ttllcd.o(.text) refers to cfcmple.o(.text) for __aeabi_cfcmple
    ttllcd.o(.text) refers to f2d.o(.text) for __aeabi_f2d
    ttllcd.o(.text) refers to printfa.o(i.__0sprintf) for __2sprintf
    ttllcd.o(.text) refers to strcpy.o(.text) for strcpy
    ttllcd.o(.text) refers to strcat.o(.text) for strcat
    ttllcd.o(.text) refers to usart.o(.text) for USART_OUT
    ttllcd.o(.text) refers to tasks.o(.text) for vTaskDelay
    stm32f10x_gpio.o(.text) refers to stm32f10x_rcc.o(.text) for RCC_APB2PeriphResetCmd
    stm32f10x_rcc.o(.text) refers to stm32f10x_rcc.o(.data) for APBAHBPrescTable
    stm32f10x_usart.o(.text) refers to stm32f10x_rcc.o(.text) for RCC_APB2PeriphResetCmd
    stm32f10x_can.o(.text) refers to stm32f10x_rcc.o(.text) for RCC_APB1PeriphResetCmd
    stm32f10x_spi.o(.text) refers to stm32f10x_rcc.o(.text) for RCC_APB2PeriphResetCmd
    heap_2.o(.text) refers to tasks.o(.text) for vTaskSuspendAll
    heap_2.o(.text) refers to heap_2.o(.bss) for ucHeap
    heap_2.o(.text) refers to heap_2.o(.data) for xStart
    port.o(.emb_text) refers to tasks.o(.text) for vTaskSwitchContext
    port.o(.emb_text) refers to tasks.o(.data) for pxCurrentTCB
    port.o(.text) refers to port.o(.emb_text) for __asm___6_port_c_39a90d8d__prvStartFirstTask
    port.o(.text) refers to tasks.o(.text) for xTaskIncrementTick
    port.o(.text) refers to port.o(.data) for uxCriticalNesting
    queue.o(.text) refers to port.o(.text) for vPortEnterCritical
    queue.o(.text) refers to tasks.o(.text) for xTaskRemoveFromEventList
    queue.o(.text) refers to list.o(.text) for vListInitialise
    queue.o(.text) refers to heap_2.o(.text) for pvPortMalloc
    queue.o(.text) refers to memcpya.o(.text) for __aeabi_memcpy
    tasks.o(.text) refers to list.o(.text) for vListInitialise
    tasks.o(.text) refers to port.o(.text) for vPortEnterCritical
    tasks.o(.text) refers to heap_2.o(.text) for pvPortMalloc
    tasks.o(.text) refers to tasks.o(.bss) for pxReadyTasksLists
    tasks.o(.text) refers to tasks.o(.data) for pxDelayedTaskList
    entry.o(.ARM.Collect$$$$00000000) refers (Special) to entry10a.o(.ARM.Collect$$$$0000000D) for __rt_final_cpp
    entry.o(.ARM.Collect$$$$00000000) refers (Special) to entry11a.o(.ARM.Collect$$$$0000000F) for __rt_final_exit
    entry.o(.ARM.Collect$$$$00000000) refers (Special) to entry7b.o(.ARM.Collect$$$$00000008) for _main_clock
    entry.o(.ARM.Collect$$$$00000000) refers (Special) to entry8b.o(.ARM.Collect$$$$0000000A) for _main_cpp_init
    entry.o(.ARM.Collect$$$$00000000) refers (Special) to entry9a.o(.ARM.Collect$$$$0000000B) for _main_init
    entry.o(.ARM.Collect$$$$00000000) refers (Special) to entry5.o(.ARM.Collect$$$$00000004) for _main_scatterload
    entry.o(.ARM.Collect$$$$00000000) refers (Special) to entry2.o(.ARM.Collect$$$$00000001) for _main_stk
    printfb.o(i.__0fprintf$bare) refers to printfb.o(i._printf_core) for _printf_core
    printfb.o(i.__0fprintf$bare) refers to usart1.o(.text) for fputc
    printfb.o(i.__0printf$bare) refers to printfb.o(i._printf_core) for _printf_core
    printfb.o(i.__0printf$bare) refers to usart1.o(.text) for fputc
    printfb.o(i.__0printf$bare) refers to stdout.o(.data) for __stdout
    printfb.o(i.__0snprintf$bare) refers to printfb.o(i._printf_core) for _printf_core
    printfb.o(i.__0snprintf$bare) refers to printfb.o(i._snputc) for _snputc
    printfb.o(i.__0sprintf$bare) refers to printfb.o(i._printf_core) for _printf_core
    printfb.o(i.__0sprintf$bare) refers to printfb.o(i._sputc) for _sputc
    printfb.o(i.__0vfprintf$bare) refers to printfb.o(i._printf_core) for _printf_core
    printfb.o(i.__0vfprintf$bare) refers to usart1.o(.text) for fputc
    printfb.o(i.__0vprintf$bare) refers to printfb.o(i._printf_core) for _printf_core
    printfb.o(i.__0vprintf$bare) refers to usart1.o(.text) for fputc
    printfb.o(i.__0vprintf$bare) refers to stdout.o(.data) for __stdout
    printfb.o(i.__0vsnprintf$bare) refers to printfb.o(i._printf_core) for _printf_core
    printfb.o(i.__0vsnprintf$bare) refers to printfb.o(i._snputc) for _snputc
    printfb.o(i.__0vsprintf$bare) refers to printfb.o(i._printf_core) for _printf_core
    printfb.o(i.__0vsprintf$bare) refers to printfb.o(i._sputc) for _sputc
    printf0.o(i.__0fprintf$0) refers to printf0.o(i._printf_core) for _printf_core
    printf0.o(i.__0fprintf$0) refers to usart1.o(.text) for fputc
    printf0.o(i.__0printf$0) refers to printf0.o(i._printf_core) for _printf_core
    printf0.o(i.__0printf$0) refers to usart1.o(.text) for fputc
    printf0.o(i.__0printf$0) refers to stdout.o(.data) for __stdout
    printf0.o(i.__0snprintf$0) refers to printf0.o(i._printf_core) for _printf_core
    printf0.o(i.__0snprintf$0) refers to printf0.o(i._snputc) for _snputc
    printf0.o(i.__0sprintf$0) refers to printf0.o(i._printf_core) for _printf_core
    printf0.o(i.__0sprintf$0) refers to printf0.o(i._sputc) for _sputc
    printf0.o(i.__0vfprintf$0) refers to printf0.o(i._printf_core) for _printf_core
    printf0.o(i.__0vfprintf$0) refers to usart1.o(.text) for fputc
    printf0.o(i.__0vprintf$0) refers to printf0.o(i._printf_core) for _printf_core
    printf0.o(i.__0vprintf$0) refers to usart1.o(.text) for fputc
    printf0.o(i.__0vprintf$0) refers to stdout.o(.data) for __stdout
    printf0.o(i.__0vsnprintf$0) refers to printf0.o(i._printf_core) for _printf_core
    printf0.o(i.__0vsnprintf$0) refers to printf0.o(i._snputc) for _snputc
    printf0.o(i.__0vsprintf$0) refers to printf0.o(i._printf_core) for _printf_core
    printf0.o(i.__0vsprintf$0) refers to printf0.o(i._sputc) for _sputc
    printf1.o(i.__0fprintf$1) refers to printf1.o(i._printf_core) for _printf_core
    printf1.o(i.__0fprintf$1) refers to usart1.o(.text) for fputc
    printf1.o(i.__0printf$1) refers to printf1.o(i._printf_core) for _printf_core
    printf1.o(i.__0printf$1) refers to usart1.o(.text) for fputc
    printf1.o(i.__0printf$1) refers to stdout.o(.data) for __stdout
    printf1.o(i.__0snprintf$1) refers to printf1.o(i._printf_core) for _printf_core
    printf1.o(i.__0snprintf$1) refers to printf1.o(i._snputc) for _snputc
    printf1.o(i.__0sprintf$1) refers to printf1.o(i._printf_core) for _printf_core
    printf1.o(i.__0sprintf$1) refers to printf1.o(i._sputc) for _sputc
    printf1.o(i.__0vfprintf$1) refers to printf1.o(i._printf_core) for _printf_core
    printf1.o(i.__0vfprintf$1) refers to usart1.o(.text) for fputc
    printf1.o(i.__0vprintf$1) refers to printf1.o(i._printf_core) for _printf_core
    printf1.o(i.__0vprintf$1) refers to usart1.o(.text) for fputc
    printf1.o(i.__0vprintf$1) refers to stdout.o(.data) for __stdout
    printf1.o(i.__0vsnprintf$1) refers to printf1.o(i._printf_core) for _printf_core
    printf1.o(i.__0vsnprintf$1) refers to printf1.o(i._snputc) for _snputc
    printf1.o(i.__0vsprintf$1) refers to printf1.o(i._printf_core) for _printf_core
    printf1.o(i.__0vsprintf$1) refers to printf1.o(i._sputc) for _sputc
    printf1.o(i._printf_core) refers to uidiv.o(.text) for __aeabi_uidivmod
    printf2.o(i.__0fprintf$2) refers to printf2.o(i._printf_core) for _printf_core
    printf2.o(i.__0fprintf$2) refers to usart1.o(.text) for fputc
    printf2.o(i.__0printf$2) refers to printf2.o(i._printf_core) for _printf_core
    printf2.o(i.__0printf$2) refers to usart1.o(.text) for fputc
    printf2.o(i.__0printf$2) refers to stdout.o(.data) for __stdout
    printf2.o(i.__0snprintf$2) refers to printf2.o(i._printf_core) for _printf_core
    printf2.o(i.__0snprintf$2) refers to printf2.o(i._snputc) for _snputc
    printf2.o(i.__0sprintf$2) refers to printf2.o(i._printf_core) for _printf_core
    printf2.o(i.__0sprintf$2) refers to printf2.o(i._sputc) for _sputc
    printf2.o(i.__0vfprintf$2) refers to printf2.o(i._printf_core) for _printf_core
    printf2.o(i.__0vfprintf$2) refers to usart1.o(.text) for fputc
    printf2.o(i.__0vprintf$2) refers to printf2.o(i._printf_core) for _printf_core
    printf2.o(i.__0vprintf$2) refers to usart1.o(.text) for fputc
    printf2.o(i.__0vprintf$2) refers to stdout.o(.data) for __stdout
    printf2.o(i.__0vsnprintf$2) refers to printf2.o(i._printf_core) for _printf_core
    printf2.o(i.__0vsnprintf$2) refers to printf2.o(i._snputc) for _snputc
    printf2.o(i.__0vsprintf$2) refers to printf2.o(i._printf_core) for _printf_core
    printf2.o(i.__0vsprintf$2) refers to printf2.o(i._sputc) for _sputc
    printf3.o(i.__0fprintf$3) refers to printf3.o(i._printf_core) for _printf_core
    printf3.o(i.__0fprintf$3) refers to usart1.o(.text) for fputc
    printf3.o(i.__0printf$3) refers to printf3.o(i._printf_core) for _printf_core
    printf3.o(i.__0printf$3) refers to usart1.o(.text) for fputc
    printf3.o(i.__0printf$3) refers to stdout.o(.data) for __stdout
    printf3.o(i.__0snprintf$3) refers to printf3.o(i._printf_core) for _printf_core
    printf3.o(i.__0snprintf$3) refers to printf3.o(i._snputc) for _snputc
    printf3.o(i.__0sprintf$3) refers to printf3.o(i._printf_core) for _printf_core
    printf3.o(i.__0sprintf$3) refers to printf3.o(i._sputc) for _sputc
    printf3.o(i.__0vfprintf$3) refers to printf3.o(i._printf_core) for _printf_core
    printf3.o(i.__0vfprintf$3) refers to usart1.o(.text) for fputc
    printf3.o(i.__0vprintf$3) refers to printf3.o(i._printf_core) for _printf_core
    printf3.o(i.__0vprintf$3) refers to usart1.o(.text) for fputc
    printf3.o(i.__0vprintf$3) refers to stdout.o(.data) for __stdout
    printf3.o(i.__0vsnprintf$3) refers to printf3.o(i._printf_core) for _printf_core
    printf3.o(i.__0vsnprintf$3) refers to printf3.o(i._snputc) for _snputc
    printf3.o(i.__0vsprintf$3) refers to printf3.o(i._printf_core) for _printf_core
    printf3.o(i.__0vsprintf$3) refers to printf3.o(i._sputc) for _sputc
    printf3.o(i._printf_core) refers to uidiv.o(.text) for __aeabi_uidivmod
    printf4.o(i.__0fprintf$4) refers to printf4.o(i._printf_core) for _printf_core
    printf4.o(i.__0fprintf$4) refers to usart1.o(.text) for fputc
    printf4.o(i.__0printf$4) refers to printf4.o(i._printf_core) for _printf_core
    printf4.o(i.__0printf$4) refers to usart1.o(.text) for fputc
    printf4.o(i.__0printf$4) refers to stdout.o(.data) for __stdout
    printf4.o(i.__0snprintf$4) refers to printf4.o(i._printf_core) for _printf_core
    printf4.o(i.__0snprintf$4) refers to printf4.o(i._snputc) for _snputc
    printf4.o(i.__0sprintf$4) refers to printf4.o(i._printf_core) for _printf_core
    printf4.o(i.__0sprintf$4) refers to printf4.o(i._sputc) for _sputc
    printf4.o(i.__0vfprintf$4) refers to printf4.o(i._printf_core) for _printf_core
    printf4.o(i.__0vfprintf$4) refers to usart1.o(.text) for fputc
    printf4.o(i.__0vprintf$4) refers to printf4.o(i._printf_core) for _printf_core
    printf4.o(i.__0vprintf$4) refers to usart1.o(.text) for fputc
    printf4.o(i.__0vprintf$4) refers to stdout.o(.data) for __stdout
    printf4.o(i.__0vsnprintf$4) refers to printf4.o(i._printf_core) for _printf_core
    printf4.o(i.__0vsnprintf$4) refers to printf4.o(i._snputc) for _snputc
    printf4.o(i.__0vsprintf$4) refers to printf4.o(i._printf_core) for _printf_core
    printf4.o(i.__0vsprintf$4) refers to printf4.o(i._sputc) for _sputc
    printf4.o(i._printf_core) refers to uldiv.o(.text) for __aeabi_uldivmod
    printf5.o(i.__0fprintf$5) refers to printf5.o(i._printf_core) for _printf_core
    printf5.o(i.__0fprintf$5) refers to usart1.o(.text) for fputc
    printf5.o(i.__0printf$5) refers to printf5.o(i._printf_core) for _printf_core
    printf5.o(i.__0printf$5) refers to usart1.o(.text) for fputc
    printf5.o(i.__0printf$5) refers to stdout.o(.data) for __stdout
    printf5.o(i.__0snprintf$5) refers to printf5.o(i._printf_core) for _printf_core
    printf5.o(i.__0snprintf$5) refers to printf5.o(i._snputc) for _snputc
    printf5.o(i.__0sprintf$5) refers to printf5.o(i._printf_core) for _printf_core
    printf5.o(i.__0sprintf$5) refers to printf5.o(i._sputc) for _sputc
    printf5.o(i.__0vfprintf$5) refers to printf5.o(i._printf_core) for _printf_core
    printf5.o(i.__0vfprintf$5) refers to usart1.o(.text) for fputc
    printf5.o(i.__0vprintf$5) refers to printf5.o(i._printf_core) for _printf_core
    printf5.o(i.__0vprintf$5) refers to usart1.o(.text) for fputc
    printf5.o(i.__0vprintf$5) refers to stdout.o(.data) for __stdout
    printf5.o(i.__0vsnprintf$5) refers to printf5.o(i._printf_core) for _printf_core
    printf5.o(i.__0vsnprintf$5) refers to printf5.o(i._snputc) for _snputc
    printf5.o(i.__0vsprintf$5) refers to printf5.o(i._printf_core) for _printf_core
    printf5.o(i.__0vsprintf$5) refers to printf5.o(i._sputc) for _sputc
    printf5.o(i._printf_core) refers to uldiv.o(.text) for __aeabi_uldivmod
    printf6.o(i.__0fprintf$6) refers to printf6.o(i._printf_core) for _printf_core
    printf6.o(i.__0fprintf$6) refers to usart1.o(.text) for fputc
    printf6.o(i.__0printf$6) refers to printf6.o(i._printf_core) for _printf_core
    printf6.o(i.__0printf$6) refers to usart1.o(.text) for fputc
    printf6.o(i.__0printf$6) refers to stdout.o(.data) for __stdout
    printf6.o(i.__0snprintf$6) refers to printf6.o(i._printf_core) for _printf_core
    printf6.o(i.__0snprintf$6) refers to printf6.o(i._snputc) for _snputc
    printf6.o(i.__0sprintf$6) refers to printf6.o(i._printf_core) for _printf_core
    printf6.o(i.__0sprintf$6) refers to printf6.o(i._sputc) for _sputc
    printf6.o(i.__0vfprintf$6) refers to printf6.o(i._printf_core) for _printf_core
    printf6.o(i.__0vfprintf$6) refers to usart1.o(.text) for fputc
    printf6.o(i.__0vprintf$6) refers to printf6.o(i._printf_core) for _printf_core
    printf6.o(i.__0vprintf$6) refers to usart1.o(.text) for fputc
    printf6.o(i.__0vprintf$6) refers to stdout.o(.data) for __stdout
    printf6.o(i.__0vsnprintf$6) refers to printf6.o(i._printf_core) for _printf_core
    printf6.o(i.__0vsnprintf$6) refers to printf6.o(i._snputc) for _snputc
    printf6.o(i.__0vsprintf$6) refers to printf6.o(i._printf_core) for _printf_core
    printf6.o(i.__0vsprintf$6) refers to printf6.o(i._sputc) for _sputc
    printf6.o(i._printf_core) refers to printf6.o(i._printf_pre_padding) for _printf_pre_padding
    printf6.o(i._printf_core) refers to uidiv.o(.text) for __aeabi_uidivmod
    printf6.o(i._printf_core) refers to printf6.o(i._printf_post_padding) for _printf_post_padding
    printf7.o(i.__0fprintf$7) refers to printf7.o(i._printf_core) for _printf_core
    printf7.o(i.__0fprintf$7) refers to usart1.o(.text) for fputc
    printf7.o(i.__0printf$7) refers to printf7.o(i._printf_core) for _printf_core
    printf7.o(i.__0printf$7) refers to usart1.o(.text) for fputc
    printf7.o(i.__0printf$7) refers to stdout.o(.data) for __stdout
    printf7.o(i.__0snprintf$7) refers to printf7.o(i._printf_core) for _printf_core
    printf7.o(i.__0snprintf$7) refers to printf7.o(i._snputc) for _snputc
    printf7.o(i.__0sprintf$7) refers to printf7.o(i._printf_core) for _printf_core
    printf7.o(i.__0sprintf$7) refers to printf7.o(i._sputc) for _sputc
    printf7.o(i.__0vfprintf$7) refers to printf7.o(i._printf_core) for _printf_core
    printf7.o(i.__0vfprintf$7) refers to usart1.o(.text) for fputc
    printf7.o(i.__0vprintf$7) refers to printf7.o(i._printf_core) for _printf_core
    printf7.o(i.__0vprintf$7) refers to usart1.o(.text) for fputc
    printf7.o(i.__0vprintf$7) refers to stdout.o(.data) for __stdout
    printf7.o(i.__0vsnprintf$7) refers to printf7.o(i._printf_core) for _printf_core
    printf7.o(i.__0vsnprintf$7) refers to printf7.o(i._snputc) for _snputc
    printf7.o(i.__0vsprintf$7) refers to printf7.o(i._printf_core) for _printf_core
    printf7.o(i.__0vsprintf$7) refers to printf7.o(i._sputc) for _sputc
    printf7.o(i._printf_core) refers to printf7.o(i._printf_pre_padding) for _printf_pre_padding
    printf7.o(i._printf_core) refers to uldiv.o(.text) for __aeabi_uldivmod
    printf7.o(i._printf_core) refers to printf7.o(i._printf_post_padding) for _printf_post_padding
    printf8.o(i.__0fprintf$8) refers to printf8.o(i._printf_core) for _printf_core
    printf8.o(i.__0fprintf$8) refers to usart1.o(.text) for fputc
    printf8.o(i.__0printf$8) refers to printf8.o(i._printf_core) for _printf_core
    printf8.o(i.__0printf$8) refers to usart1.o(.text) for fputc
    printf8.o(i.__0printf$8) refers to stdout.o(.data) for __stdout
    printf8.o(i.__0snprintf$8) refers to printf8.o(i._printf_core) for _printf_core
    printf8.o(i.__0snprintf$8) refers to printf8.o(i._snputc) for _snputc
    printf8.o(i.__0sprintf$8) refers to printf8.o(i._printf_core) for _printf_core
    printf8.o(i.__0sprintf$8) refers to printf8.o(i._sputc) for _sputc
    printf8.o(i.__0vfprintf$8) refers to printf8.o(i._printf_core) for _printf_core
    printf8.o(i.__0vfprintf$8) refers to usart1.o(.text) for fputc
    printf8.o(i.__0vprintf$8) refers to printf8.o(i._printf_core) for _printf_core
    printf8.o(i.__0vprintf$8) refers to usart1.o(.text) for fputc
    printf8.o(i.__0vprintf$8) refers to stdout.o(.data) for __stdout
    printf8.o(i.__0vsnprintf$8) refers to printf8.o(i._printf_core) for _printf_core
    printf8.o(i.__0vsnprintf$8) refers to printf8.o(i._snputc) for _snputc
    printf8.o(i.__0vsprintf$8) refers to printf8.o(i._printf_core) for _printf_core
    printf8.o(i.__0vsprintf$8) refers to printf8.o(i._sputc) for _sputc
    printf8.o(i._printf_core) refers to printf8.o(i._printf_pre_padding) for _printf_pre_padding
    printf8.o(i._printf_core) refers to uldiv.o(.text) for __aeabi_uldivmod
    printf8.o(i._printf_core) refers to printf8.o(i._printf_post_padding) for _printf_post_padding
    printfa.o(i.__0fprintf) refers (Special) to iusefp.o(.text) for __I$use$fp
    printfa.o(i.__0fprintf) refers to printfa.o(i._printf_core) for _printf_core
    printfa.o(i.__0fprintf) refers to usart1.o(.text) for fputc
    printfa.o(i.__0printf) refers (Special) to iusefp.o(.text) for __I$use$fp
    printfa.o(i.__0printf) refers to printfa.o(i._printf_core) for _printf_core
    printfa.o(i.__0printf) refers to usart1.o(.text) for fputc
    printfa.o(i.__0printf) refers to stdout.o(.data) for __stdout
    printfa.o(i.__0snprintf) refers (Special) to iusefp.o(.text) for __I$use$fp
    printfa.o(i.__0snprintf) refers to printfa.o(i._printf_core) for _printf_core
    printfa.o(i.__0snprintf) refers to printfa.o(i._snputc) for _snputc
    printfa.o(i.__0sprintf) refers (Special) to iusefp.o(.text) for __I$use$fp
    printfa.o(i.__0sprintf) refers to printfa.o(i._printf_core) for _printf_core
    printfa.o(i.__0sprintf) refers to printfa.o(i._sputc) for _sputc
    printfa.o(i.__0vfprintf) refers (Special) to iusefp.o(.text) for __I$use$fp
    printfa.o(i.__0vfprintf) refers to printfa.o(i._printf_core) for _printf_core
    printfa.o(i.__0vfprintf) refers to usart1.o(.text) for fputc
    printfa.o(i.__0vprintf) refers (Special) to iusefp.o(.text) for __I$use$fp
    printfa.o(i.__0vprintf) refers to printfa.o(i._printf_core) for _printf_core
    printfa.o(i.__0vprintf) refers to usart1.o(.text) for fputc
    printfa.o(i.__0vprintf) refers to stdout.o(.data) for __stdout
    printfa.o(i.__0vsnprintf) refers (Special) to iusefp.o(.text) for __I$use$fp
    printfa.o(i.__0vsnprintf) refers to printfa.o(i._printf_core) for _printf_core
    printfa.o(i.__0vsnprintf) refers to printfa.o(i._snputc) for _snputc
    printfa.o(i.__0vsprintf) refers (Special) to iusefp.o(.text) for __I$use$fp
    printfa.o(i.__0vsprintf) refers to printfa.o(i._printf_core) for _printf_core
    printfa.o(i.__0vsprintf) refers to printfa.o(i._sputc) for _sputc
    printfa.o(i._fp_digits) refers (Special) to iusefp.o(.text) for __I$use$fp
    printfa.o(i._fp_digits) refers to dmul.o(.text) for __aeabi_dmul
    printfa.o(i._fp_digits) refers to ddiv.o(.text) for __aeabi_ddiv
    printfa.o(i._fp_digits) refers to cdrcmple.o(.text) for __aeabi_cdrcmple
    printfa.o(i._fp_digits) refers to dadd.o(.text) for __aeabi_dadd
    printfa.o(i._fp_digits) refers to dfixul.o(.text) for __aeabi_d2ulz
    printfa.o(i._fp_digits) refers to uldiv.o(.text) for __aeabi_uldivmod
    printfa.o(i._printf_core) refers (Special) to iusefp.o(.text) for __I$use$fp
    printfa.o(i._printf_core) refers to printfa.o(i._printf_pre_padding) for _printf_pre_padding
    printfa.o(i._printf_core) refers to uldiv.o(.text) for __aeabi_uldivmod
    printfa.o(i._printf_core) refers to printfa.o(i._printf_post_padding) for _printf_post_padding
    printfa.o(i._printf_core) refers to printfa.o(i._fp_digits) for _fp_digits
    printfa.o(i._printf_core) refers to uidiv.o(.text) for __aeabi_uidivmod
    printfa.o(i._printf_post_padding) refers (Special) to iusefp.o(.text) for __I$use$fp
    printfa.o(i._printf_pre_padding) refers (Special) to iusefp.o(.text) for __I$use$fp
    printfa.o(i._snputc) refers (Special) to iusefp.o(.text) for __I$use$fp
    printfa.o(i._sputc) refers (Special) to iusefp.o(.text) for __I$use$fp
    fadd.o(.text) refers (Special) to iusefp.o(.text) for __I$use$fp
    fadd.o(.text) refers to fepilogue.o(.text) for _float_epilogue
    f2d.o(.text) refers (Special) to iusefp.o(.text) for __I$use$fp
    cfcmple.o(.text) refers (Special) to iusefp.o(.text) for __I$use$fp
    cfrcmple.o(.text) refers (Special) to iusefp.o(.text) for __I$use$fp
    entry2.o(.ARM.Collect$$$$00000001) refers to entry2.o(.ARM.Collect$$$$00002712) for __lit__00000000
    entry2.o(.ARM.Collect$$$$00002712) refers to startup_stm32f10x_md.o(STACK) for __initial_sp
    entry2.o(__vectab_stack_and_reset_area) refers to startup_stm32f10x_md.o(STACK) for __initial_sp
    entry2.o(__vectab_stack_and_reset_area) refers to entry.o(.ARM.Collect$$$$00000000) for __main
    entry5.o(.ARM.Collect$$$$00000004) refers to init.o(.text) for __scatterload
    entry9a.o(.ARM.Collect$$$$0000000B) refers to main.o(.text) for main
    entry9b.o(.ARM.Collect$$$$0000000C) refers to main.o(.text) for main
    uldiv.o(.text) refers to llushr.o(.text) for __aeabi_llsr
    uldiv.o(.text) refers to llshl.o(.text) for __aeabi_llsl
    dadd.o(.text) refers to llshl.o(.text) for __aeabi_llsl
    dadd.o(.text) refers to llsshr.o(.text) for __aeabi_lasr
    dadd.o(.text) refers to depilogue.o(.text) for _double_epilogue
    dmul.o(.text) refers to depilogue.o(.text) for _double_epilogue
    ddiv.o(.text) refers to depilogue.o(.text) for _double_round
    dfixul.o(.text) refers to llushr.o(.text) for __aeabi_llsr
    dfixul.o(.text) refers to llshl.o(.text) for __aeabi_llsl
    init.o(.text) refers to entry5.o(.ARM.Collect$$$$00000004) for __main_after_scatterload
    depilogue.o(.text) refers to llshl.o(.text) for __aeabi_llsl
    depilogue.o(.text) refers to llushr.o(.text) for __aeabi_llsr


==============================================================================

Removing Unused input sections from the image.

    Removing startup_stm32f10x_md.o(HEAP), (0 bytes).
    Removing usart1.o(.text), (512 bytes).
    Removing can.o(.data), (4 bytes).
    Removing stm32f10x_dma.o(.text), (572 bytes).
    Removing stm32f10x_exti.o(.text), (292 bytes).
    Removing core_cm3.o(.emb_text), (32 bytes).
    Removing system_stm32f10x.o(.constdata), (20 bytes).
    Removing queue.o(.text), (1688 bytes).

8 unused section(s) (total 3120 bytes) removed from the image.

==============================================================================

Image Symbol Table

    Local Symbols

    Symbol Name                              Value     Ov Type        Size  Object(Section)

    ../clib/microlib/division.c              0x00000000   Number         0  uldiv.o ABSOLUTE
    ../clib/microlib/division.c              0x00000000   Number         0  uidiv.o ABSOLUTE
    ../clib/microlib/init/entry.s            0x00000000   Number         0  entry8b.o ABSOLUTE
    ../clib/microlib/init/entry.s            0x00000000   Number         0  entry11b.o ABSOLUTE
    ../clib/microlib/init/entry.s            0x00000000   Number         0  entry9a.o ABSOLUTE
    ../clib/microlib/init/entry.s            0x00000000   Number         0  entry2.o ABSOLUTE
    ../clib/microlib/init/entry.s            0x00000000   Number         0  entry.o ABSOLUTE
    ../clib/microlib/init/entry.s            0x00000000   Number         0  entry9b.o ABSOLUTE
    ../clib/microlib/init/entry.s            0x00000000   Number         0  entry8a.o ABSOLUTE
    ../clib/microlib/init/entry.s            0x00000000   Number         0  entry10a.o ABSOLUTE
    ../clib/microlib/init/entry.s            0x00000000   Number         0  entry7b.o ABSOLUTE
    ../clib/microlib/init/entry.s            0x00000000   Number         0  entry7a.o ABSOLUTE
    ../clib/microlib/init/entry.s            0x00000000   Number         0  entry10b.o ABSOLUTE
    ../clib/microlib/init/entry.s            0x00000000   Number         0  entry5.o ABSOLUTE
    ../clib/microlib/init/entry.s            0x00000000   Number         0  entry11a.o ABSOLUTE
    ../clib/microlib/longlong.c              0x00000000   Number         0  llsshr.o ABSOLUTE
    ../clib/microlib/longlong.c              0x00000000   Number         0  llushr.o ABSOLUTE
    ../clib/microlib/longlong.c              0x00000000   Number         0  llshl.o ABSOLUTE
    ../clib/microlib/printf/printf.c         0x00000000   Number         0  printfb.o ABSOLUTE
    ../clib/microlib/printf/printf.c         0x00000000   Number         0  printf5.o ABSOLUTE
    ../clib/microlib/printf/printf.c         0x00000000   Number         0  printf7.o ABSOLUTE
    ../clib/microlib/printf/printf.c         0x00000000   Number         0  printf8.o ABSOLUTE
    ../clib/microlib/printf/printf.c         0x00000000   Number         0  printf3.o ABSOLUTE
    ../clib/microlib/printf/printf.c         0x00000000   Number         0  printfa.o ABSOLUTE
    ../clib/microlib/printf/printf.c         0x00000000   Number         0  printf4.o ABSOLUTE
    ../clib/microlib/printf/printf.c         0x00000000   Number         0  printf6.o ABSOLUTE
    ../clib/microlib/printf/printf.c         0x00000000   Number         0  printf1.o ABSOLUTE
    ../clib/microlib/printf/printf.c         0x00000000   Number         0  printf0.o ABSOLUTE
    ../clib/microlib/printf/printf.c         0x00000000   Number         0  printf2.o ABSOLUTE
    ../clib/microlib/printf/stubs.s          0x00000000   Number         0  stubs.o ABSOLUTE
    ../clib/microlib/stdio/streams.c         0x00000000   Number         0  stdout.o ABSOLUTE
    ../clib/microlib/string/memcpy.c         0x00000000   Number         0  memcpyb.o ABSOLUTE
    ../clib/microlib/string/memcpy.c         0x00000000   Number         0  memcpya.o ABSOLUTE
    ../clib/microlib/string/memset.c         0x00000000   Number         0  memseta.o ABSOLUTE
    ../clib/microlib/string/strcat.c         0x00000000   Number         0  strcat.o ABSOLUTE
    ../clib/microlib/string/strcpy.c         0x00000000   Number         0  strcpy.o ABSOLUTE
    ../clib/microlib/stubs.s                 0x00000000   Number         0  iusefp.o ABSOLUTE
    ../fplib/microlib/f2d.c                  0x00000000   Number         0  f2d.o ABSOLUTE
    ../fplib/microlib/fpadd.c                0x00000000   Number         0  dadd.o ABSOLUTE
    ../fplib/microlib/fpadd.c                0x00000000   Number         0  fadd.o ABSOLUTE
    ../fplib/microlib/fpdiv.c                0x00000000   Number         0  ddiv.o ABSOLUTE
    ../fplib/microlib/fpepilogue.c           0x00000000   Number         0  fepilogue.o ABSOLUTE
    ../fplib/microlib/fpepilogue.c           0x00000000   Number         0  depilogue.o ABSOLUTE
    ../fplib/microlib/fpfix.c                0x00000000   Number         0  dfixul.o ABSOLUTE
    ../fplib/microlib/fpmul.c                0x00000000   Number         0  dmul.o ABSOLUTE
    ..\CMSIS\core_cm3.c                      0x00000000   Number         0  core_cm3.o ABSOLUTE
    ..\CMSIS\startup\startup_stm32f10x_md.s  0x00000000   Number         0  startup_stm32f10x_md.o ABSOLUTE
    ..\CMSIS\system_stm32f10x.c              0x00000000   Number         0  system_stm32f10x.o ABSOLUTE
    ..\FWlib\src\misc.c                      0x00000000   Number         0  misc.o ABSOLUTE
    ..\FWlib\src\stm32f10x_can.c             0x00000000   Number         0  stm32f10x_can.o ABSOLUTE
    ..\FWlib\src\stm32f10x_dma.c             0x00000000   Number         0  stm32f10x_dma.o ABSOLUTE
    ..\FWlib\src\stm32f10x_exti.c            0x00000000   Number         0  stm32f10x_exti.o ABSOLUTE
    ..\FWlib\src\stm32f10x_gpio.c            0x00000000   Number         0  stm32f10x_gpio.o ABSOLUTE
    ..\FWlib\src\stm32f10x_rcc.c             0x00000000   Number         0  stm32f10x_rcc.o ABSOLUTE
    ..\FWlib\src\stm32f10x_spi.c             0x00000000   Number         0  stm32f10x_spi.o ABSOLUTE
    ..\FWlib\src\stm32f10x_usart.c           0x00000000   Number         0  stm32f10x_usart.o ABSOLUTE
    ..\FreeRTOS\src\croutine.c               0x00000000   Number         0  croutine.o ABSOLUTE
    ..\FreeRTOS\src\heap_2.c                 0x00000000   Number         0  heap_2.o ABSOLUTE
    ..\FreeRTOS\src\list.c                   0x00000000   Number         0  list.o ABSOLUTE
    ..\FreeRTOS\src\port.c                   0x00000000   Number         0  port.o ABSOLUTE
    ..\FreeRTOS\src\queue.c                  0x00000000   Number         0  queue.o ABSOLUTE
    ..\FreeRTOS\src\tasks.c                  0x00000000   Number         0  tasks.o ABSOLUTE
    ..\FreeRTOS\src\timers.c                 0x00000000   Number         0  timers.o ABSOLUTE
    ..\\CMSIS\\core_cm3.c                    0x00000000   Number         0  core_cm3.o ABSOLUTE
    ..\\FreeRTOS\\src\\port.c                0x00000000   Number         0  port.o ABSOLUTE
    LCD.c                                    0x00000000   Number         0  lcd.o ABSOLUTE
    NVICconfig.c                             0x00000000   Number         0  nvicconfig.o ABSOLUTE
    SPI.c                                    0x00000000   Number         0  spi.o ABSOLUTE
    can.c                                    0x00000000   Number         0  can.o ABSOLUTE
    cdrcmple.s                               0x00000000   Number         0  cdrcmple.o ABSOLUTE
    cfcmple.s                                0x00000000   Number         0  cfcmple.o ABSOLUTE
    cfrcmple.s                               0x00000000   Number         0  cfrcmple.o ABSOLUTE
    dc.s                                     0x00000000   Number         0  dc.o ABSOLUTE
    handlers.s                               0x00000000   Number         0  handlers.o ABSOLUTE
    init.s                                   0x00000000   Number         0  init.o ABSOLUTE
    key.c                                    0x00000000   Number         0  key.o ABSOLUTE
    led.c                                    0x00000000   Number         0  led.o ABSOLUTE
    main.c                                   0x00000000   Number         0  main.o ABSOLUTE
    stm32f10x_it.c                           0x00000000   Number         0  stm32f10x_it.o ABSOLUTE
    ttllcd.c                                 0x00000000   Number         0  ttllcd.o ABSOLUTE
    usart.c                                  0x00000000   Number         0  usart.o ABSOLUTE
    usart1.c                                 0x00000000   Number         0  usart1.o ABSOLUTE
    RESET                                    0x08000000   Section      236  startup_stm32f10x_md.o(RESET)
    .ARM.Collect$$$$00000000                 0x080000ec   Section        0  entry.o(.ARM.Collect$$$$00000000)
    .ARM.Collect$$$$00000001                 0x080000ec   Section        4  entry2.o(.ARM.Collect$$$$00000001)
    .ARM.Collect$$$$00000004                 0x080000f0   Section        4  entry5.o(.ARM.Collect$$$$00000004)
    .ARM.Collect$$$$00000008                 0x080000f4   Section        0  entry7b.o(.ARM.Collect$$$$00000008)
    .ARM.Collect$$$$0000000A                 0x080000f4   Section        0  entry8b.o(.ARM.Collect$$$$0000000A)
    .ARM.Collect$$$$0000000B                 0x080000f4   Section        8  entry9a.o(.ARM.Collect$$$$0000000B)
    .ARM.Collect$$$$0000000D                 0x080000fc   Section        0  entry10a.o(.ARM.Collect$$$$0000000D)
    .ARM.Collect$$$$0000000F                 0x080000fc   Section        0  entry11a.o(.ARM.Collect$$$$0000000F)
    .ARM.Collect$$$$00002712                 0x080000fc   Section        4  entry2.o(.ARM.Collect$$$$00002712)
    __lit__00000000                          0x080000fc   Data           4  entry2.o(.ARM.Collect$$$$00002712)
    .emb_text                                0x08000100   Section      150  port.o(.emb_text)
    .text                                    0x08000198   Section       28  startup_stm32f10x_md.o(.text)
    .text                                    0x080001b4   Section        0  main.o(.text)
    .text                                    0x080003d8   Section        0  stm32f10x_it.o(.text)
    .text                                    0x080003ec   Section        0  can.o(.text)
    .text                                    0x08000574   Section        0  led.o(.text)
    .text                                    0x080005ac   Section        0  key.o(.text)
    .text                                    0x080006b0   Section        0  spi.o(.text)
    .text                                    0x0800075c   Section        0  lcd.o(.text)
    byteSend                                 0x0800075d   Thumb Code    28  lcd.o(.text)
    cmdSend                                  0x08000779   Thumb Code    50  lcd.o(.text)
    dataSend                                 0x080007ab   Thumb Code    50  lcd.o(.text)
    .text                                    0x080008b8   Section        0  usart.o(.text)
    USART_Config                             0x080008b9   Thumb Code    62  usart.o(.text)
    .text                                    0x08000a44   Section        0  nvicconfig.o(.text)
    .text                                    0x08000a98   Section        0  ttllcd.o(.text)
    .text                                    0x08000c68   Section        0  stm32f10x_gpio.o(.text)
    .text                                    0x08000f94   Section        0  stm32f10x_rcc.o(.text)
    .text                                    0x08001334   Section        0  stm32f10x_usart.o(.text)
    .text                                    0x080016a4   Section        0  stm32f10x_can.o(.text)
    CheckITStatus                            0x08001c93   Thumb Code    16  stm32f10x_can.o(.text)
    .text                                    0x08001e38   Section        0  misc.o(.text)
    .text                                    0x08001f14   Section        0  stm32f10x_spi.o(.text)
    .text                                    0x08002214   Section        0  system_stm32f10x.o(.text)
    SetSysClockTo72                          0x08002215   Thumb Code   218  system_stm32f10x.o(.text)
    SetSysClock                              0x080022ef   Thumb Code     8  system_stm32f10x.o(.text)
    .text                                    0x0800234c   Section        0  heap_2.o(.text)
    prvHeapInit                              0x0800234d   Thumb Code    42  heap_2.o(.text)
    .text                                    0x08002470   Section        0  list.o(.text)
    .text                                    0x08002504   Section        0  port.o(.text)
    prvTaskExitError                         0x08002505   Thumb Code    22  port.o(.text)
    .text                                    0x080025ec   Section        0  tasks.o(.text)
    prvInitialiseTaskLists                   0x080025ed   Thumb Code    70  tasks.o(.text)
    prvAddNewTaskToReadyList                 0x08002633   Thumb Code   150  tasks.o(.text)
    prvInitialiseNewTask                     0x080026c9   Thumb Code   128  tasks.o(.text)
    prvResetNextTaskUnblockTime              0x080027a9   Thumb Code    42  tasks.o(.text)
    prvDeleteTCB                             0x080027d3   Thumb Code    18  tasks.o(.text)
    prvAddCurrentTaskToDelayedList           0x08002a95   Thumb Code   124  tasks.o(.text)
    prvTaskIsTaskSuspended                   0x08002dcb   Thumb Code    56  tasks.o(.text)
    prvCheckTasksWaitingTermination          0x08002f2f   Thumb Code    86  tasks.o(.text)
    prvIdleTask                              0x08002f85   Thumb Code    32  tasks.o(.text)
    .text                                    0x0800358c   Section        0  memseta.o(.text)
    .text                                    0x080035b0   Section        0  strcat.o(.text)
    .text                                    0x080035c8   Section        0  strcpy.o(.text)
    .text                                    0x080035da   Section        0  fadd.o(.text)
    .text                                    0x0800368a   Section        0  f2d.o(.text)
    .text                                    0x080036b0   Section       20  cfcmple.o(.text)
    .text                                    0x080036c4   Section       20  cfrcmple.o(.text)
    .text                                    0x080036d8   Section        0  uidiv.o(.text)
    .text                                    0x08003704   Section        0  uldiv.o(.text)
    .text                                    0x08003766   Section        0  fepilogue.o(.text)
    .text                                    0x08003766   Section        0  iusefp.o(.text)
    .text                                    0x080037d2   Section        0  dadd.o(.text)
    .text                                    0x08003920   Section        0  dmul.o(.text)
    .text                                    0x08003a04   Section        0  ddiv.o(.text)
    .text                                    0x08003ae2   Section        0  dfixul.o(.text)
    .text                                    0x08003b14   Section       40  cdrcmple.o(.text)
    .text                                    0x08003b3c   Section       36  init.o(.text)
    .text                                    0x08003b60   Section        0  llshl.o(.text)
    .text                                    0x08003b7e   Section        0  llushr.o(.text)
    .text                                    0x08003b9e   Section        0  llsshr.o(.text)
    .text                                    0x08003bc2   Section        0  depilogue.o(.text)
    i.__0sprintf                             0x08003c80   Section        0  printfa.o(i.__0sprintf)
    i.__scatterload_copy                     0x08003ca8   Section       14  handlers.o(i.__scatterload_copy)
    i.__scatterload_null                     0x08003cb6   Section        2  handlers.o(i.__scatterload_null)
    i.__scatterload_zeroinit                 0x08003cb8   Section       14  handlers.o(i.__scatterload_zeroinit)
    i._fp_digits                             0x08003cc8   Section        0  printfa.o(i._fp_digits)
    _fp_digits                               0x08003cc9   Thumb Code   326  printfa.o(i._fp_digits)
    i._printf_core                           0x08003e24   Section        0  printfa.o(i._printf_core)
    _printf_core                             0x08003e25   Thumb Code  1762  printfa.o(i._printf_core)
    i._printf_post_padding                   0x08004514   Section        0  printfa.o(i._printf_post_padding)
    _printf_post_padding                     0x08004515   Thumb Code    38  printfa.o(i._printf_post_padding)
    i._printf_pre_padding                    0x0800453a   Section        0  printfa.o(i._printf_pre_padding)
    _printf_pre_padding                      0x0800453b   Thumb Code    48  printfa.o(i._printf_pre_padding)
    i._sputc                                 0x0800456a   Section        0  printfa.o(i._sputc)
    _sputc                                   0x0800456b   Thumb Code    10  printfa.o(i._sputc)
    .data                                    0x20000000   Section       16  main.o(.data)
    .data                                    0x20000010   Section       20  stm32f10x_rcc.o(.data)
    APBAHBPrescTable                         0x20000010   Data          16  stm32f10x_rcc.o(.data)
    ADCPrescTable                            0x20000020   Data           4  stm32f10x_rcc.o(.data)
    .data                                    0x20000024   Section       24  heap_2.o(.data)
    xFreeBytesRemaining                      0x20000024   Data           4  heap_2.o(.data)
    xHeapHasBeenInitialised                  0x20000028   Data           4  heap_2.o(.data)
    xStart                                   0x2000002c   Data           8  heap_2.o(.data)
    xEnd                                     0x20000034   Data           8  heap_2.o(.data)
    .data                                    0x2000003c   Section        4  port.o(.data)
    uxCriticalNesting                        0x2000003c   Data           4  port.o(.data)
    .data                                    0x20000040   Section       60  tasks.o(.data)
    uxDeletedTasksWaitingCleanUp             0x20000044   Data           4  tasks.o(.data)
    uxCurrentNumberOfTasks                   0x20000048   Data           4  tasks.o(.data)
    xTickCount                               0x2000004c   Data           4  tasks.o(.data)
    uxTopReadyPriority                       0x20000050   Data           4  tasks.o(.data)
    xSchedulerRunning                        0x20000054   Data           4  tasks.o(.data)
    uxPendedTicks                            0x20000058   Data           4  tasks.o(.data)
    xYieldPending                            0x2000005c   Data           4  tasks.o(.data)
    xNumOfOverflows                          0x20000060   Data           4  tasks.o(.data)
    uxTaskNumber                             0x20000064   Data           4  tasks.o(.data)
    xNextTaskUnblockTime                     0x20000068   Data           4  tasks.o(.data)
    xIdleTaskHandle                          0x2000006c   Data           4  tasks.o(.data)
    uxSchedulerSuspended                     0x20000070   Data           4  tasks.o(.data)
    pxDelayedTaskList                        0x20000074   Data           4  tasks.o(.data)
    pxOverflowDelayedTaskList                0x20000078   Data           4  tasks.o(.data)
    .bss                                     0x2000007c   Section     5120  heap_2.o(.bss)
    ucHeap                                   0x2000007c   Data        5120  heap_2.o(.bss)
    .bss                                     0x2000147c   Section      740  tasks.o(.bss)
    pxReadyTasksLists                        0x2000147c   Data         640  tasks.o(.bss)
    xDelayedTaskList1                        0x200016fc   Data          20  tasks.o(.bss)
    xDelayedTaskList2                        0x20001710   Data          20  tasks.o(.bss)
    xPendingReadyList                        0x20001724   Data          20  tasks.o(.bss)
    xTasksWaitingTermination                 0x20001738   Data          20  tasks.o(.bss)
    xSuspendedTaskList                       0x2000174c   Data          20  tasks.o(.bss)
    STACK                                    0x20001760   Section      512  startup_stm32f10x_md.o(STACK)

    Global Symbols

    Symbol Name                              Value     Ov Type        Size  Object(Section)

    BuildAttributes$$THM_ISAv4$P$D$K$B$S$PE$A:L22UL41UL21$X:L11$S22US41US21$IEEE1$IW$USESV6$~STKCKD$USESV7$~SHL$OTIME$ROPI$EBA8$MICROLIB$REQ8$PRES8$EABIv2 0x00000000   Number         0  anon$$obj.o ABSOLUTE
    __ARM_use_no_argv                        0x00000000   Number         0  main.o ABSOLUTE
    _printf_a                                0x00000000   Number         0  stubs.o ABSOLUTE
    _printf_c                                0x00000000   Number         0  stubs.o ABSOLUTE
    _printf_charcount                        0x00000000   Number         0  stubs.o ABSOLUTE
    _printf_d                                0x00000000   Number         0  stubs.o ABSOLUTE
    _printf_e                                0x00000000   Number         0  stubs.o ABSOLUTE
    _printf_f                                0x00000000   Number         0  stubs.o ABSOLUTE
    _printf_flags                            0x00000000   Number         0  stubs.o ABSOLUTE
    _printf_fp_dec                           0x00000000   Number         0  stubs.o ABSOLUTE
    _printf_fp_hex                           0x00000000   Number         0  stubs.o ABSOLUTE
    _printf_g                                0x00000000   Number         0  stubs.o ABSOLUTE
    _printf_i                                0x00000000   Number         0  stubs.o ABSOLUTE
    _printf_int_dec                          0x00000000   Number         0  stubs.o ABSOLUTE
    _printf_l                                0x00000000   Number         0  stubs.o ABSOLUTE
    _printf_lc                               0x00000000   Number         0  stubs.o ABSOLUTE
    _printf_ll                               0x00000000   Number         0  stubs.o ABSOLUTE
    _printf_lld                              0x00000000   Number         0  stubs.o ABSOLUTE
    _printf_lli                              0x00000000   Number         0  stubs.o ABSOLUTE
    _printf_llo                              0x00000000   Number         0  stubs.o ABSOLUTE
    _printf_llu                              0x00000000   Number         0  stubs.o ABSOLUTE
    _printf_llx                              0x00000000   Number         0  stubs.o ABSOLUTE
    _printf_longlong_dec                     0x00000000   Number         0  stubs.o ABSOLUTE
    _printf_longlong_hex                     0x00000000   Number         0  stubs.o ABSOLUTE
    _printf_longlong_oct                     0x00000000   Number         0  stubs.o ABSOLUTE
    _printf_ls                               0x00000000   Number         0  stubs.o ABSOLUTE
    _printf_mbtowc                           0x00000000   Number         0  stubs.o ABSOLUTE
    _printf_n                                0x00000000   Number         0  stubs.o ABSOLUTE
    _printf_o                                0x00000000   Number         0  stubs.o ABSOLUTE
    _printf_p                                0x00000000   Number         0  stubs.o ABSOLUTE
    _printf_percent                          0x00000000   Number         0  stubs.o ABSOLUTE
    _printf_pre_padding                      0x00000000   Number         0  stubs.o ABSOLUTE
    _printf_return_value                     0x00000000   Number         0  stubs.o ABSOLUTE
    _printf_s                                0x00000000   Number         0  stubs.o ABSOLUTE
    _printf_sizespec                         0x00000000   Number         0  stubs.o ABSOLUTE
    _printf_str                              0x00000000   Number         0  stubs.o ABSOLUTE
    _printf_truncate_signed                  0x00000000   Number         0  stubs.o ABSOLUTE
    _printf_truncate_unsigned                0x00000000   Number         0  stubs.o ABSOLUTE
    _printf_u                                0x00000000   Number         0  stubs.o ABSOLUTE
    _printf_wc                               0x00000000   Number         0  stubs.o ABSOLUTE
    _printf_wctomb                           0x00000000   Number         0  stubs.o ABSOLUTE
    _printf_widthprec                        0x00000000   Number         0  stubs.o ABSOLUTE
    _printf_x                                0x00000000   Number         0  stubs.o ABSOLUTE
    __cpp_initialize__aeabi_                  - Undefined Weak Reference
    __cxa_finalize                            - Undefined Weak Reference
    __decompress                              - Undefined Weak Reference
    _clock_init                               - Undefined Weak Reference
    _microlib_exit                            - Undefined Weak Reference
    __Vectors_Size                           0x000000ec   Number         0  startup_stm32f10x_md.o ABSOLUTE
    __Vectors                                0x08000000   Data           4  startup_stm32f10x_md.o(RESET)
    __Vectors_End                            0x080000ec   Data           0  startup_stm32f10x_md.o(RESET)
    __main                                   0x080000ed   Thumb Code     0  entry.o(.ARM.Collect$$$$00000000)
    _main_stk                                0x080000ed   Thumb Code     0  entry2.o(.ARM.Collect$$$$00000001)
    _main_scatterload                        0x080000f1   Thumb Code     0  entry5.o(.ARM.Collect$$$$00000004)
    __main_after_scatterload                 0x080000f5   Thumb Code     0  entry5.o(.ARM.Collect$$$$00000004)
    _main_clock                              0x080000f5   Thumb Code     0  entry7b.o(.ARM.Collect$$$$00000008)
    _main_cpp_init                           0x080000f5   Thumb Code     0  entry8b.o(.ARM.Collect$$$$0000000A)
    _main_init                               0x080000f5   Thumb Code     0  entry9a.o(.ARM.Collect$$$$0000000B)
    __rt_final_cpp                           0x080000fd   Thumb Code     0  entry10a.o(.ARM.Collect$$$$0000000D)
    __rt_final_exit                          0x080000fd   Thumb Code     0  entry11a.o(.ARM.Collect$$$$0000000F)
    vPortSVCHandler                          0x08000101   Thumb Code    32  port.o(.emb_text)
    __asm___6_port_c_39a90d8d__prvStartFirstTask 0x08000125   Thumb Code    28  port.o(.emb_text)
    xPortPendSVHandler                       0x08000145   Thumb Code    72  port.o(.emb_text)
    vPortGetIPSR                             0x08000191   Thumb Code     6  port.o(.emb_text)
    Reset_Handler                            0x08000199   Thumb Code     4  startup_stm32f10x_md.o(.text)
    SVC_Handler                              0x080001a7   Thumb Code     2  startup_stm32f10x_md.o(.text)
    PendSV_Handler                           0x080001ab   Thumb Code     2  startup_stm32f10x_md.o(.text)
    SysTick_Handler                          0x080001ad   Thumb Code     2  startup_stm32f10x_md.o(.text)
    ADC1_2_IRQHandler                        0x080001af   Thumb Code     0  startup_stm32f10x_md.o(.text)
    CAN1_RX1_IRQHandler                      0x080001af   Thumb Code     0  startup_stm32f10x_md.o(.text)
    CAN1_SCE_IRQHandler                      0x080001af   Thumb Code     0  startup_stm32f10x_md.o(.text)
    DMA1_Channel1_IRQHandler                 0x080001af   Thumb Code     0  startup_stm32f10x_md.o(.text)
    DMA1_Channel2_IRQHandler                 0x080001af   Thumb Code     0  startup_stm32f10x_md.o(.text)
    DMA1_Channel3_IRQHandler                 0x080001af   Thumb Code     0  startup_stm32f10x_md.o(.text)
    DMA1_Channel4_IRQHandler                 0x080001af   Thumb Code     0  startup_stm32f10x_md.o(.text)
    DMA1_Channel5_IRQHandler                 0x080001af   Thumb Code     0  startup_stm32f10x_md.o(.text)
    DMA1_Channel6_IRQHandler                 0x080001af   Thumb Code     0  startup_stm32f10x_md.o(.text)
    DMA1_Channel7_IRQHandler                 0x080001af   Thumb Code     0  startup_stm32f10x_md.o(.text)
    EXTI0_IRQHandler                         0x080001af   Thumb Code     0  startup_stm32f10x_md.o(.text)
    EXTI15_10_IRQHandler                     0x080001af   Thumb Code     0  startup_stm32f10x_md.o(.text)
    EXTI1_IRQHandler                         0x080001af   Thumb Code     0  startup_stm32f10x_md.o(.text)
    EXTI2_IRQHandler                         0x080001af   Thumb Code     0  startup_stm32f10x_md.o(.text)
    EXTI3_IRQHandler                         0x080001af   Thumb Code     0  startup_stm32f10x_md.o(.text)
    EXTI4_IRQHandler                         0x080001af   Thumb Code     0  startup_stm32f10x_md.o(.text)
    EXTI9_5_IRQHandler                       0x080001af   Thumb Code     0  startup_stm32f10x_md.o(.text)
    FLASH_IRQHandler                         0x080001af   Thumb Code     0  startup_stm32f10x_md.o(.text)
    I2C1_ER_IRQHandler                       0x080001af   Thumb Code     0  startup_stm32f10x_md.o(.text)
    I2C1_EV_IRQHandler                       0x080001af   Thumb Code     0  startup_stm32f10x_md.o(.text)
    I2C2_ER_IRQHandler                       0x080001af   Thumb Code     0  startup_stm32f10x_md.o(.text)
    I2C2_EV_IRQHandler                       0x080001af   Thumb Code     0  startup_stm32f10x_md.o(.text)
    PVD_IRQHandler                           0x080001af   Thumb Code     0  startup_stm32f10x_md.o(.text)
    RCC_IRQHandler                           0x080001af   Thumb Code     0  startup_stm32f10x_md.o(.text)
    RTCAlarm_IRQHandler                      0x080001af   Thumb Code     0  startup_stm32f10x_md.o(.text)
    RTC_IRQHandler                           0x080001af   Thumb Code     0  startup_stm32f10x_md.o(.text)
    SPI1_IRQHandler                          0x080001af   Thumb Code     0  startup_stm32f10x_md.o(.text)
    SPI2_IRQHandler                          0x080001af   Thumb Code     0  startup_stm32f10x_md.o(.text)
    TAMPER_IRQHandler                        0x080001af   Thumb Code     0  startup_stm32f10x_md.o(.text)
    TIM1_BRK_IRQHandler                      0x080001af   Thumb Code     0  startup_stm32f10x_md.o(.text)
    TIM1_CC_IRQHandler                       0x080001af   Thumb Code     0  startup_stm32f10x_md.o(.text)
    TIM1_TRG_COM_IRQHandler                  0x080001af   Thumb Code     0  startup_stm32f10x_md.o(.text)
    TIM1_UP_IRQHandler                       0x080001af   Thumb Code     0  startup_stm32f10x_md.o(.text)
    TIM2_IRQHandler                          0x080001af   Thumb Code     0  startup_stm32f10x_md.o(.text)
    TIM3_IRQHandler                          0x080001af   Thumb Code     0  startup_stm32f10x_md.o(.text)
    TIM4_IRQHandler                          0x080001af   Thumb Code     0  startup_stm32f10x_md.o(.text)
    USART1_IRQHandler                        0x080001af   Thumb Code     0  startup_stm32f10x_md.o(.text)
    USBWakeUp_IRQHandler                     0x080001af   Thumb Code     0  startup_stm32f10x_md.o(.text)
    USB_HP_CAN1_TX_IRQHandler                0x080001af   Thumb Code     0  startup_stm32f10x_md.o(.text)
    WWDG_IRQHandler                          0x080001af   Thumb Code     0  startup_stm32f10x_md.o(.text)
    canChargeTask                            0x080001b5   Thumb Code    20  main.o(.text)
    usartIrdaTask                            0x080001c9   Thumb Code    20  main.o(.text)
    lcdShowElectricity                       0x080001dd   Thumb Code    42  main.o(.text)
    initShowStrings                          0x08000207   Thumb Code    60  main.o(.text)
    usartLcdTask                             0x08000243   Thumb Code   130  main.o(.text)
    main                                     0x080002c5   Thumb Code   108  main.o(.text)
    NMI_Handler                              0x080003d9   Thumb Code     2  stm32f10x_it.o(.text)
    HardFault_Handler                        0x080003db   Thumb Code     4  stm32f10x_it.o(.text)
    MemManage_Handler                        0x080003df   Thumb Code     4  stm32f10x_it.o(.text)
    BusFault_Handler                         0x080003e3   Thumb Code     4  stm32f10x_it.o(.text)
    UsageFault_Handler                       0x080003e7   Thumb Code     4  stm32f10x_it.o(.text)
    DebugMon_Handler                         0x080003eb   Thumb Code     2  stm32f10x_it.o(.text)
    canGpioConfig                            0x080003ed   Thumb Code    74  can.o(.text)
    canInit                                  0x08000437   Thumb Code   142  can.o(.text)
    canMsgTx                                 0x080004c5   Thumb Code    52  can.o(.text)
    USB_LP_CAN1_RX0_IRQHandler               0x080004f9   Thumb Code   116  can.o(.text)
    ledGpioConfig                            0x08000575   Thumb Code    50  led.o(.text)
    Delay                                    0x080005ad   Thumb Code    18  key.o(.text)
    keyInit                                  0x080005bf   Thumb Code    76  key.o(.text)
    GetKey                                   0x0800060b   Thumb Code   152  key.o(.text)
    spiConfig                                0x080006b1   Thumb Code    86  spi.o(.text)
    spiGpioConfig                            0x08000707   Thumb Code    64  spi.o(.text)
    spiInit                                  0x08000747   Thumb Code    12  spi.o(.text)
    lcdShowNumber                            0x080007dd   Thumb Code   122  lcd.o(.text)
    lcdShowString                            0x08000857   Thumb Code    30  lcd.o(.text)
    lcdInit                                  0x08000875   Thumb Code    42  lcd.o(.text)
    usartConfig                              0x080008f7   Thumb Code   168  usart.o(.text)
    USART2_IRQHandler                        0x0800099f   Thumb Code    26  usart.o(.text)
    USART3_IRQHandler                        0x080009b9   Thumb Code    26  usart.o(.text)
    USART_OUT                                0x080009d3   Thumb Code    48  usart.o(.text)
    usart485Send                             0x08000a03   Thumb Code    50  usart.o(.text)
    nvicConfig                               0x08000a45   Thumb Code    84  nvicconfig.o(.text)
    ttlLcdMsgSed                             0x08000a99   Thumb Code   258  ttllcd.o(.text)
    GPIO_DeInit                              0x08000c69   Thumb Code   188  stm32f10x_gpio.o(.text)
    GPIO_AFIODeInit                          0x08000d25   Thumb Code    20  stm32f10x_gpio.o(.text)
    GPIO_Init                                0x08000d39   Thumb Code   274  stm32f10x_gpio.o(.text)
    GPIO_StructInit                          0x08000e4b   Thumb Code    16  stm32f10x_gpio.o(.text)
    GPIO_ReadInputDataBit                    0x08000e5b   Thumb Code    18  stm32f10x_gpio.o(.text)
    GPIO_ReadInputData                       0x08000e6d   Thumb Code     8  stm32f10x_gpio.o(.text)
    GPIO_ReadOutputDataBit                   0x08000e75   Thumb Code    18  stm32f10x_gpio.o(.text)
    GPIO_ReadOutputData                      0x08000e87   Thumb Code     8  stm32f10x_gpio.o(.text)
    GPIO_SetBits                             0x08000e8f   Thumb Code     4  stm32f10x_gpio.o(.text)
    GPIO_ResetBits                           0x08000e93   Thumb Code     4  stm32f10x_gpio.o(.text)
    GPIO_WriteBit                            0x08000e97   Thumb Code    10  stm32f10x_gpio.o(.text)
    GPIO_Write                               0x08000ea1   Thumb Code     4  stm32f10x_gpio.o(.text)
    GPIO_PinLockConfig                       0x08000ea5   Thumb Code    18  stm32f10x_gpio.o(.text)
    GPIO_EventOutputConfig                   0x08000eb7   Thumb Code    26  stm32f10x_gpio.o(.text)
    GPIO_EventOutputCmd                      0x08000ed1   Thumb Code     6  stm32f10x_gpio.o(.text)
    GPIO_PinRemapConfig                      0x08000ed7   Thumb Code   106  stm32f10x_gpio.o(.text)
    GPIO_EXTILineConfig                      0x08000f41   Thumb Code    66  stm32f10x_gpio.o(.text)
    RCC_DeInit                               0x08000f95   Thumb Code    62  stm32f10x_rcc.o(.text)
    RCC_HSEConfig                            0x08000fd3   Thumb Code    70  stm32f10x_rcc.o(.text)
    RCC_GetFlagStatus                        0x08001019   Thumb Code    56  stm32f10x_rcc.o(.text)
    RCC_WaitForHSEStartUp                    0x08001051   Thumb Code    54  stm32f10x_rcc.o(.text)
    RCC_AdjustHSICalibrationValue            0x08001087   Thumb Code    20  stm32f10x_rcc.o(.text)
    RCC_HSICmd                               0x0800109b   Thumb Code     6  stm32f10x_rcc.o(.text)
    RCC_PLLConfig                            0x080010a1   Thumb Code    24  stm32f10x_rcc.o(.text)
    RCC_PLLCmd                               0x080010b9   Thumb Code     6  stm32f10x_rcc.o(.text)
    RCC_SYSCLKConfig                         0x080010bf   Thumb Code    18  stm32f10x_rcc.o(.text)
    RCC_GetSYSCLKSource                      0x080010d1   Thumb Code    10  stm32f10x_rcc.o(.text)
    RCC_HCLKConfig                           0x080010db   Thumb Code    18  stm32f10x_rcc.o(.text)
    RCC_PCLK1Config                          0x080010ed   Thumb Code    18  stm32f10x_rcc.o(.text)
    RCC_PCLK2Config                          0x080010ff   Thumb Code    20  stm32f10x_rcc.o(.text)
    RCC_ITConfig                             0x08001113   Thumb Code    26  stm32f10x_rcc.o(.text)
    RCC_USBCLKConfig                         0x0800112d   Thumb Code     6  stm32f10x_rcc.o(.text)
    RCC_ADCCLKConfig                         0x08001133   Thumb Code    18  stm32f10x_rcc.o(.text)
    RCC_LSEConfig                            0x08001145   Thumb Code    44  stm32f10x_rcc.o(.text)
    RCC_LSICmd                               0x08001171   Thumb Code     6  stm32f10x_rcc.o(.text)
    RCC_RTCCLKConfig                         0x08001177   Thumb Code    12  stm32f10x_rcc.o(.text)
    RCC_RTCCLKCmd                            0x08001183   Thumb Code     8  stm32f10x_rcc.o(.text)
    RCC_GetClocksFreq                        0x0800118b   Thumb Code   192  stm32f10x_rcc.o(.text)
    RCC_AHBPeriphClockCmd                    0x0800124b   Thumb Code    26  stm32f10x_rcc.o(.text)
    RCC_APB2PeriphClockCmd                   0x08001265   Thumb Code    26  stm32f10x_rcc.o(.text)
    RCC_APB1PeriphClockCmd                   0x0800127f   Thumb Code    26  stm32f10x_rcc.o(.text)
    RCC_APB2PeriphResetCmd                   0x08001299   Thumb Code    26  stm32f10x_rcc.o(.text)
    RCC_APB1PeriphResetCmd                   0x080012b3   Thumb Code    26  stm32f10x_rcc.o(.text)
    RCC_BackupResetCmd                       0x080012cd   Thumb Code     8  stm32f10x_rcc.o(.text)
    RCC_ClockSecuritySystemCmd               0x080012d5   Thumb Code     6  stm32f10x_rcc.o(.text)
    RCC_MCOConfig                            0x080012db   Thumb Code     6  stm32f10x_rcc.o(.text)
    RCC_ClearFlag                            0x080012e1   Thumb Code    14  stm32f10x_rcc.o(.text)
    RCC_GetITStatus                          0x080012ef   Thumb Code    20  stm32f10x_rcc.o(.text)
    RCC_ClearITPendingBit                    0x08001303   Thumb Code     6  stm32f10x_rcc.o(.text)
    USART_DeInit                             0x08001335   Thumb Code   146  stm32f10x_usart.o(.text)
    USART_Init                               0x080013c7   Thumb Code   150  stm32f10x_usart.o(.text)
    USART_StructInit                         0x0800145d   Thumb Code    24  stm32f10x_usart.o(.text)
    USART_ClockInit                          0x08001475   Thumb Code    34  stm32f10x_usart.o(.text)
    USART_ClockStructInit                    0x08001497   Thumb Code    12  stm32f10x_usart.o(.text)
    USART_Cmd                                0x080014a3   Thumb Code    24  stm32f10x_usart.o(.text)
    USART_ITConfig                           0x080014bb   Thumb Code    64  stm32f10x_usart.o(.text)
    USART_DMACmd                             0x080014fb   Thumb Code    18  stm32f10x_usart.o(.text)
    USART_SetAddress                         0x0800150d   Thumb Code    18  stm32f10x_usart.o(.text)
    USART_WakeUpConfig                       0x0800151f   Thumb Code    18  stm32f10x_usart.o(.text)
    USART_ReceiverWakeUpCmd                  0x08001531   Thumb Code    24  stm32f10x_usart.o(.text)
    USART_LINBreakDetectLengthConfig         0x08001549   Thumb Code    18  stm32f10x_usart.o(.text)
    USART_LINCmd                             0x0800155b   Thumb Code    24  stm32f10x_usart.o(.text)
    USART_SendData                           0x08001573   Thumb Code     8  stm32f10x_usart.o(.text)
    USART_ReceiveData                        0x0800157b   Thumb Code    10  stm32f10x_usart.o(.text)
    USART_SendBreak                          0x08001585   Thumb Code    10  stm32f10x_usart.o(.text)
    USART_SetGuardTime                       0x0800158f   Thumb Code    16  stm32f10x_usart.o(.text)
    USART_SetPrescaler                       0x0800159f   Thumb Code    16  stm32f10x_usart.o(.text)
    USART_SmartCardCmd                       0x080015af   Thumb Code    24  stm32f10x_usart.o(.text)
    USART_SmartCardNACKCmd                   0x080015c7   Thumb Code    24  stm32f10x_usart.o(.text)
    USART_HalfDuplexCmd                      0x080015df   Thumb Code    24  stm32f10x_usart.o(.text)
    USART_IrDAConfig                         0x080015f7   Thumb Code    18  stm32f10x_usart.o(.text)
    USART_IrDACmd                            0x08001609   Thumb Code    24  stm32f10x_usart.o(.text)
    USART_GetFlagStatus                      0x08001621   Thumb Code    18  stm32f10x_usart.o(.text)
    USART_ClearFlag                          0x08001633   Thumb Code     6  stm32f10x_usart.o(.text)
    USART_GetITStatus                        0x08001639   Thumb Code    76  stm32f10x_usart.o(.text)
    USART_ClearITPendingBit                  0x08001685   Thumb Code    20  stm32f10x_usart.o(.text)
    CAN_DeInit                               0x080016a5   Thumb Code    36  stm32f10x_can.o(.text)
    CAN_Init                                 0x080016c9   Thumb Code   276  stm32f10x_can.o(.text)
    CAN_FilterInit                           0x080017dd   Thumb Code   258  stm32f10x_can.o(.text)
    CAN_StructInit                           0x080018df   Thumb Code    32  stm32f10x_can.o(.text)
    CAN_ITConfig                             0x080018ff   Thumb Code    18  stm32f10x_can.o(.text)
    CAN_Transmit                             0x08001911   Thumb Code   294  stm32f10x_can.o(.text)
    CAN_TransmitStatus                       0x08001a37   Thumb Code   152  stm32f10x_can.o(.text)
    CAN_CancelTransmit                       0x08001acf   Thumb Code    48  stm32f10x_can.o(.text)
    CAN_FIFORelease                          0x08001aff   Thumb Code    14  stm32f10x_can.o(.text)
    CAN_MessagePending                       0x08001b0d   Thumb Code    30  stm32f10x_can.o(.text)
    CAN_Receive                              0x08001b2b   Thumb Code   234  stm32f10x_can.o(.text)
    CAN_DBGFreeze                            0x08001c15   Thumb Code    22  stm32f10x_can.o(.text)
    CAN_Sleep                                0x08001c2b   Thumb Code    30  stm32f10x_can.o(.text)
    CAN_WakeUp                               0x08001c49   Thumb Code    48  stm32f10x_can.o(.text)
    CAN_GetFlagStatus                        0x08001c79   Thumb Code    18  stm32f10x_can.o(.text)
    CAN_ClearFlag                            0x08001c8b   Thumb Code     8  stm32f10x_can.o(.text)
    CAN_GetITStatus                          0x08001ca3   Thumb Code   238  stm32f10x_can.o(.text)
    CAN_ClearITPendingBit                    0x08001d91   Thumb Code   166  stm32f10x_can.o(.text)
    NVIC_PriorityGroupConfig                 0x08001e39   Thumb Code    10  misc.o(.text)
    NVIC_Init                                0x08001e43   Thumb Code   102  misc.o(.text)
    NVIC_SetVectorTable                      0x08001ea9   Thumb Code    14  misc.o(.text)
    NVIC_SystemLPConfig                      0x08001eb7   Thumb Code    34  misc.o(.text)
    SysTick_CLKSourceConfig                  0x08001ed9   Thumb Code    40  misc.o(.text)
    SPI_I2S_DeInit                           0x08001f15   Thumb Code    88  stm32f10x_spi.o(.text)
    SPI_Init                                 0x08001f6d   Thumb Code    60  stm32f10x_spi.o(.text)
    I2S_Init                                 0x08001fa9   Thumb Code   210  stm32f10x_spi.o(.text)
    SPI_StructInit                           0x0800207b   Thumb Code    24  stm32f10x_spi.o(.text)
    I2S_StructInit                           0x08002093   Thumb Code    20  stm32f10x_spi.o(.text)
    SPI_Cmd                                  0x080020a7   Thumb Code    24  stm32f10x_spi.o(.text)
    I2S_Cmd                                  0x080020bf   Thumb Code    24  stm32f10x_spi.o(.text)
    SPI_I2S_ITConfig                         0x080020d7   Thumb Code    32  stm32f10x_spi.o(.text)
    SPI_I2S_DMACmd                           0x080020f7   Thumb Code    18  stm32f10x_spi.o(.text)
    SPI_I2S_SendData                         0x08002109   Thumb Code     4  stm32f10x_spi.o(.text)
    SPI_I2S_ReceiveData                      0x0800210d   Thumb Code     6  stm32f10x_spi.o(.text)
    SPI_NSSInternalSoftwareConfig            0x08002113   Thumb Code    30  stm32f10x_spi.o(.text)
    SPI_SSOutputCmd                          0x08002131   Thumb Code    24  stm32f10x_spi.o(.text)
    SPI_DataSizeConfig                       0x08002149   Thumb Code    18  stm32f10x_spi.o(.text)
    SPI_TransmitCRC                          0x0800215b   Thumb Code    10  stm32f10x_spi.o(.text)
    SPI_CalculateCRC                         0x08002165   Thumb Code    24  stm32f10x_spi.o(.text)
    SPI_GetCRC                               0x0800217d   Thumb Code    16  stm32f10x_spi.o(.text)
    SPI_GetCRCPolynomial                     0x0800218d   Thumb Code     6  stm32f10x_spi.o(.text)
    SPI_BiDirectionalLineConfig              0x08002193   Thumb Code    28  stm32f10x_spi.o(.text)
    SPI_I2S_GetFlagStatus                    0x080021af   Thumb Code    18  stm32f10x_spi.o(.text)
    SPI_I2S_ClearFlag                        0x080021c1   Thumb Code     6  stm32f10x_spi.o(.text)
    SPI_I2S_GetITStatus                      0x080021c7   Thumb Code    52  stm32f10x_spi.o(.text)
    SPI_I2S_ClearITPendingBit                0x080021fb   Thumb Code    20  stm32f10x_spi.o(.text)
    SystemInit                               0x080022f7   Thumb Code    68  system_stm32f10x.o(.text)
    pvPortMalloc                             0x08002377   Thumb Code   166  heap_2.o(.text)
    vPortFree                                0x0800241d   Thumb Code    56  heap_2.o(.text)
    xPortGetFreeHeapSize                     0x08002455   Thumb Code     6  heap_2.o(.text)
    vPortInitialiseBlocks                    0x0800245b   Thumb Code     2  heap_2.o(.text)
    vListInitialise                          0x08002471   Thumb Code    26  list.o(.text)
    vListInitialiseItem                      0x0800248b   Thumb Code     6  list.o(.text)
    vListInsertEnd                           0x08002491   Thumb Code    24  list.o(.text)
    vListInsert                              0x080024a9   Thumb Code    52  list.o(.text)
    uxListRemove                             0x080024dd   Thumb Code    40  list.o(.text)
    pxPortInitialiseStack                    0x0800251b   Thumb Code    30  port.o(.text)
    vPortSetupTimerInterrupt                 0x08002539   Thumb Code    14  port.o(.text)
    xPortStartScheduler                      0x08002547   Thumb Code    42  port.o(.text)
    vPortEndScheduler                        0x08002571   Thumb Code     2  port.o(.text)
    vPortEnterCritical                       0x08002573   Thumb Code    30  port.o(.text)
    vPortExitCritical                        0x08002591   Thumb Code    28  port.o(.text)
    xPortSysTickHandler                      0x080025ad   Thumb Code    48  port.o(.text)
    xTaskCreate                              0x08002749   Thumb Code    96  tasks.o(.text)
    vTaskDelete                              0x080027e5   Thumb Code   166  tasks.o(.text)
    xTaskIncrementTick                       0x0800288b   Thumb Code   238  tasks.o(.text)
    xTaskResumeAll                           0x08002979   Thumb Code   284  tasks.o(.text)
    vTaskSuspendAll                          0x08002b11   Thumb Code    12  tasks.o(.text)
    vTaskDelayUntil                          0x08002b1d   Thumb Code   106  tasks.o(.text)
    vTaskDelay                               0x08002b87   Thumb Code    46  tasks.o(.text)
    uxTaskPriorityGet                        0x08002bb5   Thumb Code    30  tasks.o(.text)
    uxTaskPriorityGetFromISR                 0x08002bd3   Thumb Code    52  tasks.o(.text)
    vTaskPrioritySet                         0x08002c07   Thumb Code   216  tasks.o(.text)
    vTaskSwitchContext                       0x08002cdf   Thumb Code    76  tasks.o(.text)
    vTaskSuspend                             0x08002d2b   Thumb Code   160  tasks.o(.text)
    vTaskResume                              0x08002e03   Thumb Code   170  tasks.o(.text)
    xTaskResumeFromISR                       0x08002ead   Thumb Code   130  tasks.o(.text)
    vTaskStartScheduler                      0x08002fa5   Thumb Code    72  tasks.o(.text)
    vTaskEndScheduler                        0x08002fed   Thumb Code    32  tasks.o(.text)
    xTaskGetTickCount                        0x0800300d   Thumb Code     6  tasks.o(.text)
    xTaskGetTickCountFromISR                 0x08003013   Thumb Code     8  tasks.o(.text)
    uxTaskGetNumberOfTasks                   0x0800301b   Thumb Code     6  tasks.o(.text)
    pcTaskGetName                            0x08003021   Thumb Code    20  tasks.o(.text)
    vTaskPlaceOnEventList                    0x08003035   Thumb Code    28  tasks.o(.text)
    vTaskPlaceOnUnorderedEventList           0x08003051   Thumb Code    40  tasks.o(.text)
    xTaskRemoveFromEventList                 0x08003079   Thumb Code   104  tasks.o(.text)
    xTaskRemoveFromUnorderedEventList        0x080030e1   Thumb Code    94  tasks.o(.text)
    vTaskSetTimeOutState                     0x0800313f   Thumb Code    14  tasks.o(.text)
    xTaskCheckForTimeOut                     0x0800314d   Thumb Code    84  tasks.o(.text)
    vTaskMissedYield                         0x080031a1   Thumb Code     8  tasks.o(.text)
    uxTaskResetEventItemValue                0x080031a9   Thumb Code    24  tasks.o(.text)
    ulTaskNotifyTake                         0x080031c1   Thumb Code   108  tasks.o(.text)
    xTaskNotifyWait                          0x0800322d   Thumb Code   226  tasks.o(.text)
    xTaskGenericNotify                       0x0800330f   Thumb Code   178  tasks.o(.text)
    xTaskGenericNotifyFromISR                0x080033c1   Thumb Code   228  tasks.o(.text)
    vTaskNotifyGiveFromISR                   0x080034a5   Thumb Code   154  tasks.o(.text)
    xTaskNotifyStateClear                    0x0800353f   Thumb Code    48  tasks.o(.text)
    __aeabi_memset                           0x0800358d   Thumb Code    14  memseta.o(.text)
    __aeabi_memset4                          0x0800358d   Thumb Code     0  memseta.o(.text)
    __aeabi_memset8                          0x0800358d   Thumb Code     0  memseta.o(.text)
    __aeabi_memclr                           0x0800359b   Thumb Code     4  memseta.o(.text)
    __aeabi_memclr4                          0x0800359b   Thumb Code     0  memseta.o(.text)
    __aeabi_memclr8                          0x0800359b   Thumb Code     0  memseta.o(.text)
    _memset$wrapper                          0x0800359f   Thumb Code    18  memseta.o(.text)
    strcat                                   0x080035b1   Thumb Code    24  strcat.o(.text)
    strcpy                                   0x080035c9   Thumb Code    18  strcpy.o(.text)
    __aeabi_fadd                             0x080035db   Thumb Code   164  fadd.o(.text)
    __aeabi_fsub                             0x0800367f   Thumb Code     6  fadd.o(.text)
    __aeabi_frsub                            0x08003685   Thumb Code     6  fadd.o(.text)
    __aeabi_f2d                              0x0800368b   Thumb Code    38  f2d.o(.text)
    __aeabi_cfcmpeq                          0x080036b1   Thumb Code     0  cfcmple.o(.text)
    __aeabi_cfcmple                          0x080036b1   Thumb Code    20  cfcmple.o(.text)
    __aeabi_cfrcmple                         0x080036c5   Thumb Code    20  cfrcmple.o(.text)
    __aeabi_uidiv                            0x080036d9   Thumb Code     0  uidiv.o(.text)
    __aeabi_uidivmod                         0x080036d9   Thumb Code    44  uidiv.o(.text)
    __aeabi_uldivmod                         0x08003705   Thumb Code    98  uldiv.o(.text)
    __I$use$fp                               0x08003767   Thumb Code     0  iusefp.o(.text)
    _float_round                             0x08003767   Thumb Code    18  fepilogue.o(.text)
    _float_epilogue                          0x08003779   Thumb Code    90  fepilogue.o(.text)
    __aeabi_dadd                             0x080037d3   Thumb Code   322  dadd.o(.text)
    __aeabi_dsub                             0x08003915   Thumb Code     6  dadd.o(.text)
    __aeabi_drsub                            0x0800391b   Thumb Code     6  dadd.o(.text)
    __aeabi_dmul                             0x08003921   Thumb Code   228  dmul.o(.text)
    __aeabi_ddiv                             0x08003a05   Thumb Code   222  ddiv.o(.text)
    __aeabi_d2ulz                            0x08003ae3   Thumb Code    48  dfixul.o(.text)
    __aeabi_cdrcmple                         0x08003b15   Thumb Code    38  cdrcmple.o(.text)
    __scatterload                            0x08003b3d   Thumb Code    28  init.o(.text)
    __scatterload_rt2                        0x08003b3d   Thumb Code     0  init.o(.text)
    __aeabi_llsl                             0x08003b61   Thumb Code    30  llshl.o(.text)
    _ll_shift_l                              0x08003b61   Thumb Code     0  llshl.o(.text)
    __aeabi_llsr                             0x08003b7f   Thumb Code    32  llushr.o(.text)
    _ll_ushift_r                             0x08003b7f   Thumb Code     0  llushr.o(.text)
    __aeabi_lasr                             0x08003b9f   Thumb Code    36  llsshr.o(.text)
    _ll_sshift_r                             0x08003b9f   Thumb Code     0  llsshr.o(.text)
    _double_round                            0x08003bc3   Thumb Code    26  depilogue.o(.text)
    _double_epilogue                         0x08003bdd   Thumb Code   164  depilogue.o(.text)
    __0sprintf                               0x08003c81   Thumb Code    34  printfa.o(i.__0sprintf)
    __1sprintf                               0x08003c81   Thumb Code     0  printfa.o(i.__0sprintf)
    __2sprintf                               0x08003c81   Thumb Code     0  printfa.o(i.__0sprintf)
    __c89sprintf                             0x08003c81   Thumb Code     0  printfa.o(i.__0sprintf)
    sprintf                                  0x08003c81   Thumb Code     0  printfa.o(i.__0sprintf)
    __scatterload_copy                       0x08003ca9   Thumb Code    14  handlers.o(i.__scatterload_copy)
    __scatterload_null                       0x08003cb7   Thumb Code     2  handlers.o(i.__scatterload_null)
    __scatterload_zeroinit                   0x08003cb9   Thumb Code    14  handlers.o(i.__scatterload_zeroinit)
    Region$$Table$$Base                      0x08004574   Number         0  anon$$obj.o(Region$$Table)
    Region$$Table$$Limit                     0x08004594   Number         0  anon$$obj.o(Region$$Table)
    UsartLcdTaskHandle                       0x20000000   Data           4  main.o(.data)
    UsartIrdaTaskHandle                      0x20000004   Data           4  main.o(.data)
    CanChargeTaskHandle                      0x20000008   Data           4  main.o(.data)
    TtlLcdTaskHandle                         0x2000000c   Data           4  main.o(.data)
    pxCurrentTCB                             0x20000040   Data           4  tasks.o(.data)
    __initial_sp                             0x20001960   Data           0  startup_stm32f10x_md.o(STACK)



==============================================================================

Memory Map of the image

  Image Entry point : 0x08000199

  Load Region LR_1 (Base: 0x08000000, Size: 0x00004610, Max: 0xffffffff, ABSOLUTE)

    Execution Region ER_RO (Base: 0x08000000, Size: 0x00004594, Max: 0xffffffff, ABSOLUTE)

    Base Addr    Size         Type   Attr      Idx    E Section Name        Object

    0x08000000   0x000000ec   Data   RO            3    RESET               startup_stm32f10x_md.o
    0x080000ec   0x00000000   Code   RO          544  * .ARM.Collect$$$$00000000  mc_w.l(entry.o)
    0x080000ec   0x00000004   Code   RO          826    .ARM.Collect$$$$00000001  mc_w.l(entry2.o)
    0x080000f0   0x00000004   Code   RO          829    .ARM.Collect$$$$00000004  mc_w.l(entry5.o)
    0x080000f4   0x00000000   Code   RO          831    .ARM.Collect$$$$00000008  mc_w.l(entry7b.o)
    0x080000f4   0x00000000   Code   RO          833    .ARM.Collect$$$$0000000A  mc_w.l(entry8b.o)
    0x080000f4   0x00000008   Code   RO          834    .ARM.Collect$$$$0000000B  mc_w.l(entry9a.o)
    0x080000fc   0x00000000   Code   RO          836    .ARM.Collect$$$$0000000D  mc_w.l(entry10a.o)
    0x080000fc   0x00000000   Code   RO          838    .ARM.Collect$$$$0000000F  mc_w.l(entry11a.o)
    0x080000fc   0x00000004   Code   RO          827    .ARM.Collect$$$$00002712  mc_w.l(entry2.o)
    0x08000100   0x00000096   Code   RO          450    .emb_text           port.o
    0x08000196   0x00000002   PAD
    0x08000198   0x0000001c   Code   RO            4  * .text               startup_stm32f10x_md.o
    0x080001b4   0x00000224   Code   RO           10    .text               main.o
    0x080003d8   0x00000014   Code   RO          123    .text               stm32f10x_it.o
    0x080003ec   0x00000188   Code   RO          160    .text               can.o
    0x08000574   0x00000038   Code   RO          179    .text               led.o
    0x080005ac   0x00000104   Code   RO          191    .text               key.o
    0x080006b0   0x000000ac   Code   RO          203    .text               spi.o
    0x0800075c   0x0000015c   Code   RO          215    .text               lcd.o
    0x080008b8   0x0000018c   Code   RO          231    .text               usart.o
    0x08000a44   0x00000054   Code   RO          243    .text               nvicconfig.o
    0x08000a98   0x000001d0   Code   RO          255    .text               ttllcd.o
    0x08000c68   0x0000032c   Code   RO          273    .text               stm32f10x_gpio.o
    0x08000f94   0x000003a0   Code   RO          285    .text               stm32f10x_rcc.o
    0x08001334   0x00000370   Code   RO          299    .text               stm32f10x_usart.o
    0x080016a4   0x00000792   Code   RO          311    .text               stm32f10x_can.o
    0x08001e36   0x00000002   PAD
    0x08001e38   0x000000dc   Code   RO          323    .text               misc.o
    0x08001f14   0x00000300   Code   RO          365    .text               stm32f10x_spi.o
    0x08002214   0x00000138   Code   RO          387    .text               system_stm32f10x.o
    0x0800234c   0x00000124   Code   RO          414    .text               heap_2.o
    0x08002470   0x00000094   Code   RO          438    .text               list.o
    0x08002504   0x000000e8   Code   RO          451    .text               port.o
    0x080025ec   0x00000fa0   Code   RO          507    .text               tasks.o
    0x0800358c   0x00000024   Code   RO          549    .text               mc_w.l(memseta.o)
    0x080035b0   0x00000018   Code   RO          551    .text               mc_w.l(strcat.o)
    0x080035c8   0x00000012   Code   RO          553    .text               mc_w.l(strcpy.o)
    0x080035da   0x000000b0   Code   RO          818    .text               mf_w.l(fadd.o)
    0x0800368a   0x00000026   Code   RO          820    .text               mf_w.l(f2d.o)
    0x080036b0   0x00000014   Code   RO          822    .text               mf_w.l(cfcmple.o)
    0x080036c4   0x00000014   Code   RO          824    .text               mf_w.l(cfrcmple.o)
    0x080036d8   0x0000002c   Code   RO          841    .text               mc_w.l(uidiv.o)
    0x08003704   0x00000062   Code   RO          843    .text               mc_w.l(uldiv.o)
    0x08003766   0x00000000   Code   RO          845    .text               mc_w.l(iusefp.o)
    0x08003766   0x0000006c   Code   RO          846    .text               mf_w.l(fepilogue.o)
    0x080037d2   0x0000014e   Code   RO          848    .text               mf_w.l(dadd.o)
    0x08003920   0x000000e4   Code   RO          850    .text               mf_w.l(dmul.o)
    0x08003a04   0x000000de   Code   RO          852    .text               mf_w.l(ddiv.o)
    0x08003ae2   0x00000030   Code   RO          854    .text               mf_w.l(dfixul.o)
    0x08003b12   0x00000002   PAD
    0x08003b14   0x00000028   Code   RO          856    .text               mf_w.l(cdrcmple.o)
    0x08003b3c   0x00000024   Code   RO          858    .text               mc_w.l(init.o)
    0x08003b60   0x0000001e   Code   RO          860    .text               mc_w.l(llshl.o)
    0x08003b7e   0x00000020   Code   RO          862    .text               mc_w.l(llushr.o)
    0x08003b9e   0x00000024   Code   RO          864    .text               mc_w.l(llsshr.o)
    0x08003bc2   0x000000be   Code   RO          866    .text               mf_w.l(depilogue.o)
    0x08003c80   0x00000028   Code   RO          792    i.__0sprintf        mc_w.l(printfa.o)
    0x08003ca8   0x0000000e   Code   RO          870    i.__scatterload_copy  mc_w.l(handlers.o)
    0x08003cb6   0x00000002   Code   RO          871    i.__scatterload_null  mc_w.l(handlers.o)
    0x08003cb8   0x0000000e   Code   RO          872    i.__scatterload_zeroinit  mc_w.l(handlers.o)
    0x08003cc6   0x00000002   PAD
    0x08003cc8   0x0000015c   Code   RO          797    i._fp_digits        mc_w.l(printfa.o)
    0x08003e24   0x000006f0   Code   RO          798    i._printf_core      mc_w.l(printfa.o)
    0x08004514   0x00000026   Code   RO          799    i._printf_post_padding  mc_w.l(printfa.o)
    0x0800453a   0x00000030   Code   RO          800    i._printf_pre_padding  mc_w.l(printfa.o)
    0x0800456a   0x0000000a   Code   RO          802    i._sputc            mc_w.l(printfa.o)
    0x08004574   0x00000020   Data   RO          868    Region$$Table       anon$$obj.o


    Execution Region ER_RW (Base: 0x20000000, Size: 0x0000007c, Max: 0xffffffff, ABSOLUTE)

    Base Addr    Size         Type   Attr      Idx    E Section Name        Object

    0x20000000   0x00000010   Data   RW           11    .data               main.o
    0x20000010   0x00000014   Data   RW          286    .data               stm32f10x_rcc.o
    0x20000024   0x00000018   Data   RW          416    .data               heap_2.o
    0x2000003c   0x00000004   Data   RW          452    .data               port.o
    0x20000040   0x0000003c   Data   RW          509    .data               tasks.o


    Execution Region ER_ZI (Base: 0x2000007c, Size: 0x000018e4, Max: 0xffffffff, ABSOLUTE)

    Base Addr    Size         Type   Attr      Idx    E Section Name        Object

    0x2000007c   0x00001400   Zero   RW          415    .bss                heap_2.o
    0x2000147c   0x000002e4   Zero   RW          508    .bss                tasks.o
    0x20001760   0x00000200   Zero   RW            1    STACK               startup_stm32f10x_md.o


==============================================================================

Image component sizes


      Code (inc. data)   RO Data    RW Data    ZI Data      Debug   Object Name

       392          8          0          0          0       1244   can.o
       292         20          0         24       5120       4252   heap_2.o
       260         14          0          0          0        775   key.o
       348         26          0          0          0       1706   lcd.o
        56          6          0          0          0        420   led.o
       148          0          0          0          0       1742   list.o
       548        168          0         16          0     249493   main.o
       220         20          0          0          0       1657   misc.o
        84          0          0          0          0        453   nvicconfig.o
       382         28          0          4          0       6604   port.o
       172         10          0          0          0        754   spi.o
        28          4        236          0        512        772   startup_stm32f10x_md.o
      1938         10          0          0          0       6756   stm32f10x_can.o
       812         18          0          0          0       5027   stm32f10x_gpio.o
        20          0          0          0          0        871   stm32f10x_it.o
       928         44          0         20          0       8624   stm32f10x_rcc.o
       768          6          0          0          0       6170   stm32f10x_spi.o
       880         12          0          0          0       7647   stm32f10x_usart.o
       312         18          0          0          0       1093   system_stm32f10x.o
      4000        260          0         60        740      25887   tasks.o
       464        212          0          0          0        647   ttllcd.o
       396         16          0          0          0       1665   usart.o

    ----------------------------------------------------------------------
     13452        900        268        124       6372     334259   Object Totals
         0          0         32          0          0          0   (incl. Generated)
         4          0          0          0          0          0   (incl. Padding)

    ----------------------------------------------------------------------

      Code (inc. data)   RO Data    RW Data    ZI Data      Debug   Library Member Name

         0          0          0          0          0          0   entry.o
         0          0          0          0          0          0   entry10a.o
         0          0          0          0          0          0   entry11a.o
         8          4          0          0          0          0   entry2.o
         4          0          0          0          0          0   entry5.o
         0          0          0          0          0          0   entry7b.o
         0          0          0          0          0          0   entry8b.o
         8          4          0          0          0          0   entry9a.o
        30          0          0          0          0          0   handlers.o
        36          8          0          0          0         68   init.o
         0          0          0          0          0          0   iusefp.o
        30          0          0          0          0         68   llshl.o
        36          0          0          0          0         68   llsshr.o
        32          0          0          0          0         68   llushr.o
        36          0          0          0          0        108   memseta.o
      2260         86          0          0          0        512   printfa.o
        24          0          0          0          0         68   strcat.o
        18          0          0          0          0         68   strcpy.o
        44          0          0          0          0         80   uidiv.o
        98          0          0          0          0         92   uldiv.o
        40          2          0          0          0         68   cdrcmple.o
        20          0          0          0          0         68   cfcmple.o
        20          0          0          0          0         68   cfrcmple.o
       334          0          0          0          0        144   dadd.o
       222          0          0          0          0        100   ddiv.o
       190          0          0          0          0        176   depilogue.o
        48          0          0          0          0         68   dfixul.o
       228          0          0          0          0         92   dmul.o
        38          0          0          0          0         68   f2d.o
       176          0          0          0          0        140   fadd.o
       108          0          0          0          0        168   fepilogue.o

    ----------------------------------------------------------------------
      4092        104          0          0          0       2360   Library Totals
         4          0          0          0          0          0   (incl. Padding)

    ----------------------------------------------------------------------

      Code (inc. data)   RO Data    RW Data    ZI Data      Debug   Library Name

      2664        102          0          0          0       1200   mc_w.l
      1424          2          0          0          0       1160   mf_w.l

    ----------------------------------------------------------------------
      4092        104          0          0          0       2360   Library Totals

    ----------------------------------------------------------------------

==============================================================================


      Code (inc. data)   RO Data    RW Data    ZI Data      Debug   

     17544       1004        268        124       6372     333343   Grand Totals
     17544       1004        268        124       6372     333343   ELF Image Totals
     17544       1004        268        124          0          0   ROM Totals

==============================================================================

    Total RO  Size (Code + RO Data)                17812 (  17.39kB)
    Total RW  Size (RW Data + ZI Data)              6496 (   6.34kB)
    Total ROM Size (Code + RO Data + RW Data)      17936 (  17.52kB)

==============================================================================

